
*** serverust-core/src/app.rs:96:9: replace App::openapi_info -> Self with Default::default()

*** mutation diff:
--- serverust-core/src/app.rs
+++ replace App::openapi_info -> Self with Default::default()
@@ -88,18 +88,17 @@
             redoc_path: "/redoc",
             interceptors: Vec::new(),
             event_registries: HashMap::new(),
         }
     }
 
     /// Customiza `title` e `version` do documento OpenAPI gerado.
     pub fn openapi_info(mut self, title: impl Into<String>, version: impl Into<String>) -> Self {
-        self.openapi.set_info(title, version);
-        self
+        Default::default() /* ~ changed by cargo-mutants ~ */
     }
 
     /// Registra um schema `T: ToSchema` em `components.schemas` do OpenAPI.
     pub fn register_schema<T: ToSchema + PartialSchema>(mut self) -> Self {
         self.openapi.register_schema::<T>();
         self
     }
 


*** /home/jaime/.rustup/toolchains/1.94.1-x86_64-unknown-linux-gnu/bin/cargo check --tests --verbose --package=serverust-core@0.4.0
       Fresh unicode-ident v1.0.24
       Fresh stable_deref_trait v1.2.1
       Fresh itoa v1.0.18
       Fresh proc-macro2 v1.0.106
       Fresh version_check v0.9.5
       Fresh pin-project-lite v0.2.17
       Fresh writeable v0.6.3
       Fresh futures-core v0.3.32
       Fresh litemap v0.8.2
       Fresh smallvec v1.15.1
       Fresh bytes v1.11.1
       Fresh utf8_iter v1.0.4
       Fresh quote v1.0.45
       Fresh serde_core v1.0.228
       Fresh libc v0.2.186
       Fresh http v1.4.0
       Fresh fnv v1.0.7
       Fresh strsim v0.11.1
       Fresh hashbrown v0.17.1
       Fresh equivalent v1.0.2
       Fresh percent-encoding v2.3.2
       Fresh ident_case v1.0.1
       Fresh syn v2.0.117
       Fresh mio v1.2.0
       Fresh icu_normalizer_data v2.2.0
       Fresh socket2 v0.6.3
       Fresh icu_properties_data v2.2.0
       Fresh http-body v1.0.1
       Fresh zmij v1.0.21
       Fresh indexmap v2.14.0
       Fresh form_urlencoded v1.2.2
       Fresh tracing-core v0.1.36
       Fresh tower-service v0.3.3
       Fresh log v0.4.29
       Fresh synstructure v0.13.2
       Fresh zerovec-derive v0.11.3
       Fresh displaydoc v0.2.5
       Fresh serde_derive v1.0.228
       Fresh tokio-macros v2.7.0
       Fresh darling_core v0.20.11
       Fresh memchr v2.8.0
    Checking tracing v0.1.44
       Fresh httparse v1.10.1
       Fresh proc-macro2-diagnostics v0.10.1
       Fresh proc-macro-error-attr2 v2.0.0
       Fresh futures-channel v0.3.32
       Fresh winnow v0.7.15
       Fresh sync_wrapper v1.0.2
       Fresh futures-task v0.3.32
       Fresh zerofrom-derive v0.1.7
       Fresh yoke-derive v0.8.2
       Fresh serde v1.0.228
    Checking tokio v1.52.3
       Fresh darling_macro v0.20.11
       Fresh serde_json v1.0.149
       Fresh regex-syntax v0.8.10
       Fresh toml_write v0.1.2
       Fresh atomic-waker v1.1.2
    Checking slab v0.4.12
       Fresh tower-layer v0.3.3
       Fresh httpdate v1.0.3
       Fresh cfg-if v1.0.4
       Fresh proc-macro-error2 v2.0.1
       Fresh pear_codegen v0.2.9
     Running `sccache /home/jaime/.rustup/toolchains/1.94.1-x86_64-unknown-linux-gnu/bin/rustc --crate-name tracing --edition=2018 /home/jaime/.cargo/registry/src/index.crates.io-1949cf8c6b5b557f/tracing-0.1.44/src/lib.rs --error-format=json --json=diagnostic-rendered-ansi,artifacts,future-incompat --crate-type lib --emit=dep-info,metadata -C embed-bitcode=no --warn=unexpected_cfgs --check-cfg 'cfg(flaky_tests)' --check-cfg 'cfg(tracing_unstable)' --check-cfg 'cfg(unsound_local_offset)' --cfg 'feature="log"' --cfg 'feature="std"' --check-cfg 'cfg(docsrs,test)' --check-cfg 'cfg(feature, values("async-await", "attributes", "default", "log", "log-always", "max_level_debug", "max_level_error", "max_level_info", "max_level_off", "max_level_trace", "max_level_warn", "release_max_level_debug", "release_max_level_error", "release_max_level_info", "release_max_level_off", "release_max_level_trace", "release_max_level_warn", "std", "tracing-attributes", "valuable"))' -C metadata=9b99660bd480ad5e -C extra-filename=-8d90aa297f7cb9f3 --out-dir /mnt/xs1000/me/serverust/target/debug/deps -C strip=debuginfo -L dependency=/mnt/xs1000/me/serverust/target/debug/deps --extern log=/mnt/xs1000/me/serverust/target/debug/deps/liblog-d71811af2f00eb97.rmeta --extern pin_project_lite=/mnt/xs1000/me/serverust/target/debug/deps/libpin_project_lite-270bed2e66c54b93.rmeta --extern tracing_core=/mnt/xs1000/me/serverust/target/debug/deps/libtracing_core-9919e2dae7caee41.rmeta --cap-lints allow --cap-lints=warn`
     Running `sccache /home/jaime/.rustup/toolchains/1.94.1-x86_64-unknown-linux-gnu/bin/rustc --crate-name tokio --edition=2021 /home/jaime/.cargo/registry/src/index.crates.io-1949cf8c6b5b557f/tokio-1.52.3/src/lib.rs --error-format=json --json=diagnostic-rendered-ansi,artifacts,future-incompat --crate-type lib --emit=dep-info,metadata -C embed-bitcode=no --warn=unexpected_cfgs --check-cfg 'cfg(fuzzing)' --check-cfg 'cfg(loom)' --check-cfg 'cfg(mio_unsupported_force_poll_poll)' --check-cfg 'cfg(tokio_allow_from_blocking_fd)' --check-cfg 'cfg(tokio_internal_mt_counters)' --check-cfg 'cfg(tokio_no_parking_lot)' --check-cfg 'cfg(tokio_no_tuning_tests)' --check-cfg 'cfg(tokio_unstable)' --check-cfg 'cfg(target_os, values("cygwin"))' --cfg 'feature="default"' --cfg 'feature="libc"' --cfg 'feature="macros"' --cfg 'feature="mio"' --cfg 'feature="net"' --cfg 'feature="rt"' --cfg 'feature="rt-multi-thread"' --cfg 'feature="socket2"' --cfg 'feature="sync"' --cfg 'feature="time"' --cfg 'feature="tokio-macros"' --check-cfg 'cfg(docsrs,test)' --check-cfg 'cfg(feature, values("bytes", "default", "fs", "full", "io-std", "io-uring", "io-util", "libc", "macros", "mio", "net", "parking_lot", "process", "rt", "rt-multi-thread", "signal", "signal-hook-registry", "socket2", "sync", "taskdump", "test-util", "time", "tokio-macros", "tracing", "windows-sys"))' -C metadata=24d24ee36f87ceb7 -C extra-filename=-029fd4fb2b5a88af --out-dir /mnt/xs1000/me/serverust/target/debug/deps -C strip=debuginfo -L dependency=/mnt/xs1000/me/serverust/target/debug/deps --extern libc=/mnt/xs1000/me/serverust/target/debug/deps/liblibc-579d2338c093c9bb.rmeta --extern mio=/mnt/xs1000/me/serverust/target/debug/deps/libmio-b2f04d14ca53fb48.rmeta --extern pin_project_lite=/mnt/xs1000/me/serverust/target/debug/deps/libpin_project_lite-270bed2e66c54b93.rmeta --extern socket2=/mnt/xs1000/me/serverust/target/debug/deps/libsocket2-71779733c7ac054e.rmeta --extern tokio_macros=/mnt/xs1000/me/serverust/target/debug/deps/libtokio_macros-b3e053a979cc7b34.so --cap-lints allow --cap-lints=warn`
     Running `sccache /home/jaime/.rustup/toolchains/1.94.1-x86_64-unknown-linux-gnu/bin/rustc --crate-name slab --edition=2018 /home/jaime/.cargo/registry/src/index.crates.io-1949cf8c6b5b557f/slab-0.4.12/src/lib.rs --error-format=json --json=diagnostic-rendered-ansi,artifacts,future-incompat --crate-type lib --emit=dep-info,metadata -C embed-bitcode=no --check-cfg 'cfg(docsrs,test)' --check-cfg 'cfg(feature, values("default", "serde", "std"))' -C metadata=a12b85e370a072d9 -C extra-filename=-83b2388ffd3d2e70 --out-dir /mnt/xs1000/me/serverust/target/debug/deps -C strip=debuginfo -L dependency=/mnt/xs1000/me/serverust/target/debug/deps --cap-lints allow --cap-lints=warn`
       Fresh zerofrom v0.1.8
       Fresh serde_spanned v0.6.9
       Fresh toml_datetime v0.6.11
       Fresh darling v0.20.11
       Fresh getrandom v0.4.2
       Fresh regex-automata v0.4.14
       Fresh http-body-util v0.1.3
       Fresh ryu v1.0.23
       Fresh once_cell v1.21.4
       Fresh yansi v1.0.1
       Fresh inlinable_string v0.1.15
       Fresh mime v0.3.17
       Fresh yoke v0.8.2
       Fresh toml_edit v0.22.27
       Fresh serde_urlencoded v0.7.1
       Fresh regex v1.12.3
       Fresh validator_derive v0.20.0
       Fresh pear v0.2.9
       Fresh uncased v0.9.10
       Fresh utoipa-gen v5.5.0
       Fresh serde_path_to_error v0.1.20
       Fresh linux-raw-sys v0.12.1
       Fresh matchit v0.8.4
       Fresh bitflags v2.11.1
       Fresh zerovec v0.11.6
       Fresh zerotrie v0.2.4
       Fresh toml v0.8.23
       Fresh utoipa v5.5.0
       Fresh rustix v1.1.4
       Fresh uuid v1.23.1
       Fresh fastrand v2.4.1
       Fresh serverust-macros v0.4.0 (/mnt/xs1000/me/serverust/serverust-macros)
       Fresh tinystr v0.8.3
       Fresh potential_utf v0.1.5
       Fresh figment v0.10.19
       Fresh tempfile v3.27.0
       Fresh icu_locale_core v2.2.0
       Fresh icu_collections v2.2.0
       Fresh icu_provider v2.2.0
       Fresh icu_normalizer v2.2.0
       Fresh icu_properties v2.2.0
       Fresh idna_adapter v1.2.2
       Fresh idna v1.1.0
       Fresh url v2.5.8
       Fresh validator v0.20.0
    Checking futures-util v0.3.32
     Running `sccache /home/jaime/.rustup/toolchains/1.94.1-x86_64-unknown-linux-gnu/bin/rustc --crate-name futures_util --edition=2018 /home/jaime/.cargo/registry/src/index.crates.io-1949cf8c6b5b557f/futures-util-0.3.32/src/lib.rs --error-format=json --json=diagnostic-rendered-ansi,artifacts,future-incompat --crate-type lib --emit=dep-info,metadata -C embed-bitcode=no --warn=unreachable_pub --warn=unexpected_cfgs --warn=single_use_lifetimes --warn=rust_2018_idioms --warn=missing_debug_implementations --check-cfg 'cfg(futures_sanitizer)' --cfg 'feature="alloc"' --cfg 'feature="slab"' --check-cfg 'cfg(docsrs,test)' --check-cfg 'cfg(feature, values("alloc", "async-await", "async-await-macro", "bilock", "cfg-target-has-atomic", "channel", "compat", "default", "futures-channel", "futures-io", "futures-macro", "futures-sink", "futures_01", "io", "io-compat", "libc", "memchr", "portable-atomic", "sink", "slab", "spin", "std", "tokio-io", "unstable", "write-all-vectored"))' -C metadata=644e98fbc5a8016c -C extra-filename=-00cc18fd06cd9a54 --out-dir /mnt/xs1000/me/serverust/target/debug/deps -C strip=debuginfo -L dependency=/mnt/xs1000/me/serverust/target/debug/deps --extern futures_core=/mnt/xs1000/me/serverust/target/debug/deps/libfutures_core-9691945b461181f0.rmeta --extern futures_task=/mnt/xs1000/me/serverust/target/debug/deps/libfutures_task-fb1a676a59df2ac2.rmeta --extern pin_project_lite=/mnt/xs1000/me/serverust/target/debug/deps/libpin_project_lite-270bed2e66c54b93.rmeta --extern slab=/mnt/xs1000/me/serverust/target/debug/deps/libslab-83b2388ffd3d2e70.rmeta --cap-lints allow --cap-lints=warn`
    Checking axum-core v0.5.6
     Running `sccache /home/jaime/.rustup/toolchains/1.94.1-x86_64-unknown-linux-gnu/bin/rustc --crate-name axum_core --edition=2021 /home/jaime/.cargo/registry/src/index.crates.io-1949cf8c6b5b557f/axum-core-0.5.6/src/lib.rs --error-format=json --json=diagnostic-rendered-ansi,artifacts,future-incompat --crate-type lib --emit=dep-info,metadata -C embed-bitcode=no --warn=rust_2018_idioms '--warn=clippy::verbose_file_reads' '--warn=clippy::use_self' '--warn=clippy::unused_self' --forbid=unsafe_code --warn=unreachable_pub '--warn=clippy::unnested_or_patterns' '--warn=clippy::uninlined_format_args' '--allow=clippy::type_complexity' '--warn=clippy::trivially_copy_pass_by_ref' '--warn=clippy::todo' '--warn=clippy::suboptimal_flops' '--warn=clippy::str_to_string' '--warn=clippy::single_match_else' '--warn=clippy::return_self_not_must_use' '--warn=clippy::rest_pat_in_fully_bound_structs' '--warn=clippy::ref_option' '--warn=clippy::redundant_clone' '--warn=clippy::option_option' '--warn=clippy::needless_pass_by_value' '--warn=clippy::needless_pass_by_ref_mut' '--warn=clippy::needless_continue' '--warn=clippy::needless_borrow' '--warn=clippy::must_use_candidate' --warn=missing_docs --warn=missing_debug_implementations '--warn=clippy::mem_forget' '--warn=clippy::match_wildcard_for_single_variants' '--warn=clippy::match_same_arms' '--warn=clippy::manual_let_else' '--warn=clippy::macro_use_imports' '--warn=clippy::lossy_float_literal' '--warn=clippy::linkedlist' '--warn=clippy::inefficient_to_string' '--warn=clippy::imprecise_flops' '--warn=clippy::implicit_clone' '--warn=clippy::if_let_mutex' '--warn=clippy::fn_params_excessive_bools' '--warn=clippy::filter_map_next' '--warn=clippy::exit' '--warn=clippy::equatable_if_let' '--warn=clippy::enum_glob_use' '--warn=clippy::empty_enum' '--warn=clippy::dbg_macro' '--warn=clippy::await_holding_lock' --cfg 'feature="tracing"' --check-cfg 'cfg(docsrs,test)' --check-cfg 'cfg(feature, values("__private_docs", "tracing"))' -C metadata=8a119240f5c66729 -C extra-filename=-0ecd4487507f1ea8 --out-dir /mnt/xs1000/me/serverust/target/debug/deps -C strip=debuginfo -L dependency=/mnt/xs1000/me/serverust/target/debug/deps --extern bytes=/mnt/xs1000/me/serverust/target/debug/deps/libbytes-24b2c1ac915ba1ec.rmeta --extern futures_core=/mnt/xs1000/me/serverust/target/debug/deps/libfutures_core-9691945b461181f0.rmeta --extern http=/mnt/xs1000/me/serverust/target/debug/deps/libhttp-db293744f4dc6c64.rmeta --extern http_body=/mnt/xs1000/me/serverust/target/debug/deps/libhttp_body-a1cc7a15d284ca42.rmeta --extern http_body_util=/mnt/xs1000/me/serverust/target/debug/deps/libhttp_body_util-8abe2c634d282bae.rmeta --extern mime=/mnt/xs1000/me/serverust/target/debug/deps/libmime-9494e4c37890bfcb.rmeta --extern pin_project_lite=/mnt/xs1000/me/serverust/target/debug/deps/libpin_project_lite-270bed2e66c54b93.rmeta --extern sync_wrapper=/mnt/xs1000/me/serverust/target/debug/deps/libsync_wrapper-241d868861889735.rmeta --extern tower_layer=/mnt/xs1000/me/serverust/target/debug/deps/libtower_layer-c5aad0782f0ddca7.rmeta --extern tower_service=/mnt/xs1000/me/serverust/target/debug/deps/libtower_service-f18b6da5e1f58253.rmeta --extern tracing=/mnt/xs1000/me/serverust/target/debug/deps/libtracing-8d90aa297f7cb9f3.rmeta --cap-lints allow --cap-lints=warn`
    Checking hyper v1.9.0
    Checking tower v0.5.3
     Running `sccache /home/jaime/.rustup/toolchains/1.94.1-x86_64-unknown-linux-gnu/bin/rustc --crate-name hyper --edition=2021 /home/jaime/.cargo/registry/src/index.crates.io-1949cf8c6b5b557f/hyper-1.9.0/src/lib.rs --error-format=json --json=diagnostic-rendered-ansi,artifacts,future-incompat --crate-type lib --emit=dep-info,metadata -C embed-bitcode=no --warn=unexpected_cfgs --check-cfg 'cfg(hyper_unstable_tracing)' --check-cfg 'cfg(hyper_unstable_ffi)' --cfg 'feature="default"' --cfg 'feature="http1"' --cfg 'feature="server"' --check-cfg 'cfg(docsrs,test)' --check-cfg 'cfg(feature, values("capi", "client", "default", "ffi", "full", "http1", "http2", "nightly", "server", "tracing"))' -C metadata=425cfd8cd1b4f8b7 -C extra-filename=-f21afa8b8c6deadd --out-dir /mnt/xs1000/me/serverust/target/debug/deps -C strip=debuginfo -L dependency=/mnt/xs1000/me/serverust/target/debug/deps --extern atomic_waker=/mnt/xs1000/me/serverust/target/debug/deps/libatomic_waker-c9aabcc4f4709694.rmeta --extern bytes=/mnt/xs1000/me/serverust/target/debug/deps/libbytes-24b2c1ac915ba1ec.rmeta --extern futures_channel=/mnt/xs1000/me/serverust/target/debug/deps/libfutures_channel-0290ef64089da5a8.rmeta --extern futures_core=/mnt/xs1000/me/serverust/target/debug/deps/libfutures_core-9691945b461181f0.rmeta --extern http=/mnt/xs1000/me/serverust/target/debug/deps/libhttp-db293744f4dc6c64.rmeta --extern http_body=/mnt/xs1000/me/serverust/target/debug/deps/libhttp_body-a1cc7a15d284ca42.rmeta --extern httparse=/mnt/xs1000/me/serverust/target/debug/deps/libhttparse-ec9f14510b5d6050.rmeta --extern httpdate=/mnt/xs1000/me/serverust/target/debug/deps/libhttpdate-7b1ffd094cee67c1.rmeta --extern itoa=/mnt/xs1000/me/serverust/target/debug/deps/libitoa-ba4f614c051d110c.rmeta --extern pin_project_lite=/mnt/xs1000/me/serverust/target/debug/deps/libpin_project_lite-270bed2e66c54b93.rmeta --extern smallvec=/mnt/xs1000/me/serverust/target/debug/deps/libsmallvec-5b4f34ff53eb294a.rmeta --extern tokio=/mnt/xs1000/me/serverust/target/debug/deps/libtokio-029fd4fb2b5a88af.rmeta --cap-lints allow --cap-lints=warn`
     Running `sccache /home/jaime/.rustup/toolchains/1.94.1-x86_64-unknown-linux-gnu/bin/rustc --crate-name tower --edition=2018 /home/jaime/.cargo/registry/src/index.crates.io-1949cf8c6b5b557f/tower-0.5.3/src/lib.rs --error-format=json --json=diagnostic-rendered-ansi,artifacts,future-incompat --crate-type lib --emit=dep-info,metadata -C embed-bitcode=no --cfg 'feature="futures-core"' --cfg 'feature="futures-util"' --cfg 'feature="log"' --cfg 'feature="make"' --cfg 'feature="pin-project-lite"' --cfg 'feature="sync_wrapper"' --cfg 'feature="tokio"' --cfg 'feature="tracing"' --cfg 'feature="util"' --check-cfg 'cfg(docsrs,test)' --check-cfg 'cfg(feature, values("balance", "buffer", "discover", "filter", "full", "futures-core", "futures-util", "hdrhistogram", "hedge", "indexmap", "limit", "load", "load-shed", "log", "make", "pin-project-lite", "ready-cache", "reconnect", "retry", "slab", "spawn-ready", "steer", "sync_wrapper", "timeout", "tokio", "tokio-stream", "tokio-util", "tracing", "util"))' -C metadata=db0c509ce7bfde59 -C extra-filename=-528c54037cafdf16 --out-dir /mnt/xs1000/me/serverust/target/debug/deps -C strip=debuginfo -L dependency=/mnt/xs1000/me/serverust/target/debug/deps --extern futures_core=/mnt/xs1000/me/serverust/target/debug/deps/libfutures_core-9691945b461181f0.rmeta --extern futures_util=/mnt/xs1000/me/serverust/target/debug/deps/libfutures_util-00cc18fd06cd9a54.rmeta --extern pin_project_lite=/mnt/xs1000/me/serverust/target/debug/deps/libpin_project_lite-270bed2e66c54b93.rmeta --extern sync_wrapper=/mnt/xs1000/me/serverust/target/debug/deps/libsync_wrapper-241d868861889735.rmeta --extern tokio=/mnt/xs1000/me/serverust/target/debug/deps/libtokio-029fd4fb2b5a88af.rmeta --extern tower_layer=/mnt/xs1000/me/serverust/target/debug/deps/libtower_layer-c5aad0782f0ddca7.rmeta --extern tower_service=/mnt/xs1000/me/serverust/target/debug/deps/libtower_service-f18b6da5e1f58253.rmeta --extern tracing=/mnt/xs1000/me/serverust/target/debug/deps/libtracing-8d90aa297f7cb9f3.rmeta --cap-lints allow --cap-lints=warn`
    Checking hyper-util v0.1.20
     Running `sccache /home/jaime/.rustup/toolchains/1.94.1-x86_64-unknown-linux-gnu/bin/rustc --crate-name hyper_util --edition=2021 /home/jaime/.cargo/registry/src/index.crates.io-1949cf8c6b5b557f/hyper-util-0.1.20/src/lib.rs --error-format=json --json=diagnostic-rendered-ansi,artifacts,future-incompat --crate-type lib --emit=dep-info,metadata -C embed-bitcode=no --cfg 'feature="default"' --cfg 'feature="http1"' --cfg 'feature="server"' --cfg 'feature="service"' --cfg 'feature="tokio"' --check-cfg 'cfg(docsrs,test)' --check-cfg 'cfg(feature, values("__internal_happy_eyeballs_tests", "client", "client-legacy", "client-pool", "client-proxy", "client-proxy-system", "default", "full", "http1", "http2", "server", "server-auto", "server-graceful", "service", "tokio", "tracing"))' -C metadata=2ee17ec0478284b4 -C extra-filename=-0d3d95121dbe02f1 --out-dir /mnt/xs1000/me/serverust/target/debug/deps -C strip=debuginfo -L dependency=/mnt/xs1000/me/serverust/target/debug/deps --extern bytes=/mnt/xs1000/me/serverust/target/debug/deps/libbytes-24b2c1ac915ba1ec.rmeta --extern http=/mnt/xs1000/me/serverust/target/debug/deps/libhttp-db293744f4dc6c64.rmeta --extern http_body=/mnt/xs1000/me/serverust/target/debug/deps/libhttp_body-a1cc7a15d284ca42.rmeta --extern hyper=/mnt/xs1000/me/serverust/target/debug/deps/libhyper-f21afa8b8c6deadd.rmeta --extern pin_project_lite=/mnt/xs1000/me/serverust/target/debug/deps/libpin_project_lite-270bed2e66c54b93.rmeta --extern tokio=/mnt/xs1000/me/serverust/target/debug/deps/libtokio-029fd4fb2b5a88af.rmeta --extern tower_service=/mnt/xs1000/me/serverust/target/debug/deps/libtower_service-f18b6da5e1f58253.rmeta --cap-lints allow --cap-lints=warn`
    Checking axum v0.8.9
     Running `sccache /home/jaime/.rustup/toolchains/1.94.1-x86_64-unknown-linux-gnu/bin/rustc --crate-name axum --edition=2021 /home/jaime/.cargo/registry/src/index.crates.io-1949cf8c6b5b557f/axum-0.8.9/src/lib.rs --error-format=json --json=diagnostic-rendered-ansi,artifacts,future-incompat --crate-type lib --emit=dep-info,metadata -C embed-bitcode=no --warn=rust_2018_idioms '--warn=clippy::verbose_file_reads' '--warn=clippy::unused_self' --forbid=unsafe_code --warn=unreachable_pub '--warn=clippy::unnested_or_patterns' '--warn=clippy::uninlined_format_args' '--allow=clippy::type_complexity' '--warn=clippy::todo' '--warn=clippy::suboptimal_flops' '--warn=clippy::str_to_string' '--warn=clippy::return_self_not_must_use' '--warn=clippy::rest_pat_in_fully_bound_structs' '--warn=clippy::option_option' '--warn=clippy::needless_continue' '--warn=clippy::needless_borrow' '--warn=clippy::must_use_candidate' --warn=missing_docs --warn=missing_debug_implementations '--warn=clippy::mem_forget' '--warn=clippy::match_wildcard_for_single_variants' '--warn=clippy::macro_use_imports' '--warn=clippy::lossy_float_literal' '--warn=clippy::linkedlist' '--warn=clippy::inefficient_to_string' '--warn=clippy::imprecise_flops' '--warn=clippy::if_let_mutex' '--warn=clippy::fn_params_excessive_bools' '--warn=clippy::filter_map_next' '--warn=clippy::exit' '--warn=clippy::enum_glob_use' '--warn=clippy::empty_enums' '--warn=clippy::dbg_macro' '--warn=clippy::await_holding_lock' --cfg 'feature="default"' --cfg 'feature="form"' --cfg 'feature="http1"' --cfg 'feature="json"' --cfg 'feature="matched-path"' --cfg 'feature="original-uri"' --cfg 'feature="query"' --cfg 'feature="tokio"' --cfg 'feature="tower-log"' --cfg 'feature="tracing"' --check-cfg 'cfg(docsrs,test)' --check-cfg 'cfg(feature, values("__private", "__private_docs", "default", "form", "http1", "http2", "json", "macros", "matched-path", "multipart", "original-uri", "query", "tokio", "tower-log", "tracing", "ws"))' -C metadata=9b67fbee1c0a713d -C extra-filename=-05f23b088e6464f3 --out-dir /mnt/xs1000/me/serverust/target/debug/deps -C strip=debuginfo -L dependency=/mnt/xs1000/me/serverust/target/debug/deps --extern axum_core=/mnt/xs1000/me/serverust/target/debug/deps/libaxum_core-0ecd4487507f1ea8.rmeta --extern bytes=/mnt/xs1000/me/serverust/target/debug/deps/libbytes-24b2c1ac915ba1ec.rmeta --extern form_urlencoded=/mnt/xs1000/me/serverust/target/debug/deps/libform_urlencoded-6781fc833d966e8c.rmeta --extern futures_util=/mnt/xs1000/me/serverust/target/debug/deps/libfutures_util-00cc18fd06cd9a54.rmeta --extern http=/mnt/xs1000/me/serverust/target/debug/deps/libhttp-db293744f4dc6c64.rmeta --extern http_body=/mnt/xs1000/me/serverust/target/debug/deps/libhttp_body-a1cc7a15d284ca42.rmeta --extern http_body_util=/mnt/xs1000/me/serverust/target/debug/deps/libhttp_body_util-8abe2c634d282bae.rmeta --extern hyper=/mnt/xs1000/me/serverust/target/debug/deps/libhyper-f21afa8b8c6deadd.rmeta --extern hyper_util=/mnt/xs1000/me/serverust/target/debug/deps/libhyper_util-0d3d95121dbe02f1.rmeta --extern itoa=/mnt/xs1000/me/serverust/target/debug/deps/libitoa-ba4f614c051d110c.rmeta --extern matchit=/mnt/xs1000/me/serverust/target/debug/deps/libmatchit-01425dc4aeb784c0.rmeta --extern memchr=/mnt/xs1000/me/serverust/target/debug/deps/libmemchr-e7f9207181e8f306.rmeta --extern mime=/mnt/xs1000/me/serverust/target/debug/deps/libmime-9494e4c37890bfcb.rmeta --extern percent_encoding=/mnt/xs1000/me/serverust/target/debug/deps/libpercent_encoding-09d59d0f8abf79bd.rmeta --extern pin_project_lite=/mnt/xs1000/me/serverust/target/debug/deps/libpin_project_lite-270bed2e66c54b93.rmeta --extern serde_core=/mnt/xs1000/me/serverust/target/debug/deps/libserde_core-bf721b50bbcace93.rmeta --extern serde_json=/mnt/xs1000/me/serverust/target/debug/deps/libserde_json-160c3deb79b518a0.rmeta --extern serde_path_to_error=/mnt/xs1000/me/serverust/target/debug/deps/libserde_path_to_error-feefe022e5079680.rmeta --extern serde_urlencoded=/mnt/xs1000/me/serverust/target/debug/deps/libserde_urlencoded-98e14d8869f89ded.rmeta --extern sync_wrapper=/mnt/xs1000/me/serverust/target/debug/deps/libsync_wrapper-241d868861889735.rmeta --extern tokio=/mnt/xs1000/me/serverust/target/debug/deps/libtokio-029fd4fb2b5a88af.rmeta --extern tower=/mnt/xs1000/me/serverust/target/debug/deps/libtower-528c54037cafdf16.rmeta --extern tower_layer=/mnt/xs1000/me/serverust/target/debug/deps/libtower_layer-c5aad0782f0ddca7.rmeta --extern tower_service=/mnt/xs1000/me/serverust/target/debug/deps/libtower_service-f18b6da5e1f58253.rmeta --extern tracing=/mnt/xs1000/me/serverust/target/debug/deps/libtracing-8d90aa297f7cb9f3.rmeta --cap-lints allow --cap-lints=warn`
    Checking serverust-core v0.4.0 (/mnt/xs1000/me/serverust/serverust-core)
     Running `sccache /home/jaime/.rustup/toolchains/1.94.1-x86_64-unknown-linux-gnu/bin/rustc --crate-name serverust_core --edition=2024 serverust-core/src/lib.rs --error-format=json --json=diagnostic-rendered-ansi,artifacts,future-incompat --crate-type lib --emit=dep-info,metadata -C embed-bitcode=no -C debuginfo=line-tables-only -C split-debuginfo=unpacked --check-cfg 'cfg(docsrs,test)' --check-cfg 'cfg(feature, values())' -C metadata=2533559b1158e883 -C extra-filename=-fe1c838967f79fec --out-dir /mnt/xs1000/me/serverust/target/debug/deps -C incremental=/mnt/xs1000/me/serverust/target/debug/incremental -L dependency=/mnt/xs1000/me/serverust/target/debug/deps --extern axum=/mnt/xs1000/me/serverust/target/debug/deps/libaxum-05f23b088e6464f3.rmeta --extern figment=/mnt/xs1000/me/serverust/target/debug/deps/libfigment-7b93e84c5f248059.rmeta --extern http=/mnt/xs1000/me/serverust/target/debug/deps/libhttp-db293744f4dc6c64.rmeta --extern serde=/mnt/xs1000/me/serverust/target/debug/deps/libserde-2364bf7e46dcf1f7.rmeta --extern serde_json=/mnt/xs1000/me/serverust/target/debug/deps/libserde_json-160c3deb79b518a0.rmeta --extern tokio=/mnt/xs1000/me/serverust/target/debug/deps/libtokio-029fd4fb2b5a88af.rmeta --extern tower=/mnt/xs1000/me/serverust/target/debug/deps/libtower-528c54037cafdf16.rmeta --extern utoipa=/mnt/xs1000/me/serverust/target/debug/deps/libutoipa-174ec1f3aafc7964.rmeta --extern uuid=/mnt/xs1000/me/serverust/target/debug/deps/libuuid-bef1cfe4eff66385.rmeta --extern validator=/mnt/xs1000/me/serverust/target/debug/deps/libvalidator-842ac5462282c609.rmeta --cap-lints=warn`
     Running `sccache /home/jaime/.rustup/toolchains/1.94.1-x86_64-unknown-linux-gnu/bin/rustc --crate-name serverust_core --edition=2024 serverust-core/src/lib.rs --error-format=json --json=diagnostic-rendered-ansi,artifacts,future-incompat --emit=dep-info,metadata -C embed-bitcode=no -C debuginfo=line-tables-only -C split-debuginfo=unpacked --test --check-cfg 'cfg(docsrs,test)' --check-cfg 'cfg(feature, values())' -C metadata=5a4d9ae694462779 -C extra-filename=-2f4c1ae9cc6f23ac --out-dir /mnt/xs1000/me/serverust/target/debug/deps -C incremental=/mnt/xs1000/me/serverust/target/debug/incremental -L dependency=/mnt/xs1000/me/serverust/target/debug/deps --extern axum=/mnt/xs1000/me/serverust/target/debug/deps/libaxum-05f23b088e6464f3.rmeta --extern figment=/mnt/xs1000/me/serverust/target/debug/deps/libfigment-7b93e84c5f248059.rmeta --extern http=/mnt/xs1000/me/serverust/target/debug/deps/libhttp-db293744f4dc6c64.rmeta --extern http_body_util=/mnt/xs1000/me/serverust/target/debug/deps/libhttp_body_util-8abe2c634d282bae.rmeta --extern serde=/mnt/xs1000/me/serverust/target/debug/deps/libserde-2364bf7e46dcf1f7.rmeta --extern serde_json=/mnt/xs1000/me/serverust/target/debug/deps/libserde_json-160c3deb79b518a0.rmeta --extern serverust_macros=/mnt/xs1000/me/serverust/target/debug/deps/libserverust_macros-1c830accf2b068cf.so --extern tempfile=/mnt/xs1000/me/serverust/target/debug/deps/libtempfile-5802b02497129cd5.rmeta --extern tokio=/mnt/xs1000/me/serverust/target/debug/deps/libtokio-029fd4fb2b5a88af.rmeta --extern tower=/mnt/xs1000/me/serverust/target/debug/deps/libtower-528c54037cafdf16.rmeta --extern utoipa=/mnt/xs1000/me/serverust/target/debug/deps/libutoipa-174ec1f3aafc7964.rmeta --extern uuid=/mnt/xs1000/me/serverust/target/debug/deps/libuuid-bef1cfe4eff66385.rmeta --extern validator=/mnt/xs1000/me/serverust/target/debug/deps/libvalidator-842ac5462282c609.rmeta --cap-lints=warn`
warning: variable does not need to be mutable
  --> serverust-core/src/app.rs:95:25
   |
95 |     pub fn openapi_info(mut self, title: impl Into<String>, version: impl Into<String>) -> Self {
   |                         ----^^^^
   |                         |
   |                         help: remove this `mut`
   |
   = note: `#[warn(unused_mut)]` (part of `#[warn(unused)]`) on by default

warning: unused variable: `title`
  --> serverust-core/src/app.rs:95:35
   |
95 |     pub fn openapi_info(mut self, title: impl Into<String>, version: impl Into<String>) -> Self {
   |                                   ^^^^^ help: if this is intentional, prefix it with an underscore: `_title`
   |
   = note: `#[warn(unused_variables)]` (part of `#[warn(unused)]`) on by default

warning: unused variable: `version`
  --> serverust-core/src/app.rs:95:61
   |
95 |     pub fn openapi_info(mut self, title: impl Into<String>, version: impl Into<String>) -> Self {
   |                                                             ^^^^^^^ help: if this is intentional, prefix it with an underscore: `_version`

warning: method `set_info` is never used
  --> serverust-core/src/openapi.rs:29:19
   |
28 | impl OpenApiState {
   | ----------------- method in this implementation
29 |     pub(crate) fn set_info(&mut self, title: impl Into<String>, version: impl Into<String>) {
   |                   ^^^^^^^^
   |
   = note: `#[warn(dead_code)]` (part of `#[warn(unused)]`) on by default

warning: `serverust-core` (lib) generated 4 warnings (run `cargo fix --lib -p serverust-core` to apply 3 suggestions)
     Running `sccache /home/jaime/.rustup/toolchains/1.94.1-x86_64-unknown-linux-gnu/bin/rustc --crate-name validation --edition=2024 serverust-core/tests/validation.rs --error-format=json --json=diagnostic-rendered-ansi,artifacts,future-incompat --emit=dep-info,metadata -C embed-bitcode=no -C debuginfo=line-tables-only -C split-debuginfo=unpacked --test --check-cfg 'cfg(docsrs,test)' --check-cfg 'cfg(feature, values())' -C metadata=7c54e6357bc5cc41 -C extra-filename=-822885535a41a425 --out-dir /mnt/xs1000/me/serverust/target/debug/deps -C incremental=/mnt/xs1000/me/serverust/target/debug/incremental -L dependency=/mnt/xs1000/me/serverust/target/debug/deps --extern axum=/mnt/xs1000/me/serverust/target/debug/deps/libaxum-05f23b088e6464f3.rmeta --extern figment=/mnt/xs1000/me/serverust/target/debug/deps/libfigment-7b93e84c5f248059.rmeta --extern http=/mnt/xs1000/me/serverust/target/debug/deps/libhttp-db293744f4dc6c64.rmeta --extern http_body_util=/mnt/xs1000/me/serverust/target/debug/deps/libhttp_body_util-8abe2c634d282bae.rmeta --extern serde=/mnt/xs1000/me/serverust/target/debug/deps/libserde-2364bf7e46dcf1f7.rmeta --extern serde_json=/mnt/xs1000/me/serverust/target/debug/deps/libserde_json-160c3deb79b518a0.rmeta --extern serverust_core=/mnt/xs1000/me/serverust/target/debug/deps/libserverust_core-fe1c838967f79fec.rmeta --extern serverust_macros=/mnt/xs1000/me/serverust/target/debug/deps/libserverust_macros-1c830accf2b068cf.so --extern tempfile=/mnt/xs1000/me/serverust/target/debug/deps/libtempfile-5802b02497129cd5.rmeta --extern tokio=/mnt/xs1000/me/serverust/target/debug/deps/libtokio-029fd4fb2b5a88af.rmeta --extern tower=/mnt/xs1000/me/serverust/target/debug/deps/libtower-528c54037cafdf16.rmeta --extern utoipa=/mnt/xs1000/me/serverust/target/debug/deps/libutoipa-174ec1f3aafc7964.rmeta --extern uuid=/mnt/xs1000/me/serverust/target/debug/deps/libuuid-bef1cfe4eff66385.rmeta --extern validator=/mnt/xs1000/me/serverust/target/debug/deps/libvalidator-842ac5462282c609.rmeta --cap-lints=warn`
     Running `sccache /home/jaime/.rustup/toolchains/1.94.1-x86_64-unknown-linux-gnu/bin/rustc --crate-name openapi --edition=2024 serverust-core/tests/openapi.rs --error-format=json --json=diagnostic-rendered-ansi,artifacts,future-incompat --emit=dep-info,metadata -C embed-bitcode=no -C debuginfo=line-tables-only -C split-debuginfo=unpacked --test --check-cfg 'cfg(docsrs,test)' --check-cfg 'cfg(feature, values())' -C metadata=9d7e5b8d070a8e0c -C extra-filename=-dd264430aeb6f83a --out-dir /mnt/xs1000/me/serverust/target/debug/deps -C incremental=/mnt/xs1000/me/serverust/target/debug/incremental -L dependency=/mnt/xs1000/me/serverust/target/debug/deps --extern axum=/mnt/xs1000/me/serverust/target/debug/deps/libaxum-05f23b088e6464f3.rmeta --extern figment=/mnt/xs1000/me/serverust/target/debug/deps/libfigment-7b93e84c5f248059.rmeta --extern http=/mnt/xs1000/me/serverust/target/debug/deps/libhttp-db293744f4dc6c64.rmeta --extern http_body_util=/mnt/xs1000/me/serverust/target/debug/deps/libhttp_body_util-8abe2c634d282bae.rmeta --extern serde=/mnt/xs1000/me/serverust/target/debug/deps/libserde-2364bf7e46dcf1f7.rmeta --extern serde_json=/mnt/xs1000/me/serverust/target/debug/deps/libserde_json-160c3deb79b518a0.rmeta --extern serverust_core=/mnt/xs1000/me/serverust/target/debug/deps/libserverust_core-fe1c838967f79fec.rmeta --extern serverust_macros=/mnt/xs1000/me/serverust/target/debug/deps/libserverust_macros-1c830accf2b068cf.so --extern tempfile=/mnt/xs1000/me/serverust/target/debug/deps/libtempfile-5802b02497129cd5.rmeta --extern tokio=/mnt/xs1000/me/serverust/target/debug/deps/libtokio-029fd4fb2b5a88af.rmeta --extern tower=/mnt/xs1000/me/serverust/target/debug/deps/libtower-528c54037cafdf16.rmeta --extern utoipa=/mnt/xs1000/me/serverust/target/debug/deps/libutoipa-174ec1f3aafc7964.rmeta --extern uuid=/mnt/xs1000/me/serverust/target/debug/deps/libuuid-bef1cfe4eff66385.rmeta --extern validator=/mnt/xs1000/me/serverust/target/debug/deps/libvalidator-842ac5462282c609.rmeta --cap-lints=warn`
     Running `sccache /home/jaime/.rustup/toolchains/1.94.1-x86_64-unknown-linux-gnu/bin/rustc --crate-name routes --edition=2024 serverust-core/tests/routes.rs --error-format=json --json=diagnostic-rendered-ansi,artifacts,future-incompat --emit=dep-info,metadata -C embed-bitcode=no -C debuginfo=line-tables-only -C split-debuginfo=unpacked --test --check-cfg 'cfg(docsrs,test)' --check-cfg 'cfg(feature, values())' -C metadata=f727ac1a8ebce762 -C extra-filename=-ed7bb60464eb5dfd --out-dir /mnt/xs1000/me/serverust/target/debug/deps -C incremental=/mnt/xs1000/me/serverust/target/debug/incremental -L dependency=/mnt/xs1000/me/serverust/target/debug/deps --extern axum=/mnt/xs1000/me/serverust/target/debug/deps/libaxum-05f23b088e6464f3.rmeta --extern figment=/mnt/xs1000/me/serverust/target/debug/deps/libfigment-7b93e84c5f248059.rmeta --extern http=/mnt/xs1000/me/serverust/target/debug/deps/libhttp-db293744f4dc6c64.rmeta --extern http_body_util=/mnt/xs1000/me/serverust/target/debug/deps/libhttp_body_util-8abe2c634d282bae.rmeta --extern serde=/mnt/xs1000/me/serverust/target/debug/deps/libserde-2364bf7e46dcf1f7.rmeta --extern serde_json=/mnt/xs1000/me/serverust/target/debug/deps/libserde_json-160c3deb79b518a0.rmeta --extern serverust_core=/mnt/xs1000/me/serverust/target/debug/deps/libserverust_core-fe1c838967f79fec.rmeta --extern serverust_macros=/mnt/xs1000/me/serverust/target/debug/deps/libserverust_macros-1c830accf2b068cf.so --extern tempfile=/mnt/xs1000/me/serverust/target/debug/deps/libtempfile-5802b02497129cd5.rmeta --extern tokio=/mnt/xs1000/me/serverust/target/debug/deps/libtokio-029fd4fb2b5a88af.rmeta --extern tower=/mnt/xs1000/me/serverust/target/debug/deps/libtower-528c54037cafdf16.rmeta --extern utoipa=/mnt/xs1000/me/serverust/target/debug/deps/libutoipa-174ec1f3aafc7964.rmeta --extern uuid=/mnt/xs1000/me/serverust/target/debug/deps/libuuid-bef1cfe4eff66385.rmeta --extern validator=/mnt/xs1000/me/serverust/target/debug/deps/libvalidator-842ac5462282c609.rmeta --cap-lints=warn`
     Running `sccache /home/jaime/.rustup/toolchains/1.94.1-x86_64-unknown-linux-gnu/bin/rustc --crate-name di --edition=2024 serverust-core/tests/di.rs --error-format=json --json=diagnostic-rendered-ansi,artifacts,future-incompat --emit=dep-info,metadata -C embed-bitcode=no -C debuginfo=line-tables-only -C split-debuginfo=unpacked --test --check-cfg 'cfg(docsrs,test)' --check-cfg 'cfg(feature, values())' -C metadata=05cb2064e3e2a648 -C extra-filename=-93c24d692d318468 --out-dir /mnt/xs1000/me/serverust/target/debug/deps -C incremental=/mnt/xs1000/me/serverust/target/debug/incremental -L dependency=/mnt/xs1000/me/serverust/target/debug/deps --extern axum=/mnt/xs1000/me/serverust/target/debug/deps/libaxum-05f23b088e6464f3.rmeta --extern figment=/mnt/xs1000/me/serverust/target/debug/deps/libfigment-7b93e84c5f248059.rmeta --extern http=/mnt/xs1000/me/serverust/target/debug/deps/libhttp-db293744f4dc6c64.rmeta --extern http_body_util=/mnt/xs1000/me/serverust/target/debug/deps/libhttp_body_util-8abe2c634d282bae.rmeta --extern serde=/mnt/xs1000/me/serverust/target/debug/deps/libserde-2364bf7e46dcf1f7.rmeta --extern serde_json=/mnt/xs1000/me/serverust/target/debug/deps/libserde_json-160c3deb79b518a0.rmeta --extern serverust_core=/mnt/xs1000/me/serverust/target/debug/deps/libserverust_core-fe1c838967f79fec.rmeta --extern serverust_macros=/mnt/xs1000/me/serverust/target/debug/deps/libserverust_macros-1c830accf2b068cf.so --extern tempfile=/mnt/xs1000/me/serverust/target/debug/deps/libtempfile-5802b02497129cd5.rmeta --extern tokio=/mnt/xs1000/me/serverust/target/debug/deps/libtokio-029fd4fb2b5a88af.rmeta --extern tower=/mnt/xs1000/me/serverust/target/debug/deps/libtower-528c54037cafdf16.rmeta --extern utoipa=/mnt/xs1000/me/serverust/target/debug/deps/libutoipa-174ec1f3aafc7964.rmeta --extern uuid=/mnt/xs1000/me/serverust/target/debug/deps/libuuid-bef1cfe4eff66385.rmeta --extern validator=/mnt/xs1000/me/serverust/target/debug/deps/libvalidator-842ac5462282c609.rmeta --cap-lints=warn`
     Running `sccache /home/jaime/.rustup/toolchains/1.94.1-x86_64-unknown-linux-gnu/bin/rustc --crate-name events --edition=2024 serverust-core/tests/events.rs --error-format=json --json=diagnostic-rendered-ansi,artifacts,future-incompat --emit=dep-info,metadata -C embed-bitcode=no -C debuginfo=line-tables-only -C split-debuginfo=unpacked --test --check-cfg 'cfg(docsrs,test)' --check-cfg 'cfg(feature, values())' -C metadata=3155115c0882fb92 -C extra-filename=-fbbc3f3638369d49 --out-dir /mnt/xs1000/me/serverust/target/debug/deps -C incremental=/mnt/xs1000/me/serverust/target/debug/incremental -L dependency=/mnt/xs1000/me/serverust/target/debug/deps --extern axum=/mnt/xs1000/me/serverust/target/debug/deps/libaxum-05f23b088e6464f3.rmeta --extern figment=/mnt/xs1000/me/serverust/target/debug/deps/libfigment-7b93e84c5f248059.rmeta --extern http=/mnt/xs1000/me/serverust/target/debug/deps/libhttp-db293744f4dc6c64.rmeta --extern http_body_util=/mnt/xs1000/me/serverust/target/debug/deps/libhttp_body_util-8abe2c634d282bae.rmeta --extern serde=/mnt/xs1000/me/serverust/target/debug/deps/libserde-2364bf7e46dcf1f7.rmeta --extern serde_json=/mnt/xs1000/me/serverust/target/debug/deps/libserde_json-160c3deb79b518a0.rmeta --extern serverust_core=/mnt/xs1000/me/serverust/target/debug/deps/libserverust_core-fe1c838967f79fec.rmeta --extern serverust_macros=/mnt/xs1000/me/serverust/target/debug/deps/libserverust_macros-1c830accf2b068cf.so --extern tempfile=/mnt/xs1000/me/serverust/target/debug/deps/libtempfile-5802b02497129cd5.rmeta --extern tokio=/mnt/xs1000/me/serverust/target/debug/deps/libtokio-029fd4fb2b5a88af.rmeta --extern tower=/mnt/xs1000/me/serverust/target/debug/deps/libtower-528c54037cafdf16.rmeta --extern utoipa=/mnt/xs1000/me/serverust/target/debug/deps/libutoipa-174ec1f3aafc7964.rmeta --extern uuid=/mnt/xs1000/me/serverust/target/debug/deps/libuuid-bef1cfe4eff66385.rmeta --extern validator=/mnt/xs1000/me/serverust/target/debug/deps/libvalidator-842ac5462282c609.rmeta --cap-lints=warn`
     Running `sccache /home/jaime/.rustup/toolchains/1.94.1-x86_64-unknown-linux-gnu/bin/rustc --crate-name config --edition=2024 serverust-core/tests/config.rs --error-format=json --json=diagnostic-rendered-ansi,artifacts,future-incompat --emit=dep-info,metadata -C embed-bitcode=no -C debuginfo=line-tables-only -C split-debuginfo=unpacked --test --check-cfg 'cfg(docsrs,test)' --check-cfg 'cfg(feature, values())' -C metadata=24a30fa58ef386f7 -C extra-filename=-944a28b8f9331aac --out-dir /mnt/xs1000/me/serverust/target/debug/deps -C incremental=/mnt/xs1000/me/serverust/target/debug/incremental -L dependency=/mnt/xs1000/me/serverust/target/debug/deps --extern axum=/mnt/xs1000/me/serverust/target/debug/deps/libaxum-05f23b088e6464f3.rmeta --extern figment=/mnt/xs1000/me/serverust/target/debug/deps/libfigment-7b93e84c5f248059.rmeta --extern http=/mnt/xs1000/me/serverust/target/debug/deps/libhttp-db293744f4dc6c64.rmeta --extern http_body_util=/mnt/xs1000/me/serverust/target/debug/deps/libhttp_body_util-8abe2c634d282bae.rmeta --extern serde=/mnt/xs1000/me/serverust/target/debug/deps/libserde-2364bf7e46dcf1f7.rmeta --extern serde_json=/mnt/xs1000/me/serverust/target/debug/deps/libserde_json-160c3deb79b518a0.rmeta --extern serverust_core=/mnt/xs1000/me/serverust/target/debug/deps/libserverust_core-fe1c838967f79fec.rmeta --extern serverust_macros=/mnt/xs1000/me/serverust/target/debug/deps/libserverust_macros-1c830accf2b068cf.so --extern tempfile=/mnt/xs1000/me/serverust/target/debug/deps/libtempfile-5802b02497129cd5.rmeta --extern tokio=/mnt/xs1000/me/serverust/target/debug/deps/libtokio-029fd4fb2b5a88af.rmeta --extern tower=/mnt/xs1000/me/serverust/target/debug/deps/libtower-528c54037cafdf16.rmeta --extern utoipa=/mnt/xs1000/me/serverust/target/debug/deps/libutoipa-174ec1f3aafc7964.rmeta --extern uuid=/mnt/xs1000/me/serverust/target/debug/deps/libuuid-bef1cfe4eff66385.rmeta --extern validator=/mnt/xs1000/me/serverust/target/debug/deps/libvalidator-842ac5462282c609.rmeta --cap-lints=warn`
     Running `sccache /home/jaime/.rustup/toolchains/1.94.1-x86_64-unknown-linux-gnu/bin/rustc --crate-name middleware --edition=2024 serverust-core/tests/middleware.rs --error-format=json --json=diagnostic-rendered-ansi,artifacts,future-incompat --emit=dep-info,metadata -C embed-bitcode=no -C debuginfo=line-tables-only -C split-debuginfo=unpacked --test --check-cfg 'cfg(docsrs,test)' --check-cfg 'cfg(feature, values())' -C metadata=b726e60a15c78fae -C extra-filename=-6c66e714e6cf8887 --out-dir /mnt/xs1000/me/serverust/target/debug/deps -C incremental=/mnt/xs1000/me/serverust/target/debug/incremental -L dependency=/mnt/xs1000/me/serverust/target/debug/deps --extern axum=/mnt/xs1000/me/serverust/target/debug/deps/libaxum-05f23b088e6464f3.rmeta --extern figment=/mnt/xs1000/me/serverust/target/debug/deps/libfigment-7b93e84c5f248059.rmeta --extern http=/mnt/xs1000/me/serverust/target/debug/deps/libhttp-db293744f4dc6c64.rmeta --extern http_body_util=/mnt/xs1000/me/serverust/target/debug/deps/libhttp_body_util-8abe2c634d282bae.rmeta --extern serde=/mnt/xs1000/me/serverust/target/debug/deps/libserde-2364bf7e46dcf1f7.rmeta --extern serde_json=/mnt/xs1000/me/serverust/target/debug/deps/libserde_json-160c3deb79b518a0.rmeta --extern serverust_core=/mnt/xs1000/me/serverust/target/debug/deps/libserverust_core-fe1c838967f79fec.rmeta --extern serverust_macros=/mnt/xs1000/me/serverust/target/debug/deps/libserverust_macros-1c830accf2b068cf.so --extern tempfile=/mnt/xs1000/me/serverust/target/debug/deps/libtempfile-5802b02497129cd5.rmeta --extern tokio=/mnt/xs1000/me/serverust/target/debug/deps/libtokio-029fd4fb2b5a88af.rmeta --extern tower=/mnt/xs1000/me/serverust/target/debug/deps/libtower-528c54037cafdf16.rmeta --extern utoipa=/mnt/xs1000/me/serverust/target/debug/deps/libutoipa-174ec1f3aafc7964.rmeta --extern uuid=/mnt/xs1000/me/serverust/target/debug/deps/libuuid-bef1cfe4eff66385.rmeta --extern validator=/mnt/xs1000/me/serverust/target/debug/deps/libvalidator-842ac5462282c609.rmeta --cap-lints=warn`
warning: `serverust-core` (lib test) generated 4 warnings (4 duplicates)
    Finished `dev` profile [unoptimized + debuginfo] target(s) in 7.57s

*** result: Success
