
*** serverust-cli/src/templates.rs:30:5: replace project_serverust_toml -> String with "xyzzy".into()

*** mutation diff:
--- serverust-cli/src/templates.rs
+++ replace project_serverust_toml -> String with "xyzzy".into()
@@ -22,48 +22,17 @@
 tokio  = {{ version = "1", features = ["macros", "rt-multi-thread"] }}
 serde  = {{ version = "1", features = ["derive"] }}
 utoipa = {{ version = "5", features = ["macros"] }}
 "#
     )
 }
 
 pub fn project_serverust_toml(name: &str) -> String {
-    format!(
-        r#"# serverust.toml — configuração do projeto "{name}"
-# Perfis: default, dev, staging, prod
-# Selecione com SERVERUST_PROFILE=prod ou ServerustConfig::load_for_profile("prod")
-# Override por env: SERVERUST_SERVER__PORT=8080
-
-[default.server]
-host = "127.0.0.1"
-port = 3000
-
-[default.lambda]
-memory_size = 128
-timeout_seconds = 30
-
-[default.telemetry]
-log_level = "info"
-format = "json"
-
-[default.openapi]
-title = "{name}"
-version = "0.1.0"
-docs_path = "/docs"
-redoc_path = "/redoc"
-
-[dev.server]
-port = 3001
-
-[prod.server]
-host = "0.0.0.0"
-port = 8080
-"#
-    )
+    "xyzzy".into() /* ~ changed by cargo-mutants ~ */
 }
 
 pub fn project_main_rs() -> String {
     r#"use serde::Serialize;
 use serverust_core::{App, extract::Json};
 use serverust_lambda::AppRuntime;
 use serverust_macros::get;
 use utoipa::ToSchema;


*** /home/jaime/.rustup/toolchains/1.94.1-x86_64-unknown-linux-gnu/bin/cargo check --tests --verbose --package=serverust-cli@0.4.0
       Fresh unicode-ident v1.0.24
       Fresh bytes v1.11.1
       Fresh pin-project-lite v0.2.17
       Fresh find-msvc-tools v0.1.9
       Fresh itoa v1.0.18
       Fresh shlex v1.3.0
       Fresh futures-core v0.3.32
       Fresh fnv v1.0.7
       Fresh once_cell v1.21.4
       Fresh futures-sink v0.3.32
       Fresh futures-task v0.3.32
       Fresh autocfg v1.5.0
       Fresh zeroize v1.8.2
       Fresh cfg-if v1.0.4
       Fresh proc-macro2 v1.0.106
       Fresh http v1.4.0
       Fresh tracing-core v0.1.36
       Fresh http v0.2.12
       Fresh futures-util v0.3.32
       Fresh powerfmt v0.2.0
       Fresh num-conv v0.2.1
       Fresh time-core v0.1.8
       Fresh fs_extra v1.3.0
       Fresh outref v0.5.2
       Fresh dunce v1.0.5
       Fresh untrusted v0.9.0
       Fresh vsimd v0.8.0
       Fresh either v1.15.0
       Fresh quote v1.0.45
       Fresh libc v0.2.186
       Fresh http-body v1.0.1
       Fresh http-body v0.4.6
       Fresh deranged v0.5.8
       Fresh base64-simd v0.8.0
       Fresh bytes-utils v0.1.4
       Fresh ryu v1.0.23
       Fresh pin-utils v0.1.0
       Fresh hashbrown v0.17.1
       Fresh stable_deref_trait v1.2.1
       Fresh equivalent v1.0.2
       Fresh smallvec v1.15.1
       Fresh syn v2.0.117
       Fresh mio v1.2.0
       Fresh socket2 v0.6.3
       Fresh jobserver v0.1.34
       Fresh num-traits v0.2.19
       Fresh time v0.3.47
       Fresh http-body-util v0.1.3
       Fresh indexmap v2.14.0
       Fresh slab v0.4.12
       Fresh getrandom v0.2.17
       Fresh percent-encoding v2.3.2
       Fresh try-lock v0.2.5
       Fresh futures-channel v0.3.32
       Fresh rustls-pki-types v1.14.1
       Fresh typenum v1.20.0
       Fresh tower-service v0.3.3
       Fresh tokio-macros v2.7.0
       Fresh cc v1.2.62
       Fresh tracing-attributes v0.1.31
       Fresh synstructure v0.13.2
       Fresh num-integer v0.1.46
       Fresh zerovec-derive v0.11.3
       Fresh aws-smithy-runtime-api-macros v1.0.0
       Fresh want v0.3.1
       Fresh httparse v1.10.1
       Fresh displaydoc v0.2.5
       Fresh hybrid-array v0.4.12
       Fresh atomic-waker v1.1.2
       Fresh subtle v2.6.1
       Fresh log v0.4.29
       Fresh cmov v0.5.3
       Fresh tokio v1.52.3
       Fresh tracing v0.1.44
       Fresh cmake v0.1.58
       Fresh zerofrom-derive v0.1.7
       Fresh yoke-derive v0.8.2
       Fresh ctutils v0.4.2
       Fresh crypto-common v0.2.1
       Fresh block-buffer v0.12.0
       Fresh socket2 v0.5.10
       Fresh base64 v0.22.1
       Fresh openssl-probe v0.2.1
       Fresh ipnet v2.12.0
       Fresh const-oid v0.10.2
       Fresh litemap v0.8.2
       Fresh httpdate v1.0.3
       Fresh writeable v0.6.3
       Fresh tokio-util v0.7.18
       Fresh zerofrom v0.1.8
       Fresh aws-smithy-async v1.2.14
       Fresh semver v1.0.28
       Fresh rustls-native-certs v0.8.3
       Fresh digest v0.11.3
       Fresh tower-layer v0.3.3
       Fresh utf8_iter v1.0.4
       Fresh form_urlencoded v1.2.2
       Fresh fastrand v2.4.1
       Fresh cpufeatures v0.3.0
       Fresh hex v0.4.3
       Fresh utf8parse v0.2.2
       Fresh aws-smithy-types v1.4.7
       Fresh yoke v0.8.2
       Fresh ring v0.17.14
       Fresh h2 v0.4.14
       Fresh h2 v0.3.27
       Fresh rustc_version v0.4.1
       Fresh tower v0.5.3
       Fresh hmac v0.13.0
       Fresh sha2 v0.11.0
       Fresh uuid v1.23.1
       Fresh anstyle-parse v1.0.0
       Fresh anstyle v1.0.14
       Fresh is_terminal_polyfill v1.70.2
       Fresh aws-lc-sys v0.41.0
       Fresh zerovec v0.11.6
       Fresh aws-smithy-runtime-api v1.12.0
       Fresh sct v0.7.1
       Fresh rustls-webpki v0.101.7
       Fresh hyper v1.9.0
       Fresh hyper v0.14.32
       Fresh zerotrie v0.2.4
       Fresh icu_properties_data v2.2.0
       Fresh icu_normalizer_data v2.2.0
       Fresh aws-smithy-json v0.62.5
       Fresh regex-lite v0.1.9
       Fresh urlencoding v2.1.3
       Fresh xmlparser v0.13.6
       Fresh anstyle-query v1.1.5
       Fresh aws-lc-rs v1.17.0
       Fresh tinystr v0.8.3
       Fresh rustls v0.21.12
       Fresh potential_utf v0.1.5
       Fresh hyper-util v0.1.20
       Fresh aws-smithy-http v0.63.6
       Fresh aws-credential-types v1.2.14
       Fresh aws-smithy-observability v0.2.6
       Fresh colorchoice v1.0.5
       Fresh aws-smithy-xml v0.60.15
       Fresh aws-smithy-query v0.60.15
       Fresh heck v0.5.0
       Fresh strsim v0.11.1
       Fresh rustls-webpki v0.103.13
       Fresh icu_locale_core v2.2.0
       Fresh tokio-rustls v0.24.1
       Fresh icu_collections v2.2.0
       Fresh aws-sigv4 v1.4.3
       Fresh aws-types v1.3.15
       Fresh anstream v1.0.0
       Fresh clap_lex v1.1.0
       Fresh clap_derive v4.6.1
       Fresh bitflags v2.11.1
       Fresh linux-raw-sys v0.12.1
       Fresh rustls v0.23.40
       Fresh icu_provider v2.2.0
       Fresh hyper-rustls v0.24.2
       Fresh clap_builder v4.6.0
       Fresh rustix v1.1.4
       Fresh anyhow v1.0.102
       Fresh tokio-rustls v0.26.4
       Fresh icu_normalizer v2.2.0
       Fresh icu_properties v2.2.0
       Fresh getrandom v0.4.2
       Fresh clap v4.6.1
       Fresh hyper-rustls v0.27.9
       Fresh idna_adapter v1.2.2
       Fresh tempfile v3.27.0
       Fresh aws-smithy-http-client v1.1.12
       Fresh idna v1.1.0
       Fresh aws-smithy-runtime v1.11.1
       Fresh url v2.5.8
       Fresh aws-runtime v1.7.3
       Fresh aws-sdk-sts v1.103.0
       Fresh aws-sdk-sqs v1.98.0
       Fresh aws-config v1.8.16
       Dirty serverust-cli v0.4.0 (/mnt/xs1000/me/serverust/serverust-cli): the file `serverust-cli/src/templates.rs` has changed (1789346323.252908041s, 1s after last build at 1789346322.371739720s)
    Checking serverust-cli v0.4.0 (/mnt/xs1000/me/serverust/serverust-cli)
     Running `sccache /home/jaime/.rustup/toolchains/1.94.1-x86_64-unknown-linux-gnu/bin/rustc --crate-name serverust_cli --edition=2024 serverust-cli/src/lib.rs --error-format=json --json=diagnostic-rendered-ansi,artifacts,future-incompat --crate-type lib --emit=dep-info,metadata -C embed-bitcode=no -C debuginfo=line-tables-only -C split-debuginfo=unpacked --check-cfg 'cfg(docsrs,test)' --check-cfg 'cfg(feature, values())' -C metadata=2d32f57b534dbdbb -C extra-filename=-26f6c0cfdf5fed94 --out-dir /mnt/xs1000/me/serverust/target/debug/deps -C incremental=/mnt/xs1000/me/serverust/target/debug/incremental -L dependency=/mnt/xs1000/me/serverust/target/debug/deps --extern anyhow=/mnt/xs1000/me/serverust/target/debug/deps/libanyhow-8826cf938f220741.rmeta --extern aws_config=/mnt/xs1000/me/serverust/target/debug/deps/libaws_config-6b378f03782a8d3b.rmeta --extern aws_sdk_sqs=/mnt/xs1000/me/serverust/target/debug/deps/libaws_sdk_sqs-7f3ca671fc537680.rmeta --extern clap=/mnt/xs1000/me/serverust/target/debug/deps/libclap-4562ed59136ef442.rmeta --extern tokio=/mnt/xs1000/me/serverust/target/debug/deps/libtokio-14f2efd15bf01c3e.rmeta --cap-lints=warn -L native=/mnt/xs1000/me/serverust/target/debug/build/ring-5956d144be0c889c/out -L native=/mnt/xs1000/me/serverust/target/debug/build/aws-lc-sys-1abb8240651f9632/out`
     Running `sccache /home/jaime/.rustup/toolchains/1.94.1-x86_64-unknown-linux-gnu/bin/rustc --crate-name serverust_cli --edition=2024 serverust-cli/src/lib.rs --error-format=json --json=diagnostic-rendered-ansi,artifacts,future-incompat --emit=dep-info,metadata -C embed-bitcode=no -C debuginfo=line-tables-only -C split-debuginfo=unpacked --test --check-cfg 'cfg(docsrs,test)' --check-cfg 'cfg(feature, values())' -C metadata=23a1433cfe662675 -C extra-filename=-989489f4c070ff80 --out-dir /mnt/xs1000/me/serverust/target/debug/deps -C incremental=/mnt/xs1000/me/serverust/target/debug/incremental -L dependency=/mnt/xs1000/me/serverust/target/debug/deps --extern anyhow=/mnt/xs1000/me/serverust/target/debug/deps/libanyhow-8826cf938f220741.rmeta --extern aws_config=/mnt/xs1000/me/serverust/target/debug/deps/libaws_config-6b378f03782a8d3b.rmeta --extern aws_sdk_sqs=/mnt/xs1000/me/serverust/target/debug/deps/libaws_sdk_sqs-7f3ca671fc537680.rmeta --extern clap=/mnt/xs1000/me/serverust/target/debug/deps/libclap-4562ed59136ef442.rmeta --extern tempfile=/mnt/xs1000/me/serverust/target/debug/deps/libtempfile-5802b02497129cd5.rmeta --extern tokio=/mnt/xs1000/me/serverust/target/debug/deps/libtokio-14f2efd15bf01c3e.rmeta --cap-lints=warn -L native=/mnt/xs1000/me/serverust/target/debug/build/ring-5956d144be0c889c/out -L native=/mnt/xs1000/me/serverust/target/debug/build/aws-lc-sys-1abb8240651f9632/out`
warning: unused variable: `name`
  --> serverust-cli/src/templates.rs:29:31
   |
29 | pub fn project_serverust_toml(name: &str) -> String {
   |                               ^^^^ help: if this is intentional, prefix it with an underscore: `_name`
   |
   = note: `#[warn(unused_variables)]` (part of `#[warn(unused)]`) on by default

warning: `serverust-cli` (lib test) generated 1 warning (1 duplicate)
warning: `serverust-cli` (lib) generated 1 warning (run `cargo fix --lib -p serverust-cli` to apply 1 suggestion)
     Running `sccache /home/jaime/.rustup/toolchains/1.94.1-x86_64-unknown-linux-gnu/bin/rustc --crate-name commands --edition=2024 serverust-cli/tests/commands.rs --error-format=json --json=diagnostic-rendered-ansi,artifacts,future-incompat --emit=dep-info,metadata -C embed-bitcode=no -C debuginfo=line-tables-only -C split-debuginfo=unpacked --test --check-cfg 'cfg(docsrs,test)' --check-cfg 'cfg(feature, values())' -C metadata=9271fd2f5bcba784 -C extra-filename=-5e5a28b9989882c3 --out-dir /mnt/xs1000/me/serverust/target/debug/deps -C incremental=/mnt/xs1000/me/serverust/target/debug/incremental -L dependency=/mnt/xs1000/me/serverust/target/debug/deps --extern anyhow=/mnt/xs1000/me/serverust/target/debug/deps/libanyhow-8826cf938f220741.rmeta --extern aws_config=/mnt/xs1000/me/serverust/target/debug/deps/libaws_config-6b378f03782a8d3b.rmeta --extern aws_sdk_sqs=/mnt/xs1000/me/serverust/target/debug/deps/libaws_sdk_sqs-7f3ca671fc537680.rmeta --extern clap=/mnt/xs1000/me/serverust/target/debug/deps/libclap-4562ed59136ef442.rmeta --extern serverust_cli=/mnt/xs1000/me/serverust/target/debug/deps/libserverust_cli-26f6c0cfdf5fed94.rmeta --extern tempfile=/mnt/xs1000/me/serverust/target/debug/deps/libtempfile-5802b02497129cd5.rmeta --extern tokio=/mnt/xs1000/me/serverust/target/debug/deps/libtokio-14f2efd15bf01c3e.rmeta --cap-lints=warn -L native=/mnt/xs1000/me/serverust/target/debug/build/ring-5956d144be0c889c/out -L native=/mnt/xs1000/me/serverust/target/debug/build/aws-lc-sys-1abb8240651f9632/out`
     Running `sccache /home/jaime/.rustup/toolchains/1.94.1-x86_64-unknown-linux-gnu/bin/rustc --crate-name serverust --edition=2024 serverust-cli/src/main.rs --error-format=json --json=diagnostic-rendered-ansi,artifacts,future-incompat --emit=dep-info,metadata -C embed-bitcode=no -C debuginfo=line-tables-only -C split-debuginfo=unpacked --test --check-cfg 'cfg(docsrs,test)' --check-cfg 'cfg(feature, values())' -C metadata=c9487d17fb1f8cdc -C extra-filename=-5589a37457027da5 --out-dir /mnt/xs1000/me/serverust/target/debug/deps -C incremental=/mnt/xs1000/me/serverust/target/debug/incremental -L dependency=/mnt/xs1000/me/serverust/target/debug/deps --extern anyhow=/mnt/xs1000/me/serverust/target/debug/deps/libanyhow-8826cf938f220741.rmeta --extern aws_config=/mnt/xs1000/me/serverust/target/debug/deps/libaws_config-6b378f03782a8d3b.rmeta --extern aws_sdk_sqs=/mnt/xs1000/me/serverust/target/debug/deps/libaws_sdk_sqs-7f3ca671fc537680.rmeta --extern clap=/mnt/xs1000/me/serverust/target/debug/deps/libclap-4562ed59136ef442.rmeta --extern serverust_cli=/mnt/xs1000/me/serverust/target/debug/deps/libserverust_cli-26f6c0cfdf5fed94.rmeta --extern tempfile=/mnt/xs1000/me/serverust/target/debug/deps/libtempfile-5802b02497129cd5.rmeta --extern tokio=/mnt/xs1000/me/serverust/target/debug/deps/libtokio-14f2efd15bf01c3e.rmeta --cap-lints=warn -L native=/mnt/xs1000/me/serverust/target/debug/build/ring-5956d144be0c889c/out -L native=/mnt/xs1000/me/serverust/target/debug/build/aws-lc-sys-1abb8240651f9632/out`
     Running `sccache /home/jaime/.rustup/toolchains/1.94.1-x86_64-unknown-linux-gnu/bin/rustc --crate-name cli_parse --edition=2024 serverust-cli/tests/cli_parse.rs --error-format=json --json=diagnostic-rendered-ansi,artifacts,future-incompat --emit=dep-info,metadata -C embed-bitcode=no -C debuginfo=line-tables-only -C split-debuginfo=unpacked --test --check-cfg 'cfg(docsrs,test)' --check-cfg 'cfg(feature, values())' -C metadata=a0c4fb9d89bd12fa -C extra-filename=-ccd6babf6ca843ca --out-dir /mnt/xs1000/me/serverust/target/debug/deps -C incremental=/mnt/xs1000/me/serverust/target/debug/incremental -L dependency=/mnt/xs1000/me/serverust/target/debug/deps --extern anyhow=/mnt/xs1000/me/serverust/target/debug/deps/libanyhow-8826cf938f220741.rmeta --extern aws_config=/mnt/xs1000/me/serverust/target/debug/deps/libaws_config-6b378f03782a8d3b.rmeta --extern aws_sdk_sqs=/mnt/xs1000/me/serverust/target/debug/deps/libaws_sdk_sqs-7f3ca671fc537680.rmeta --extern clap=/mnt/xs1000/me/serverust/target/debug/deps/libclap-4562ed59136ef442.rmeta --extern serverust_cli=/mnt/xs1000/me/serverust/target/debug/deps/libserverust_cli-26f6c0cfdf5fed94.rmeta --extern tempfile=/mnt/xs1000/me/serverust/target/debug/deps/libtempfile-5802b02497129cd5.rmeta --extern tokio=/mnt/xs1000/me/serverust/target/debug/deps/libtokio-14f2efd15bf01c3e.rmeta --cap-lints=warn -L native=/mnt/xs1000/me/serverust/target/debug/build/ring-5956d144be0c889c/out -L native=/mnt/xs1000/me/serverust/target/debug/build/aws-lc-sys-1abb8240651f9632/out`
     Running `sccache /home/jaime/.rustup/toolchains/1.94.1-x86_64-unknown-linux-gnu/bin/rustc --crate-name queue_cli --edition=2024 serverust-cli/tests/queue_cli.rs --error-format=json --json=diagnostic-rendered-ansi,artifacts,future-incompat --emit=dep-info,metadata -C embed-bitcode=no -C debuginfo=line-tables-only -C split-debuginfo=unpacked --test --check-cfg 'cfg(docsrs,test)' --check-cfg 'cfg(feature, values())' -C metadata=3ce9245d1d881724 -C extra-filename=-7520133c2b683181 --out-dir /mnt/xs1000/me/serverust/target/debug/deps -C incremental=/mnt/xs1000/me/serverust/target/debug/incremental -L dependency=/mnt/xs1000/me/serverust/target/debug/deps --extern anyhow=/mnt/xs1000/me/serverust/target/debug/deps/libanyhow-8826cf938f220741.rmeta --extern aws_config=/mnt/xs1000/me/serverust/target/debug/deps/libaws_config-6b378f03782a8d3b.rmeta --extern aws_sdk_sqs=/mnt/xs1000/me/serverust/target/debug/deps/libaws_sdk_sqs-7f3ca671fc537680.rmeta --extern clap=/mnt/xs1000/me/serverust/target/debug/deps/libclap-4562ed59136ef442.rmeta --extern serverust_cli=/mnt/xs1000/me/serverust/target/debug/deps/libserverust_cli-26f6c0cfdf5fed94.rmeta --extern tempfile=/mnt/xs1000/me/serverust/target/debug/deps/libtempfile-5802b02497129cd5.rmeta --extern tokio=/mnt/xs1000/me/serverust/target/debug/deps/libtokio-14f2efd15bf01c3e.rmeta --cap-lints=warn -L native=/mnt/xs1000/me/serverust/target/debug/build/ring-5956d144be0c889c/out -L native=/mnt/xs1000/me/serverust/target/debug/build/aws-lc-sys-1abb8240651f9632/out`
     Running `sccache /home/jaime/.rustup/toolchains/1.94.1-x86_64-unknown-linux-gnu/bin/rustc --crate-name scaffold --edition=2024 serverust-cli/tests/scaffold.rs --error-format=json --json=diagnostic-rendered-ansi,artifacts,future-incompat --emit=dep-info,metadata -C embed-bitcode=no -C debuginfo=line-tables-only -C split-debuginfo=unpacked --test --check-cfg 'cfg(docsrs,test)' --check-cfg 'cfg(feature, values())' -C metadata=f65add836d1074b2 -C extra-filename=-66eb466f51816b17 --out-dir /mnt/xs1000/me/serverust/target/debug/deps -C incremental=/mnt/xs1000/me/serverust/target/debug/incremental -L dependency=/mnt/xs1000/me/serverust/target/debug/deps --extern anyhow=/mnt/xs1000/me/serverust/target/debug/deps/libanyhow-8826cf938f220741.rmeta --extern aws_config=/mnt/xs1000/me/serverust/target/debug/deps/libaws_config-6b378f03782a8d3b.rmeta --extern aws_sdk_sqs=/mnt/xs1000/me/serverust/target/debug/deps/libaws_sdk_sqs-7f3ca671fc537680.rmeta --extern clap=/mnt/xs1000/me/serverust/target/debug/deps/libclap-4562ed59136ef442.rmeta --extern serverust_cli=/mnt/xs1000/me/serverust/target/debug/deps/libserverust_cli-26f6c0cfdf5fed94.rmeta --extern tempfile=/mnt/xs1000/me/serverust/target/debug/deps/libtempfile-5802b02497129cd5.rmeta --extern tokio=/mnt/xs1000/me/serverust/target/debug/deps/libtokio-14f2efd15bf01c3e.rmeta --cap-lints=warn -L native=/mnt/xs1000/me/serverust/target/debug/build/ring-5956d144be0c889c/out -L native=/mnt/xs1000/me/serverust/target/debug/build/aws-lc-sys-1abb8240651f9632/out`
     Running `sccache /home/jaime/.rustup/toolchains/1.94.1-x86_64-unknown-linux-gnu/bin/rustc --crate-name asyncapi_cli --edition=2024 serverust-cli/tests/asyncapi_cli.rs --error-format=json --json=diagnostic-rendered-ansi,artifacts,future-incompat --emit=dep-info,metadata -C embed-bitcode=no -C debuginfo=line-tables-only -C split-debuginfo=unpacked --test --check-cfg 'cfg(docsrs,test)' --check-cfg 'cfg(feature, values())' -C metadata=4e9f01f11b4ddc89 -C extra-filename=-4338706fc0633c78 --out-dir /mnt/xs1000/me/serverust/target/debug/deps -C incremental=/mnt/xs1000/me/serverust/target/debug/incremental -L dependency=/mnt/xs1000/me/serverust/target/debug/deps --extern anyhow=/mnt/xs1000/me/serverust/target/debug/deps/libanyhow-8826cf938f220741.rmeta --extern aws_config=/mnt/xs1000/me/serverust/target/debug/deps/libaws_config-6b378f03782a8d3b.rmeta --extern aws_sdk_sqs=/mnt/xs1000/me/serverust/target/debug/deps/libaws_sdk_sqs-7f3ca671fc537680.rmeta --extern clap=/mnt/xs1000/me/serverust/target/debug/deps/libclap-4562ed59136ef442.rmeta --extern serverust_cli=/mnt/xs1000/me/serverust/target/debug/deps/libserverust_cli-26f6c0cfdf5fed94.rmeta --extern tempfile=/mnt/xs1000/me/serverust/target/debug/deps/libtempfile-5802b02497129cd5.rmeta --extern tokio=/mnt/xs1000/me/serverust/target/debug/deps/libtokio-14f2efd15bf01c3e.rmeta --cap-lints=warn -L native=/mnt/xs1000/me/serverust/target/debug/build/ring-5956d144be0c889c/out -L native=/mnt/xs1000/me/serverust/target/debug/build/aws-lc-sys-1abb8240651f9632/out`
    Finished `dev` profile [unoptimized + debuginfo] target(s) in 1.31s

*** result: Success
