
*** serverust-cli/src/lib.rs:39:5: replace run -> Result<()> with Ok(())

*** mutation diff:
--- serverust-cli/src/lib.rs
+++ replace run -> Result<()> with Ok(())
@@ -31,93 +31,17 @@
 
 use crate::cli::{Cli, Command, DeployTarget, OpenapiCommand, QueueCommand};
 
 /// Executa um comando da CLI já parseado.
 ///
 /// Operações de IO (criação de arquivos, spawn de processos) são executadas
 /// aqui; a separação em módulos mantém a lógica testável sem efeitos colaterais.
 pub fn run(cli: Cli) -> Result<()> {
-    match cli.command {
-        Command::New { name } => {
-            let cwd = std::env::current_dir()?;
-            scaffold::new_project(&cwd, &name)?;
-            println!("✓ project created at {}/{}", cwd.display(), name);
-            Ok(())
-        }
-        Command::Generate { kind, name, crud } => {
-            let cwd = std::env::current_dir()?;
-            scaffold::generate(&cwd, kind, &name, crud)?;
-            println!("✓ {kind:?} '{name}' generated");
-            Ok(())
-        }
-        Command::Dev => {
-            require_cargo_subcommand("watch", "cargo install cargo-watch")?;
-            spawn_status(commands::dev_cargo_command(), "dev")
-        }
-        Command::Build { release } => spawn_status(commands::build_cargo_command(release), "build"),
-        Command::Deploy { target } => match target {
-            DeployTarget::Lambda { arch } => {
-                require_cargo_subcommand(
-                    "lambda",
-                    "cargo install cargo-lambda  # ou https://www.cargo-lambda.info/guide/installation.html",
-                )?;
-                spawn_status(commands::deploy_lambda_cargo_command(arch), "deploy lambda")
-            }
-        },
-        Command::Info { asyncapi, out } => {
-            if out.is_some() && !asyncapi {
-                anyhow::bail!(
-                    "`--out` requer `--asyncapi`. Use: serverust info --asyncapi --out <arquivo>"
-                );
-            }
-            if asyncapi {
-                let out_path = out.unwrap_or_else(|| std::path::PathBuf::from("asyncapi.yaml"));
-                spawn_status(
-                    commands::asyncapi_export_command(&out_path),
-                    "info --asyncapi",
-                )
-            } else {
-                println!("{}", commands::info_text());
-                Ok(())
-            }
-        }
-        Command::Doctor => {
-            let cwd = std::env::current_dir()?;
-            println!("{}", commands::doctor_report(&cwd));
-            Ok(())
-        }
-        Command::Openapi { command } => match command {
-            OpenapiCommand::Export { out } => {
-                spawn_status(commands::openapi_export_command(&out), "openapi export")
-            }
-            OpenapiCommand::Client { lang, input, out } => spawn_status(
-                commands::openapi_client_command(lang, &input, &out),
-                "openapi client",
-            ),
-        },
-        Command::Queue { command } => {
-            let rt = tokio::runtime::Builder::new_current_thread()
-                .enable_all()
-                .build()
-                .map_err(|e| anyhow::anyhow!("failed to build tokio runtime: {e}"))?;
-            match command {
-                QueueCommand::Inspect { url } => {
-                    let attrs = rt.block_on(queue_aws::get_attributes(&url))?;
-                    print!("{}", queue::format_inspect(&attrs));
-                    Ok(())
-                }
-                QueueCommand::Tail { url, max } => {
-                    let msgs = rt.block_on(queue_aws::receive_messages(&url, max))?;
-                    print!("{}", queue::format_messages(&msgs));
-                    Ok(())
-                }
-            }
-        }
-    }
+    Ok(()) /* ~ changed by cargo-mutants ~ */
 }
 
 /// Confirma que `cargo-<subcommand>` está disponível no PATH antes de chamar.
 ///
 /// Em vez de deixar o cargo cuspir o erro padrão (`error: no such command: ...`),
 /// emitimos uma mensagem com o comando exato de instalação. Reduz fricção para
 /// quem está descobrindo o framework e ainda não conhece o ecossistema.
 fn require_cargo_subcommand(subcommand: &str, install_hint: &str) -> Result<()> {


*** /home/jaime/.rustup/toolchains/1.94.1-x86_64-unknown-linux-gnu/bin/cargo check --tests --verbose --package=serverust-cli@0.4.0
       Fresh unicode-ident v1.0.24
       Fresh proc-macro2 v1.0.106
       Fresh quote v1.0.45
       Fresh bytes v1.11.1
       Fresh pin-project-lite v0.2.17
       Fresh itoa v1.0.18
       Fresh futures-core v0.3.32
       Fresh find-msvc-tools v0.1.9
       Fresh shlex v1.3.0
       Fresh once_cell v1.21.4
       Fresh syn v2.0.117
       Fresh fnv v1.0.7
       Fresh futures-sink v0.3.32
       Fresh http v1.4.0
       Fresh tracing-core v0.1.36
       Fresh autocfg v1.5.0
    Checking futures-task v0.3.32
       Fresh zeroize v1.8.2
       Fresh powerfmt v0.2.0
       Fresh cfg-if v1.0.4
       Fresh outref v0.5.2
       Fresh vsimd v0.8.0
       Fresh dunce v1.0.5
       Fresh either v1.15.0
       Fresh time-core v0.1.8
       Fresh num-conv v0.2.1
       Fresh libc v0.2.186
       Fresh tokio-macros v2.7.0
       Fresh tracing-attributes v0.1.31
       Fresh http-body v1.0.1
       Fresh http v0.2.12
       Fresh synstructure v0.13.2
       Fresh deranged v0.5.8
       Fresh untrusted v0.9.0
       Fresh fs_extra v1.3.0
       Fresh base64-simd v0.8.0
       Fresh bytes-utils v0.1.4
       Fresh ryu v1.0.23
       Fresh pin-utils v0.1.0
       Fresh hashbrown v0.17.1
     Running `sccache /home/jaime/.rustup/toolchains/1.94.1-x86_64-unknown-linux-gnu/bin/rustc --crate-name futures_task --edition=2018 /home/jaime/.cargo/registry/src/index.crates.io-1949cf8c6b5b557f/futures-task-0.3.32/src/lib.rs --error-format=json --json=diagnostic-rendered-ansi,artifacts,future-incompat --crate-type lib --emit=dep-info,metadata -C embed-bitcode=no --warn=unreachable_pub --warn=unexpected_cfgs --warn=single_use_lifetimes --warn=rust_2018_idioms --warn=missing_debug_implementations --check-cfg 'cfg(futures_sanitizer)' --check-cfg 'cfg(docsrs,test)' --check-cfg 'cfg(feature, values("alloc", "cfg-target-has-atomic", "default", "std", "unstable"))' -C metadata=3ba81f14e7055de4 -C extra-filename=-a5c35e80fe952034 --out-dir /mnt/xs1000/me/serverust/target/debug/deps -C strip=debuginfo -L dependency=/mnt/xs1000/me/serverust/target/debug/deps --cap-lints allow --cap-lints=warn`
       Fresh mio v1.2.0
       Fresh socket2 v0.6.3
       Fresh jobserver v0.1.34
    Checking tracing v0.1.44
       Fresh http-body v0.4.6
       Fresh http-body-util v0.1.3
       Fresh zerofrom-derive v0.1.7
       Fresh time v0.3.47
       Fresh yoke-derive v0.8.2
       Fresh stable_deref_trait v1.2.1
       Fresh equivalent v1.0.2
       Fresh slab v0.4.12
       Fresh smallvec v1.15.1
     Running `sccache /home/jaime/.rustup/toolchains/1.94.1-x86_64-unknown-linux-gnu/bin/rustc --crate-name tracing --edition=2018 /home/jaime/.cargo/registry/src/index.crates.io-1949cf8c6b5b557f/tracing-0.1.44/src/lib.rs --error-format=json --json=diagnostic-rendered-ansi,artifacts,future-incompat --crate-type lib --emit=dep-info,metadata -C embed-bitcode=no --warn=unexpected_cfgs --check-cfg 'cfg(flaky_tests)' --check-cfg 'cfg(tracing_unstable)' --check-cfg 'cfg(unsound_local_offset)' --cfg 'feature="attributes"' --cfg 'feature="default"' --cfg 'feature="std"' --cfg 'feature="tracing-attributes"' --check-cfg 'cfg(docsrs,test)' --check-cfg 'cfg(feature, values("async-await", "attributes", "default", "log", "log-always", "max_level_debug", "max_level_error", "max_level_info", "max_level_off", "max_level_trace", "max_level_warn", "release_max_level_debug", "release_max_level_error", "release_max_level_info", "release_max_level_off", "release_max_level_trace", "release_max_level_warn", "std", "tracing-attributes", "valuable"))' -C metadata=aff110c4bf3b0109 -C extra-filename=-779dc977580397fd --out-dir /mnt/xs1000/me/serverust/target/debug/deps -C strip=debuginfo -L dependency=/mnt/xs1000/me/serverust/target/debug/deps --extern pin_project_lite=/mnt/xs1000/me/serverust/target/debug/deps/libpin_project_lite-270bed2e66c54b93.rmeta --extern tracing_attributes=/mnt/xs1000/me/serverust/target/debug/deps/libtracing_attributes-da3f2e1b068ab6d9.so --extern tracing_core=/mnt/xs1000/me/serverust/target/debug/deps/libtracing_core-9919e2dae7caee41.rmeta --cap-lints allow --cap-lints=warn`
       Fresh cc v1.2.62
    Checking tokio v1.52.3
       Fresh num-traits v0.2.19
       Fresh zerofrom v0.1.8
    Checking indexmap v2.14.0
       Fresh getrandom v0.2.17
       Fresh zerovec-derive v0.11.3
       Fresh aws-smithy-runtime-api-macros v1.0.0
       Fresh percent-encoding v2.3.2
       Fresh try-lock v0.2.5
       Fresh rustls-pki-types v1.14.1
       Fresh displaydoc v0.2.5
       Fresh futures-channel v0.3.32
       Fresh typenum v1.20.0
     Running `sccache /home/jaime/.rustup/toolchains/1.94.1-x86_64-unknown-linux-gnu/bin/rustc --crate-name tokio --edition=2021 /home/jaime/.cargo/registry/src/index.crates.io-1949cf8c6b5b557f/tokio-1.52.3/src/lib.rs --error-format=json --json=diagnostic-rendered-ansi,artifacts,future-incompat --crate-type lib --emit=dep-info,metadata -C embed-bitcode=no --warn=unexpected_cfgs --check-cfg 'cfg(fuzzing)' --check-cfg 'cfg(loom)' --check-cfg 'cfg(mio_unsupported_force_poll_poll)' --check-cfg 'cfg(tokio_allow_from_blocking_fd)' --check-cfg 'cfg(tokio_internal_mt_counters)' --check-cfg 'cfg(tokio_no_parking_lot)' --check-cfg 'cfg(tokio_no_tuning_tests)' --check-cfg 'cfg(tokio_unstable)' --check-cfg 'cfg(target_os, values("cygwin"))' --cfg 'feature="bytes"' --cfg 'feature="default"' --cfg 'feature="fs"' --cfg 'feature="io-util"' --cfg 'feature="libc"' --cfg 'feature="macros"' --cfg 'feature="mio"' --cfg 'feature="net"' --cfg 'feature="rt"' --cfg 'feature="socket2"' --cfg 'feature="sync"' --cfg 'feature="time"' --cfg 'feature="tokio-macros"' --check-cfg 'cfg(docsrs,test)' --check-cfg 'cfg(feature, values("bytes", "default", "fs", "full", "io-std", "io-uring", "io-util", "libc", "macros", "mio", "net", "parking_lot", "process", "rt", "rt-multi-thread", "signal", "signal-hook-registry", "socket2", "sync", "taskdump", "test-util", "time", "tokio-macros", "tracing", "windows-sys"))' -C metadata=1c1c8f3dfd076bec -C extra-filename=-14f2efd15bf01c3e --out-dir /mnt/xs1000/me/serverust/target/debug/deps -C strip=debuginfo -L dependency=/mnt/xs1000/me/serverust/target/debug/deps --extern bytes=/mnt/xs1000/me/serverust/target/debug/deps/libbytes-24b2c1ac915ba1ec.rmeta --extern libc=/mnt/xs1000/me/serverust/target/debug/deps/liblibc-579d2338c093c9bb.rmeta --extern mio=/mnt/xs1000/me/serverust/target/debug/deps/libmio-b2f04d14ca53fb48.rmeta --extern pin_project_lite=/mnt/xs1000/me/serverust/target/debug/deps/libpin_project_lite-270bed2e66c54b93.rmeta --extern socket2=/mnt/xs1000/me/serverust/target/debug/deps/libsocket2-71779733c7ac054e.rmeta --extern tokio_macros=/mnt/xs1000/me/serverust/target/debug/deps/libtokio_macros-b3e053a979cc7b34.so --cap-lints allow --cap-lints=warn`
     Running `sccache /home/jaime/.rustup/toolchains/1.94.1-x86_64-unknown-linux-gnu/bin/rustc --crate-name indexmap --edition=2024 /home/jaime/.cargo/registry/src/index.crates.io-1949cf8c6b5b557f/indexmap-2.14.0/src/lib.rs --error-format=json --json=diagnostic-rendered-ansi,artifacts,future-incompat --crate-type lib --emit=dep-info,metadata -C embed-bitcode=no --deny=unsafe-code --deny=unreachable-pub --deny=unnameable-types '--allow=clippy::style' --warn=rust-2018-idioms --deny=private-interfaces --deny=private-bounds --cfg 'feature="default"' --cfg 'feature="std"' --check-cfg 'cfg(docsrs,test)' --check-cfg 'cfg(feature, values("arbitrary", "borsh", "default", "quickcheck", "rayon", "serde", "std", "sval", "test_debug"))' -C metadata=fe536a138e202cc2 -C extra-filename=-80ff5f6a8d1b92d4 --out-dir /mnt/xs1000/me/serverust/target/debug/deps -C strip=debuginfo -L dependency=/mnt/xs1000/me/serverust/target/debug/deps --extern equivalent=/mnt/xs1000/me/serverust/target/debug/deps/libequivalent-5ceb347a3b6fdabe.rmeta --extern hashbrown=/mnt/xs1000/me/serverust/target/debug/deps/libhashbrown-377a60989fa36771.rmeta --cap-lints allow --cap-lints=warn`
       Fresh cmake v0.1.58
       Fresh num-integer v0.1.46
       Fresh yoke v0.8.2
       Fresh httparse v1.10.1
       Fresh want v0.3.1
       Fresh tower-service v0.3.3
       Fresh hybrid-array v0.4.12
       Fresh atomic-waker v1.1.2
       Fresh log v0.4.29
       Fresh subtle v2.6.1
       Fresh zerovec v0.11.6
       Fresh cmov v0.5.3
       Fresh block-buffer v0.12.0
       Fresh crypto-common v0.2.1
       Fresh socket2 v0.5.10
       Fresh httpdate v1.0.3
       Fresh ipnet v2.12.0
       Fresh openssl-probe v0.2.1
       Fresh semver v1.0.28
       Fresh base64 v0.22.1
       Fresh litemap v0.8.2
       Fresh ring v0.17.14
       Fresh tinystr v0.8.3
       Fresh ctutils v0.4.2
       Fresh writeable v0.6.3
       Fresh const-oid v0.10.2
       Fresh potential_utf v0.1.5
       Fresh rustc_version v0.4.1
       Fresh rustls-native-certs v0.8.3
       Fresh zerotrie v0.2.4
       Fresh tower-layer v0.3.3
       Fresh aws-lc-sys v0.41.0
       Fresh sct v0.7.1
       Fresh rustls-webpki v0.101.7
       Fresh icu_locale_core v2.2.0
       Fresh digest v0.11.3
       Fresh utf8_iter v1.0.4
    Checking tower v0.5.3
       Fresh form_urlencoded v1.2.2
       Fresh cpufeatures v0.3.0
       Fresh aws-lc-rs v1.17.0
       Fresh rustls v0.21.12
       Fresh icu_collections v2.2.0
       Fresh icu_provider v2.2.0
       Fresh fastrand v2.4.1
       Fresh icu_properties_data v2.2.0
       Fresh sha2 v0.11.0
       Fresh hmac v0.13.0
       Fresh hex v0.4.3
     Running `sccache /home/jaime/.rustup/toolchains/1.94.1-x86_64-unknown-linux-gnu/bin/rustc --crate-name tower --edition=2018 /home/jaime/.cargo/registry/src/index.crates.io-1949cf8c6b5b557f/tower-0.5.3/src/lib.rs --error-format=json --json=diagnostic-rendered-ansi,artifacts,future-incompat --crate-type lib --emit=dep-info,metadata -C embed-bitcode=no --check-cfg 'cfg(docsrs,test)' --check-cfg 'cfg(feature, values("balance", "buffer", "discover", "filter", "full", "futures-core", "futures-util", "hdrhistogram", "hedge", "indexmap", "limit", "load", "load-shed", "log", "make", "pin-project-lite", "ready-cache", "reconnect", "retry", "slab", "spawn-ready", "steer", "sync_wrapper", "timeout", "tokio", "tokio-stream", "tokio-util", "tracing", "util"))' -C metadata=ba8bf5bdd96881c3 -C extra-filename=-42fb6af8f7c10629 --out-dir /mnt/xs1000/me/serverust/target/debug/deps -C strip=debuginfo -L dependency=/mnt/xs1000/me/serverust/target/debug/deps --extern tower_layer=/mnt/xs1000/me/serverust/target/debug/deps/libtower_layer-c5aad0782f0ddca7.rmeta --extern tower_service=/mnt/xs1000/me/serverust/target/debug/deps/libtower_service-f18b6da5e1f58253.rmeta --cap-lints allow --cap-lints=warn`
       Fresh rustls-webpki v0.103.13
       Fresh icu_normalizer_data v2.2.0
       Fresh icu_properties v2.2.0
       Fresh utf8parse v0.2.2
    Checking uuid v1.23.1
       Fresh anstyle v1.0.14
       Fresh anstyle-query v1.1.5
       Fresh colorchoice v1.0.5
       Fresh urlencoding v2.1.3
       Fresh is_terminal_polyfill v1.70.2
       Fresh regex-lite v0.1.9
       Fresh xmlparser v0.13.6
     Running `sccache /home/jaime/.rustup/toolchains/1.94.1-x86_64-unknown-linux-gnu/bin/rustc --crate-name uuid --edition=2021 /home/jaime/.cargo/registry/src/index.crates.io-1949cf8c6b5b557f/uuid-1.23.1/src/lib.rs --error-format=json --json=diagnostic-rendered-ansi,artifacts,future-incompat --crate-type lib --emit=dep-info,metadata -C embed-bitcode=no --allow=unexpected_cfgs --check-cfg 'cfg(uuid_unstable)' --cfg 'feature="default"' --cfg 'feature="std"' --check-cfg 'cfg(docsrs,test)' --check-cfg 'cfg(feature, values("arbitrary", "atomic", "borsh", "bytemuck", "default", "fast-rng", "js", "macro-diagnostics", "md5", "rng", "rng-getrandom", "rng-rand", "serde", "sha1", "slog", "std", "uuid-rng-internal-lib", "v1", "v3", "v4", "v5", "v6", "v7", "v8", "zerocopy"))' -C metadata=a18dc52eb2eb267b -C extra-filename=-019b200cfac32527 --out-dir /mnt/xs1000/me/serverust/target/debug/deps -C strip=debuginfo -L dependency=/mnt/xs1000/me/serverust/target/debug/deps --cap-lints allow --cap-lints=warn`
       Fresh rustls v0.23.40
       Fresh icu_normalizer v2.2.0
       Fresh anstyle-parse v1.0.0
       Fresh aws-smithy-xml v0.60.15
       Fresh heck v0.5.0
       Fresh clap_lex v1.1.0
       Fresh strsim v0.11.1
       Fresh linux-raw-sys v0.12.1
       Fresh idna_adapter v1.2.2
       Fresh anstream v1.0.0
       Fresh clap_derive v4.6.1
       Fresh bitflags v2.11.1
    Checking idna v1.1.0
       Fresh clap_builder v4.6.0
       Fresh getrandom v0.4.2
       Fresh rustix v1.1.4
       Fresh anyhow v1.0.102
     Running `sccache /home/jaime/.rustup/toolchains/1.94.1-x86_64-unknown-linux-gnu/bin/rustc --crate-name idna --edition=2018 /home/jaime/.cargo/registry/src/index.crates.io-1949cf8c6b5b557f/idna-1.1.0/src/lib.rs --error-format=json --json=diagnostic-rendered-ansi,artifacts,future-incompat --crate-type lib --emit=dep-info,metadata -C embed-bitcode=no --cfg 'feature="alloc"' --cfg 'feature="compiled_data"' --cfg 'feature="std"' --check-cfg 'cfg(docsrs,test)' --check-cfg 'cfg(feature, values("alloc", "compiled_data", "default", "std"))' -C metadata=d309338cc0211c9d -C extra-filename=-24d37fdc3f01f6d3 --out-dir /mnt/xs1000/me/serverust/target/debug/deps -C strip=debuginfo -L dependency=/mnt/xs1000/me/serverust/target/debug/deps --extern idna_adapter=/mnt/xs1000/me/serverust/target/debug/deps/libidna_adapter-c619d5f6a10e3aa9.rmeta --extern smallvec=/mnt/xs1000/me/serverust/target/debug/deps/libsmallvec-5b4f34ff53eb294a.rmeta --extern utf8_iter=/mnt/xs1000/me/serverust/target/debug/deps/libutf8_iter-56ef55ceae9e41c3.rmeta --cap-lints allow --cap-lints=warn`
       Fresh clap v4.6.1
       Fresh tempfile v3.27.0
    Checking futures-util v0.3.32
     Running `sccache /home/jaime/.rustup/toolchains/1.94.1-x86_64-unknown-linux-gnu/bin/rustc --crate-name futures_util --edition=2018 /home/jaime/.cargo/registry/src/index.crates.io-1949cf8c6b5b557f/futures-util-0.3.32/src/lib.rs --error-format=json --json=diagnostic-rendered-ansi,artifacts,future-incompat --crate-type lib --emit=dep-info,metadata -C embed-bitcode=no --warn=unreachable_pub --warn=unexpected_cfgs --warn=single_use_lifetimes --warn=rust_2018_idioms --warn=missing_debug_implementations --check-cfg 'cfg(futures_sanitizer)' --check-cfg 'cfg(docsrs,test)' --check-cfg 'cfg(feature, values("alloc", "async-await", "async-await-macro", "bilock", "cfg-target-has-atomic", "channel", "compat", "default", "futures-channel", "futures-io", "futures-macro", "futures-sink", "futures_01", "io", "io-compat", "libc", "memchr", "portable-atomic", "sink", "slab", "spin", "std", "tokio-io", "unstable", "write-all-vectored"))' -C metadata=45cbb0956d97dd08 -C extra-filename=-6d97b07942e900fe --out-dir /mnt/xs1000/me/serverust/target/debug/deps -C strip=debuginfo -L dependency=/mnt/xs1000/me/serverust/target/debug/deps --extern futures_core=/mnt/xs1000/me/serverust/target/debug/deps/libfutures_core-9691945b461181f0.rmeta --extern futures_task=/mnt/xs1000/me/serverust/target/debug/deps/libfutures_task-a5c35e80fe952034.rmeta --extern pin_project_lite=/mnt/xs1000/me/serverust/target/debug/deps/libpin_project_lite-270bed2e66c54b93.rmeta --cap-lints allow --cap-lints=warn`
    Checking url v2.5.8
     Running `sccache /home/jaime/.rustup/toolchains/1.94.1-x86_64-unknown-linux-gnu/bin/rustc --crate-name url --edition=2018 /home/jaime/.cargo/registry/src/index.crates.io-1949cf8c6b5b557f/url-2.5.8/src/lib.rs --error-format=json --json=diagnostic-rendered-ansi,artifacts,future-incompat --crate-type lib --emit=dep-info,metadata -C embed-bitcode=no --cfg 'feature="default"' --cfg 'feature="std"' --check-cfg 'cfg(docsrs,test)' --check-cfg 'cfg(feature, values("debugger_visualizer", "default", "expose_internals", "serde", "std"))' -C metadata=e7aa025682bb216f -C extra-filename=-aee96ccd564b0778 --out-dir /mnt/xs1000/me/serverust/target/debug/deps -C strip=debuginfo -L dependency=/mnt/xs1000/me/serverust/target/debug/deps --extern form_urlencoded=/mnt/xs1000/me/serverust/target/debug/deps/libform_urlencoded-6781fc833d966e8c.rmeta --extern idna=/mnt/xs1000/me/serverust/target/debug/deps/libidna-24d37fdc3f01f6d3.rmeta --extern percent_encoding=/mnt/xs1000/me/serverust/target/debug/deps/libpercent_encoding-09d59d0f8abf79bd.rmeta --cap-lints allow --cap-lints=warn`
    Checking tokio-util v0.7.18
    Checking aws-smithy-async v1.2.14
    Checking tokio-rustls v0.26.4
    Checking tokio-rustls v0.24.1
     Running `sccache /home/jaime/.rustup/toolchains/1.94.1-x86_64-unknown-linux-gnu/bin/rustc --crate-name tokio_util --edition=2021 /home/jaime/.cargo/registry/src/index.crates.io-1949cf8c6b5b557f/tokio-util-0.7.18/src/lib.rs --error-format=json --json=diagnostic-rendered-ansi,artifacts,future-incompat --crate-type lib --emit=dep-info,metadata -C embed-bitcode=no --warn=unexpected_cfgs --check-cfg 'cfg(fuzzing)' --check-cfg 'cfg(loom)' --check-cfg 'cfg(mio_unsupported_force_poll_poll)' --check-cfg 'cfg(tokio_allow_from_blocking_fd)' --check-cfg 'cfg(tokio_internal_mt_counters)' --check-cfg 'cfg(tokio_no_parking_lot)' --check-cfg 'cfg(tokio_no_tuning_tests)' --check-cfg 'cfg(tokio_unstable)' --check-cfg 'cfg(target_os, values("cygwin"))' --cfg 'feature="codec"' --cfg 'feature="default"' --cfg 'feature="io"' --check-cfg 'cfg(docsrs,test)' --check-cfg 'cfg(feature, values("__docs_rs", "codec", "compat", "default", "full", "futures-io", "futures-util", "hashbrown", "io", "io-util", "join-map", "net", "rt", "slab", "time", "tracing"))' -C metadata=5a4db1f34c61d0a1 -C extra-filename=-bf8714eae68e23bd --out-dir /mnt/xs1000/me/serverust/target/debug/deps -C strip=debuginfo -L dependency=/mnt/xs1000/me/serverust/target/debug/deps --extern bytes=/mnt/xs1000/me/serverust/target/debug/deps/libbytes-24b2c1ac915ba1ec.rmeta --extern futures_core=/mnt/xs1000/me/serverust/target/debug/deps/libfutures_core-9691945b461181f0.rmeta --extern futures_sink=/mnt/xs1000/me/serverust/target/debug/deps/libfutures_sink-282eb736957cbb42.rmeta --extern pin_project_lite=/mnt/xs1000/me/serverust/target/debug/deps/libpin_project_lite-270bed2e66c54b93.rmeta --extern tokio=/mnt/xs1000/me/serverust/target/debug/deps/libtokio-14f2efd15bf01c3e.rmeta --cap-lints allow --cap-lints=warn`
     Running `sccache /home/jaime/.rustup/toolchains/1.94.1-x86_64-unknown-linux-gnu/bin/rustc --crate-name aws_smithy_async --edition=2021 /home/jaime/.cargo/registry/src/index.crates.io-1949cf8c6b5b557f/aws-smithy-async-1.2.14/src/lib.rs --error-format=json --json=diagnostic-rendered-ansi,artifacts,future-incompat --crate-type lib --emit=dep-info,metadata -C embed-bitcode=no --cfg 'feature="rt-tokio"' --check-cfg 'cfg(docsrs,test)' --check-cfg 'cfg(feature, values("rt-tokio", "test-util"))' -C metadata=525d056ac8160217 -C extra-filename=-cbc14b39499680fe --out-dir /mnt/xs1000/me/serverust/target/debug/deps -C strip=debuginfo -L dependency=/mnt/xs1000/me/serverust/target/debug/deps --extern futures_util=/mnt/xs1000/me/serverust/target/debug/deps/libfutures_util-6d97b07942e900fe.rmeta --extern pin_project_lite=/mnt/xs1000/me/serverust/target/debug/deps/libpin_project_lite-270bed2e66c54b93.rmeta --extern tokio=/mnt/xs1000/me/serverust/target/debug/deps/libtokio-14f2efd15bf01c3e.rmeta --cap-lints allow --cap-lints=warn`
     Running `sccache /home/jaime/.rustup/toolchains/1.94.1-x86_64-unknown-linux-gnu/bin/rustc --crate-name tokio_rustls --edition=2021 /home/jaime/.cargo/registry/src/index.crates.io-1949cf8c6b5b557f/tokio-rustls-0.26.4/src/lib.rs --error-format=json --json=diagnostic-rendered-ansi,artifacts,future-incompat --crate-type lib --emit=dep-info,metadata -C embed-bitcode=no --cfg 'feature="tls12"' --check-cfg 'cfg(docsrs,test)' --check-cfg 'cfg(feature, values("aws-lc-rs", "aws_lc_rs", "brotli", "default", "early-data", "fips", "logging", "ring", "tls12", "zlib"))' -C metadata=77f7710f8b077d26 -C extra-filename=-ed774eaeac0ff9de --out-dir /mnt/xs1000/me/serverust/target/debug/deps -C strip=debuginfo -L dependency=/mnt/xs1000/me/serverust/target/debug/deps --extern rustls=/mnt/xs1000/me/serverust/target/debug/deps/librustls-a011c527dab113b6.rmeta --extern tokio=/mnt/xs1000/me/serverust/target/debug/deps/libtokio-14f2efd15bf01c3e.rmeta --cap-lints allow --cap-lints=warn -L native=/mnt/xs1000/me/serverust/target/debug/build/aws-lc-sys-1abb8240651f9632/out`
     Running `sccache /home/jaime/.rustup/toolchains/1.94.1-x86_64-unknown-linux-gnu/bin/rustc --crate-name tokio_rustls --edition=2018 /home/jaime/.cargo/registry/src/index.crates.io-1949cf8c6b5b557f/tokio-rustls-0.24.1/src/lib.rs --error-format=json --json=diagnostic-rendered-ansi,artifacts,future-incompat --crate-type lib --emit=dep-info,metadata -C embed-bitcode=no --cfg 'feature="logging"' --cfg 'feature="tls12"' --check-cfg 'cfg(docsrs,test)' --check-cfg 'cfg(feature, values("dangerous_configuration", "default", "early-data", "logging", "secret_extraction", "tls12"))' -C metadata=62e4beb38aa3fe6d -C extra-filename=-48dc1b8c078c250b --out-dir /mnt/xs1000/me/serverust/target/debug/deps -C strip=debuginfo -L dependency=/mnt/xs1000/me/serverust/target/debug/deps --extern rustls=/mnt/xs1000/me/serverust/target/debug/deps/librustls-94e03ce4f2728781.rmeta --extern tokio=/mnt/xs1000/me/serverust/target/debug/deps/libtokio-14f2efd15bf01c3e.rmeta --cap-lints allow --cap-lints=warn -L native=/mnt/xs1000/me/serverust/target/debug/build/ring-5956d144be0c889c/out`
    Checking aws-smithy-types v1.4.7
    Checking h2 v0.4.14
    Checking h2 v0.3.27
     Running `sccache /home/jaime/.rustup/toolchains/1.94.1-x86_64-unknown-linux-gnu/bin/rustc --crate-name aws_smithy_types --edition=2021 /home/jaime/.cargo/registry/src/index.crates.io-1949cf8c6b5b557f/aws-smithy-types-1.4.7/src/lib.rs --error-format=json --json=diagnostic-rendered-ansi,artifacts,future-incompat --crate-type lib --emit=dep-info,metadata -C embed-bitcode=no --warn=unexpected_cfgs --check-cfg 'cfg(aws_sdk_unstable)' --cfg 'feature="byte-stream-poll-next"' --cfg 'feature="http-body-0-4-x"' --cfg 'feature="http-body-1-x"' --cfg 'feature="rt-tokio"' --cfg 'feature="test-util"' --check-cfg 'cfg(docsrs,test)' --check-cfg 'cfg(feature, values("byte-stream-poll-next", "http-body-0-4-x", "http-body-1-x", "hyper-0-14-x", "rt-tokio", "serde-deserialize", "serde-serialize", "test-util"))' -C metadata=dada8b28c8462a2e -C extra-filename=-5e9304c76ef568e3 --out-dir /mnt/xs1000/me/serverust/target/debug/deps -C strip=debuginfo -L dependency=/mnt/xs1000/me/serverust/target/debug/deps --extern base64_simd=/mnt/xs1000/me/serverust/target/debug/deps/libbase64_simd-8abe927b578b53ae.rmeta --extern bytes=/mnt/xs1000/me/serverust/target/debug/deps/libbytes-24b2c1ac915ba1ec.rmeta --extern bytes_utils=/mnt/xs1000/me/serverust/target/debug/deps/libbytes_utils-44b4fa87ef217493.rmeta --extern futures_core=/mnt/xs1000/me/serverust/target/debug/deps/libfutures_core-9691945b461181f0.rmeta --extern http=/mnt/xs1000/me/serverust/target/debug/deps/libhttp-4f1990fccdc3e5fd.rmeta --extern http_1x=/mnt/xs1000/me/serverust/target/debug/deps/libhttp-db293744f4dc6c64.rmeta --extern http_body_0_4=/mnt/xs1000/me/serverust/target/debug/deps/libhttp_body-dc02af210b3f55e8.rmeta --extern http_body_1_0=/mnt/xs1000/me/serverust/target/debug/deps/libhttp_body-a1cc7a15d284ca42.rmeta --extern http_body_util=/mnt/xs1000/me/serverust/target/debug/deps/libhttp_body_util-8abe2c634d282bae.rmeta --extern itoa=/mnt/xs1000/me/serverust/target/debug/deps/libitoa-ba4f614c051d110c.rmeta --extern num_integer=/mnt/xs1000/me/serverust/target/debug/deps/libnum_integer-2f95b1ae986791a8.rmeta --extern pin_project_lite=/mnt/xs1000/me/serverust/target/debug/deps/libpin_project_lite-270bed2e66c54b93.rmeta --extern pin_utils=/mnt/xs1000/me/serverust/target/debug/deps/libpin_utils-1edb44ed94f63d43.rmeta --extern ryu=/mnt/xs1000/me/serverust/target/debug/deps/libryu-4fd9154aa3c4aa48.rmeta --extern time=/mnt/xs1000/me/serverust/target/debug/deps/libtime-5008eb45ef3d6d37.rmeta --extern tokio=/mnt/xs1000/me/serverust/target/debug/deps/libtokio-14f2efd15bf01c3e.rmeta --extern tokio_util=/mnt/xs1000/me/serverust/target/debug/deps/libtokio_util-bf8714eae68e23bd.rmeta --cap-lints allow --cap-lints=warn`
     Running `sccache /home/jaime/.rustup/toolchains/1.94.1-x86_64-unknown-linux-gnu/bin/rustc --crate-name h2 --edition=2021 /home/jaime/.cargo/registry/src/index.crates.io-1949cf8c6b5b557f/h2-0.4.14/src/lib.rs --error-format=json --json=diagnostic-rendered-ansi,artifacts,future-incompat --crate-type lib --emit=dep-info,metadata -C embed-bitcode=no --warn=unexpected_cfgs --check-cfg 'cfg(fuzzing)' --check-cfg 'cfg(docsrs,test)' --check-cfg 'cfg(feature, values("stream", "unstable"))' -C metadata=a7e8fc8e24be54d4 -C extra-filename=-348b54828cb00690 --out-dir /mnt/xs1000/me/serverust/target/debug/deps -C strip=debuginfo -L dependency=/mnt/xs1000/me/serverust/target/debug/deps --extern atomic_waker=/mnt/xs1000/me/serverust/target/debug/deps/libatomic_waker-c9aabcc4f4709694.rmeta --extern bytes=/mnt/xs1000/me/serverust/target/debug/deps/libbytes-24b2c1ac915ba1ec.rmeta --extern fnv=/mnt/xs1000/me/serverust/target/debug/deps/libfnv-c528d925e35e33fd.rmeta --extern futures_core=/mnt/xs1000/me/serverust/target/debug/deps/libfutures_core-9691945b461181f0.rmeta --extern futures_sink=/mnt/xs1000/me/serverust/target/debug/deps/libfutures_sink-282eb736957cbb42.rmeta --extern http=/mnt/xs1000/me/serverust/target/debug/deps/libhttp-db293744f4dc6c64.rmeta --extern indexmap=/mnt/xs1000/me/serverust/target/debug/deps/libindexmap-80ff5f6a8d1b92d4.rmeta --extern slab=/mnt/xs1000/me/serverust/target/debug/deps/libslab-ec10c2a69ca6c1f5.rmeta --extern tokio=/mnt/xs1000/me/serverust/target/debug/deps/libtokio-14f2efd15bf01c3e.rmeta --extern tokio_util=/mnt/xs1000/me/serverust/target/debug/deps/libtokio_util-bf8714eae68e23bd.rmeta --extern tracing=/mnt/xs1000/me/serverust/target/debug/deps/libtracing-779dc977580397fd.rmeta --cap-lints allow --cap-lints=warn`
     Running `sccache /home/jaime/.rustup/toolchains/1.94.1-x86_64-unknown-linux-gnu/bin/rustc --crate-name h2 --edition=2018 /home/jaime/.cargo/registry/src/index.crates.io-1949cf8c6b5b557f/h2-0.3.27/src/lib.rs --error-format=json --json=diagnostic-rendered-ansi,artifacts,future-incompat --crate-type lib --emit=dep-info,metadata -C embed-bitcode=no --warn=unexpected_cfgs --check-cfg 'cfg(fuzzing)' --check-cfg 'cfg(docsrs,test)' --check-cfg 'cfg(feature, values("stream", "unstable"))' -C metadata=91e09e01cc3cf7ba -C extra-filename=-ba5c3f58498b387a --out-dir /mnt/xs1000/me/serverust/target/debug/deps -C strip=debuginfo -L dependency=/mnt/xs1000/me/serverust/target/debug/deps --extern bytes=/mnt/xs1000/me/serverust/target/debug/deps/libbytes-24b2c1ac915ba1ec.rmeta --extern fnv=/mnt/xs1000/me/serverust/target/debug/deps/libfnv-c528d925e35e33fd.rmeta --extern futures_core=/mnt/xs1000/me/serverust/target/debug/deps/libfutures_core-9691945b461181f0.rmeta --extern futures_sink=/mnt/xs1000/me/serverust/target/debug/deps/libfutures_sink-282eb736957cbb42.rmeta --extern futures_util=/mnt/xs1000/me/serverust/target/debug/deps/libfutures_util-6d97b07942e900fe.rmeta --extern http=/mnt/xs1000/me/serverust/target/debug/deps/libhttp-4f1990fccdc3e5fd.rmeta --extern indexmap=/mnt/xs1000/me/serverust/target/debug/deps/libindexmap-80ff5f6a8d1b92d4.rmeta --extern slab=/mnt/xs1000/me/serverust/target/debug/deps/libslab-ec10c2a69ca6c1f5.rmeta --extern tokio=/mnt/xs1000/me/serverust/target/debug/deps/libtokio-14f2efd15bf01c3e.rmeta --extern tokio_util=/mnt/xs1000/me/serverust/target/debug/deps/libtokio_util-bf8714eae68e23bd.rmeta --extern tracing=/mnt/xs1000/me/serverust/target/debug/deps/libtracing-779dc977580397fd.rmeta --cap-lints allow --cap-lints=warn`
    Checking aws-smithy-runtime-api v1.12.0
    Checking aws-smithy-json v0.62.5
    Checking aws-smithy-query v0.60.15
     Running `sccache /home/jaime/.rustup/toolchains/1.94.1-x86_64-unknown-linux-gnu/bin/rustc --crate-name aws_smithy_json --edition=2021 /home/jaime/.cargo/registry/src/index.crates.io-1949cf8c6b5b557f/aws-smithy-json-0.62.5/src/lib.rs --error-format=json --json=diagnostic-rendered-ansi,artifacts,future-incompat --crate-type lib --emit=dep-info,metadata -C embed-bitcode=no --check-cfg 'cfg(docsrs,test)' --check-cfg 'cfg(feature, values())' -C metadata=0adcbed858c74e0e -C extra-filename=-4900afddd31ec56a --out-dir /mnt/xs1000/me/serverust/target/debug/deps -C strip=debuginfo -L dependency=/mnt/xs1000/me/serverust/target/debug/deps --extern aws_smithy_types=/mnt/xs1000/me/serverust/target/debug/deps/libaws_smithy_types-5e9304c76ef568e3.rmeta --cap-lints allow --cap-lints=warn`
     Running `sccache /home/jaime/.rustup/toolchains/1.94.1-x86_64-unknown-linux-gnu/bin/rustc --crate-name aws_smithy_query --edition=2021 /home/jaime/.cargo/registry/src/index.crates.io-1949cf8c6b5b557f/aws-smithy-query-0.60.15/src/lib.rs --error-format=json --json=diagnostic-rendered-ansi,artifacts,future-incompat --crate-type lib --emit=dep-info,metadata -C embed-bitcode=no --check-cfg 'cfg(docsrs,test)' --check-cfg 'cfg(feature, values())' -C metadata=240fc3ce2eadd9df -C extra-filename=-b38ee18953576a48 --out-dir /mnt/xs1000/me/serverust/target/debug/deps -C strip=debuginfo -L dependency=/mnt/xs1000/me/serverust/target/debug/deps --extern aws_smithy_types=/mnt/xs1000/me/serverust/target/debug/deps/libaws_smithy_types-5e9304c76ef568e3.rmeta --extern urlencoding=/mnt/xs1000/me/serverust/target/debug/deps/liburlencoding-8a94e5b9d119c1cd.rmeta --cap-lints allow --cap-lints=warn`
     Running `sccache /home/jaime/.rustup/toolchains/1.94.1-x86_64-unknown-linux-gnu/bin/rustc --crate-name aws_smithy_runtime_api --edition=2021 /home/jaime/.cargo/registry/src/index.crates.io-1949cf8c6b5b557f/aws-smithy-runtime-api-1.12.0/src/lib.rs --error-format=json --json=diagnostic-rendered-ansi,artifacts,future-incompat --crate-type lib --emit=dep-info,metadata -C embed-bitcode=no --cfg 'feature="client"' --cfg 'feature="default"' --cfg 'feature="http-02x"' --cfg 'feature="http-1x"' --cfg 'feature="http-auth"' --cfg 'feature="test-util"' --check-cfg 'cfg(docsrs,test)' --check-cfg 'cfg(feature, values("client", "default", "http-02x", "http-1x", "http-auth", "test-util"))' -C metadata=cb067336482e10e3 -C extra-filename=-ee09f905e4ed72ec --out-dir /mnt/xs1000/me/serverust/target/debug/deps -C strip=debuginfo -L dependency=/mnt/xs1000/me/serverust/target/debug/deps --extern aws_smithy_async=/mnt/xs1000/me/serverust/target/debug/deps/libaws_smithy_async-cbc14b39499680fe.rmeta --extern aws_smithy_runtime_api_macros=/mnt/xs1000/me/serverust/target/debug/deps/libaws_smithy_runtime_api_macros-dcac6c1748d8aa42.so --extern aws_smithy_types=/mnt/xs1000/me/serverust/target/debug/deps/libaws_smithy_types-5e9304c76ef568e3.rmeta --extern bytes=/mnt/xs1000/me/serverust/target/debug/deps/libbytes-24b2c1ac915ba1ec.rmeta --extern http_02x=/mnt/xs1000/me/serverust/target/debug/deps/libhttp-4f1990fccdc3e5fd.rmeta --extern http_1x=/mnt/xs1000/me/serverust/target/debug/deps/libhttp-db293744f4dc6c64.rmeta --extern pin_project_lite=/mnt/xs1000/me/serverust/target/debug/deps/libpin_project_lite-270bed2e66c54b93.rmeta --extern tokio=/mnt/xs1000/me/serverust/target/debug/deps/libtokio-14f2efd15bf01c3e.rmeta --extern tracing=/mnt/xs1000/me/serverust/target/debug/deps/libtracing-779dc977580397fd.rmeta --extern zeroize=/mnt/xs1000/me/serverust/target/debug/deps/libzeroize-901a90551f1bfe74.rmeta --cap-lints allow --cap-lints=warn`
    Checking aws-credential-types v1.2.14
    Checking aws-smithy-http v0.63.6
    Checking aws-smithy-observability v0.2.6
     Running `sccache /home/jaime/.rustup/toolchains/1.94.1-x86_64-unknown-linux-gnu/bin/rustc --crate-name aws_credential_types --edition=2021 /home/jaime/.cargo/registry/src/index.crates.io-1949cf8c6b5b557f/aws-credential-types-1.2.14/src/lib.rs --error-format=json --json=diagnostic-rendered-ansi,artifacts,future-incompat --crate-type lib --emit=dep-info,metadata -C embed-bitcode=no --cfg 'feature="test-util"' --check-cfg 'cfg(docsrs,test)' --check-cfg 'cfg(feature, values("hardcoded-credentials", "test-util"))' -C metadata=69142cb924174cdd -C extra-filename=-8a5fa3aae64d9c53 --out-dir /mnt/xs1000/me/serverust/target/debug/deps -C strip=debuginfo -L dependency=/mnt/xs1000/me/serverust/target/debug/deps --extern aws_smithy_async=/mnt/xs1000/me/serverust/target/debug/deps/libaws_smithy_async-cbc14b39499680fe.rmeta --extern aws_smithy_runtime_api=/mnt/xs1000/me/serverust/target/debug/deps/libaws_smithy_runtime_api-ee09f905e4ed72ec.rmeta --extern aws_smithy_types=/mnt/xs1000/me/serverust/target/debug/deps/libaws_smithy_types-5e9304c76ef568e3.rmeta --extern zeroize=/mnt/xs1000/me/serverust/target/debug/deps/libzeroize-901a90551f1bfe74.rmeta --cap-lints allow --cap-lints=warn`
     Running `sccache /home/jaime/.rustup/toolchains/1.94.1-x86_64-unknown-linux-gnu/bin/rustc --crate-name aws_smithy_http --edition=2021 /home/jaime/.cargo/registry/src/index.crates.io-1949cf8c6b5b557f/aws-smithy-http-0.63.6/src/lib.rs --error-format=json --json=diagnostic-rendered-ansi,artifacts,future-incompat --crate-type lib --emit=dep-info,metadata -C embed-bitcode=no --check-cfg 'cfg(docsrs,test)' --check-cfg 'cfg(feature, values("aws-smithy-eventstream", "event-stream", "rt-tokio"))' -C metadata=49e8aa415d24a641 -C extra-filename=-9857e57ff10d2d79 --out-dir /mnt/xs1000/me/serverust/target/debug/deps -C strip=debuginfo -L dependency=/mnt/xs1000/me/serverust/target/debug/deps --extern aws_smithy_runtime_api=/mnt/xs1000/me/serverust/target/debug/deps/libaws_smithy_runtime_api-ee09f905e4ed72ec.rmeta --extern aws_smithy_types=/mnt/xs1000/me/serverust/target/debug/deps/libaws_smithy_types-5e9304c76ef568e3.rmeta --extern bytes=/mnt/xs1000/me/serverust/target/debug/deps/libbytes-24b2c1ac915ba1ec.rmeta --extern bytes_utils=/mnt/xs1000/me/serverust/target/debug/deps/libbytes_utils-44b4fa87ef217493.rmeta --extern futures_core=/mnt/xs1000/me/serverust/target/debug/deps/libfutures_core-9691945b461181f0.rmeta --extern futures_util=/mnt/xs1000/me/serverust/target/debug/deps/libfutures_util-6d97b07942e900fe.rmeta --extern http_1x=/mnt/xs1000/me/serverust/target/debug/deps/libhttp-db293744f4dc6c64.rmeta --extern http_body_1x=/mnt/xs1000/me/serverust/target/debug/deps/libhttp_body-a1cc7a15d284ca42.rmeta --extern http_body_util=/mnt/xs1000/me/serverust/target/debug/deps/libhttp_body_util-8abe2c634d282bae.rmeta --extern percent_encoding=/mnt/xs1000/me/serverust/target/debug/deps/libpercent_encoding-09d59d0f8abf79bd.rmeta --extern pin_project_lite=/mnt/xs1000/me/serverust/target/debug/deps/libpin_project_lite-270bed2e66c54b93.rmeta --extern pin_utils=/mnt/xs1000/me/serverust/target/debug/deps/libpin_utils-1edb44ed94f63d43.rmeta --extern tracing=/mnt/xs1000/me/serverust/target/debug/deps/libtracing-779dc977580397fd.rmeta --cap-lints allow --cap-lints=warn`
     Running `sccache /home/jaime/.rustup/toolchains/1.94.1-x86_64-unknown-linux-gnu/bin/rustc --crate-name aws_smithy_observability --edition=2021 /home/jaime/.cargo/registry/src/index.crates.io-1949cf8c6b5b557f/aws-smithy-observability-0.2.6/src/lib.rs --error-format=json --json=diagnostic-rendered-ansi,artifacts,future-incompat --crate-type lib --emit=dep-info,metadata -C embed-bitcode=no --check-cfg 'cfg(docsrs,test)' --check-cfg 'cfg(feature, values())' -C metadata=88af978377dd633a -C extra-filename=-21c11c6108c20251 --out-dir /mnt/xs1000/me/serverust/target/debug/deps -C strip=debuginfo -L dependency=/mnt/xs1000/me/serverust/target/debug/deps --extern aws_smithy_runtime_api=/mnt/xs1000/me/serverust/target/debug/deps/libaws_smithy_runtime_api-ee09f905e4ed72ec.rmeta --cap-lints allow --cap-lints=warn`
    Checking aws-types v1.3.15
     Running `sccache /home/jaime/.rustup/toolchains/1.94.1-x86_64-unknown-linux-gnu/bin/rustc --crate-name aws_types --edition=2021 /home/jaime/.cargo/registry/src/index.crates.io-1949cf8c6b5b557f/aws-types-1.3.15/src/lib.rs --error-format=json --json=diagnostic-rendered-ansi,artifacts,future-incompat --crate-type lib --emit=dep-info,metadata -C embed-bitcode=no --check-cfg 'cfg(docsrs,test)' --check-cfg 'cfg(feature, values("aws-smithy-runtime", "examples"))' -C metadata=2c81dc2159fbfcc3 -C extra-filename=-0d4aee5c7e9fb77f --out-dir /mnt/xs1000/me/serverust/target/debug/deps -C strip=debuginfo -L dependency=/mnt/xs1000/me/serverust/target/debug/deps --extern aws_credential_types=/mnt/xs1000/me/serverust/target/debug/deps/libaws_credential_types-8a5fa3aae64d9c53.rmeta --extern aws_smithy_async=/mnt/xs1000/me/serverust/target/debug/deps/libaws_smithy_async-cbc14b39499680fe.rmeta --extern aws_smithy_runtime_api=/mnt/xs1000/me/serverust/target/debug/deps/libaws_smithy_runtime_api-ee09f905e4ed72ec.rmeta --extern aws_smithy_types=/mnt/xs1000/me/serverust/target/debug/deps/libaws_smithy_types-5e9304c76ef568e3.rmeta --extern tracing=/mnt/xs1000/me/serverust/target/debug/deps/libtracing-779dc977580397fd.rmeta --cap-lints allow --cap-lints=warn`
    Checking aws-sigv4 v1.4.3
     Running `sccache /home/jaime/.rustup/toolchains/1.94.1-x86_64-unknown-linux-gnu/bin/rustc --crate-name aws_sigv4 --edition=2021 /home/jaime/.cargo/registry/src/index.crates.io-1949cf8c6b5b557f/aws-sigv4-1.4.3/src/lib.rs --error-format=json --json=diagnostic-rendered-ansi,artifacts,future-incompat --crate-type lib --emit=dep-info,metadata -C embed-bitcode=no --cfg 'feature="default"' --cfg 'feature="http0-compat"' --cfg 'feature="http1"' --cfg 'feature="sign-http"' --check-cfg 'cfg(docsrs,test)' --check-cfg 'cfg(feature, values("default", "http0-compat", "http1", "sign-eventstream", "sign-http", "sigv4a"))' -C metadata=d1f0be76dde29bb0 -C extra-filename=-4ecd1d244a80f86d --out-dir /mnt/xs1000/me/serverust/target/debug/deps -C strip=debuginfo -L dependency=/mnt/xs1000/me/serverust/target/debug/deps --extern aws_credential_types=/mnt/xs1000/me/serverust/target/debug/deps/libaws_credential_types-8a5fa3aae64d9c53.rmeta --extern aws_smithy_http=/mnt/xs1000/me/serverust/target/debug/deps/libaws_smithy_http-9857e57ff10d2d79.rmeta --extern aws_smithy_runtime_api=/mnt/xs1000/me/serverust/target/debug/deps/libaws_smithy_runtime_api-ee09f905e4ed72ec.rmeta --extern aws_smithy_types=/mnt/xs1000/me/serverust/target/debug/deps/libaws_smithy_types-5e9304c76ef568e3.rmeta --extern bytes=/mnt/xs1000/me/serverust/target/debug/deps/libbytes-24b2c1ac915ba1ec.rmeta --extern form_urlencoded=/mnt/xs1000/me/serverust/target/debug/deps/libform_urlencoded-6781fc833d966e8c.rmeta --extern hex=/mnt/xs1000/me/serverust/target/debug/deps/libhex-e5aabb7cde9a99a4.rmeta --extern hmac=/mnt/xs1000/me/serverust/target/debug/deps/libhmac-8aa66407173378fc.rmeta --extern http0=/mnt/xs1000/me/serverust/target/debug/deps/libhttp-4f1990fccdc3e5fd.rmeta --extern http=/mnt/xs1000/me/serverust/target/debug/deps/libhttp-db293744f4dc6c64.rmeta --extern percent_encoding=/mnt/xs1000/me/serverust/target/debug/deps/libpercent_encoding-09d59d0f8abf79bd.rmeta --extern sha2=/mnt/xs1000/me/serverust/target/debug/deps/libsha2-1fb232ff9efe259b.rmeta --extern time=/mnt/xs1000/me/serverust/target/debug/deps/libtime-5008eb45ef3d6d37.rmeta --extern tracing=/mnt/xs1000/me/serverust/target/debug/deps/libtracing-779dc977580397fd.rmeta --cap-lints allow --cap-lints=warn`
    Checking hyper v0.14.32
     Running `sccache /home/jaime/.rustup/toolchains/1.94.1-x86_64-unknown-linux-gnu/bin/rustc --crate-name hyper --edition=2018 /home/jaime/.cargo/registry/src/index.crates.io-1949cf8c6b5b557f/hyper-0.14.32/src/lib.rs --error-format=json --json=diagnostic-rendered-ansi,artifacts,future-incompat --crate-type lib --emit=dep-info,metadata -C embed-bitcode=no --cfg 'feature="client"' --cfg 'feature="h2"' --cfg 'feature="http1"' --cfg 'feature="http2"' --cfg 'feature="runtime"' --cfg 'feature="server"' --cfg 'feature="socket2"' --cfg 'feature="stream"' --cfg 'feature="tcp"' --check-cfg 'cfg(docsrs,test)' --check-cfg 'cfg(feature, values("__internal_happy_eyeballs_tests", "backports", "client", "default", "deprecated", "ffi", "full", "h2", "http1", "http2", "libc", "nightly", "runtime", "server", "socket2", "stream", "tcp"))' -C metadata=516ab697660e5603 -C extra-filename=-fcae28b6e15f1598 --out-dir /mnt/xs1000/me/serverust/target/debug/deps -C strip=debuginfo -L dependency=/mnt/xs1000/me/serverust/target/debug/deps --extern bytes=/mnt/xs1000/me/serverust/target/debug/deps/libbytes-24b2c1ac915ba1ec.rmeta --extern futures_channel=/mnt/xs1000/me/serverust/target/debug/deps/libfutures_channel-0290ef64089da5a8.rmeta --extern futures_core=/mnt/xs1000/me/serverust/target/debug/deps/libfutures_core-9691945b461181f0.rmeta --extern futures_util=/mnt/xs1000/me/serverust/target/debug/deps/libfutures_util-6d97b07942e900fe.rmeta --extern h2=/mnt/xs1000/me/serverust/target/debug/deps/libh2-ba5c3f58498b387a.rmeta --extern http=/mnt/xs1000/me/serverust/target/debug/deps/libhttp-4f1990fccdc3e5fd.rmeta --extern http_body=/mnt/xs1000/me/serverust/target/debug/deps/libhttp_body-dc02af210b3f55e8.rmeta --extern httparse=/mnt/xs1000/me/serverust/target/debug/deps/libhttparse-ec9f14510b5d6050.rmeta --extern httpdate=/mnt/xs1000/me/serverust/target/debug/deps/libhttpdate-7b1ffd094cee67c1.rmeta --extern itoa=/mnt/xs1000/me/serverust/target/debug/deps/libitoa-ba4f614c051d110c.rmeta --extern pin_project_lite=/mnt/xs1000/me/serverust/target/debug/deps/libpin_project_lite-270bed2e66c54b93.rmeta --extern socket2=/mnt/xs1000/me/serverust/target/debug/deps/libsocket2-b7cad029ddc5c490.rmeta --extern tokio=/mnt/xs1000/me/serverust/target/debug/deps/libtokio-14f2efd15bf01c3e.rmeta --extern tower_service=/mnt/xs1000/me/serverust/target/debug/deps/libtower_service-f18b6da5e1f58253.rmeta --extern tracing=/mnt/xs1000/me/serverust/target/debug/deps/libtracing-779dc977580397fd.rmeta --extern want=/mnt/xs1000/me/serverust/target/debug/deps/libwant-30cef1d243f7f745.rmeta --cap-lints allow --cap-lints=warn`
    Checking hyper v1.9.0
     Running `sccache /home/jaime/.rustup/toolchains/1.94.1-x86_64-unknown-linux-gnu/bin/rustc --crate-name hyper --edition=2021 /home/jaime/.cargo/registry/src/index.crates.io-1949cf8c6b5b557f/hyper-1.9.0/src/lib.rs --error-format=json --json=diagnostic-rendered-ansi,artifacts,future-incompat --crate-type lib --emit=dep-info,metadata -C embed-bitcode=no --warn=unexpected_cfgs --check-cfg 'cfg(hyper_unstable_tracing)' --check-cfg 'cfg(hyper_unstable_ffi)' --cfg 'feature="client"' --cfg 'feature="default"' --cfg 'feature="http1"' --cfg 'feature="http2"' --check-cfg 'cfg(docsrs,test)' --check-cfg 'cfg(feature, values("capi", "client", "default", "ffi", "full", "http1", "http2", "nightly", "server", "tracing"))' -C metadata=3d104769a81ea1fe -C extra-filename=-e40c7d04a2c2241e --out-dir /mnt/xs1000/me/serverust/target/debug/deps -C strip=debuginfo -L dependency=/mnt/xs1000/me/serverust/target/debug/deps --extern atomic_waker=/mnt/xs1000/me/serverust/target/debug/deps/libatomic_waker-c9aabcc4f4709694.rmeta --extern bytes=/mnt/xs1000/me/serverust/target/debug/deps/libbytes-24b2c1ac915ba1ec.rmeta --extern futures_channel=/mnt/xs1000/me/serverust/target/debug/deps/libfutures_channel-0290ef64089da5a8.rmeta --extern futures_core=/mnt/xs1000/me/serverust/target/debug/deps/libfutures_core-9691945b461181f0.rmeta --extern h2=/mnt/xs1000/me/serverust/target/debug/deps/libh2-348b54828cb00690.rmeta --extern http=/mnt/xs1000/me/serverust/target/debug/deps/libhttp-db293744f4dc6c64.rmeta --extern http_body=/mnt/xs1000/me/serverust/target/debug/deps/libhttp_body-a1cc7a15d284ca42.rmeta --extern httparse=/mnt/xs1000/me/serverust/target/debug/deps/libhttparse-ec9f14510b5d6050.rmeta --extern itoa=/mnt/xs1000/me/serverust/target/debug/deps/libitoa-ba4f614c051d110c.rmeta --extern pin_project_lite=/mnt/xs1000/me/serverust/target/debug/deps/libpin_project_lite-270bed2e66c54b93.rmeta --extern smallvec=/mnt/xs1000/me/serverust/target/debug/deps/libsmallvec-5b4f34ff53eb294a.rmeta --extern tokio=/mnt/xs1000/me/serverust/target/debug/deps/libtokio-14f2efd15bf01c3e.rmeta --extern want=/mnt/xs1000/me/serverust/target/debug/deps/libwant-30cef1d243f7f745.rmeta --cap-lints allow --cap-lints=warn`
    Checking hyper-util v0.1.20
     Running `sccache /home/jaime/.rustup/toolchains/1.94.1-x86_64-unknown-linux-gnu/bin/rustc --crate-name hyper_util --edition=2021 /home/jaime/.cargo/registry/src/index.crates.io-1949cf8c6b5b557f/hyper-util-0.1.20/src/lib.rs --error-format=json --json=diagnostic-rendered-ansi,artifacts,future-incompat --crate-type lib --emit=dep-info,metadata -C embed-bitcode=no --cfg 'feature="client"' --cfg 'feature="client-legacy"' --cfg 'feature="client-proxy"' --cfg 'feature="default"' --cfg 'feature="http1"' --cfg 'feature="http2"' --cfg 'feature="tokio"' --check-cfg 'cfg(docsrs,test)' --check-cfg 'cfg(feature, values("__internal_happy_eyeballs_tests", "client", "client-legacy", "client-pool", "client-proxy", "client-proxy-system", "default", "full", "http1", "http2", "server", "server-auto", "server-graceful", "service", "tokio", "tracing"))' -C metadata=f5edcfb689d04381 -C extra-filename=-95fa8383445394ca --out-dir /mnt/xs1000/me/serverust/target/debug/deps -C strip=debuginfo -L dependency=/mnt/xs1000/me/serverust/target/debug/deps --extern base64=/mnt/xs1000/me/serverust/target/debug/deps/libbase64-2178a55e79477d19.rmeta --extern bytes=/mnt/xs1000/me/serverust/target/debug/deps/libbytes-24b2c1ac915ba1ec.rmeta --extern futures_channel=/mnt/xs1000/me/serverust/target/debug/deps/libfutures_channel-0290ef64089da5a8.rmeta --extern futures_util=/mnt/xs1000/me/serverust/target/debug/deps/libfutures_util-6d97b07942e900fe.rmeta --extern http=/mnt/xs1000/me/serverust/target/debug/deps/libhttp-db293744f4dc6c64.rmeta --extern http_body=/mnt/xs1000/me/serverust/target/debug/deps/libhttp_body-a1cc7a15d284ca42.rmeta --extern hyper=/mnt/xs1000/me/serverust/target/debug/deps/libhyper-e40c7d04a2c2241e.rmeta --extern ipnet=/mnt/xs1000/me/serverust/target/debug/deps/libipnet-30464c3732429817.rmeta --extern libc=/mnt/xs1000/me/serverust/target/debug/deps/liblibc-579d2338c093c9bb.rmeta --extern percent_encoding=/mnt/xs1000/me/serverust/target/debug/deps/libpercent_encoding-09d59d0f8abf79bd.rmeta --extern pin_project_lite=/mnt/xs1000/me/serverust/target/debug/deps/libpin_project_lite-270bed2e66c54b93.rmeta --extern socket2=/mnt/xs1000/me/serverust/target/debug/deps/libsocket2-71779733c7ac054e.rmeta --extern tokio=/mnt/xs1000/me/serverust/target/debug/deps/libtokio-14f2efd15bf01c3e.rmeta --extern tower_service=/mnt/xs1000/me/serverust/target/debug/deps/libtower_service-f18b6da5e1f58253.rmeta --extern tracing=/mnt/xs1000/me/serverust/target/debug/deps/libtracing-779dc977580397fd.rmeta --cap-lints allow --cap-lints=warn`
    Checking hyper-rustls v0.27.9
     Running `sccache /home/jaime/.rustup/toolchains/1.94.1-x86_64-unknown-linux-gnu/bin/rustc --crate-name hyper_rustls --edition=2021 /home/jaime/.cargo/registry/src/index.crates.io-1949cf8c6b5b557f/hyper-rustls-0.27.9/src/lib.rs --error-format=json --json=diagnostic-rendered-ansi,artifacts,future-incompat --crate-type lib --emit=dep-info,metadata -C embed-bitcode=no --cfg 'feature="http1"' --cfg 'feature="http2"' --cfg 'feature="native-tokio"' --cfg 'feature="rustls-native-certs"' --cfg 'feature="tls12"' --check-cfg 'cfg(docsrs,test)' --check-cfg 'cfg(feature, values("aws-lc-rs", "default", "fips", "http1", "http2", "log", "logging", "native-tokio", "ring", "rustls-native-certs", "rustls-platform-verifier", "tls12", "webpki-roots", "webpki-tokio"))' -C metadata=d0f85a4049a023ae -C extra-filename=-32d908f52ebd0a99 --out-dir /mnt/xs1000/me/serverust/target/debug/deps -C strip=debuginfo -L dependency=/mnt/xs1000/me/serverust/target/debug/deps --extern http=/mnt/xs1000/me/serverust/target/debug/deps/libhttp-db293744f4dc6c64.rmeta --extern hyper=/mnt/xs1000/me/serverust/target/debug/deps/libhyper-e40c7d04a2c2241e.rmeta --extern hyper_util=/mnt/xs1000/me/serverust/target/debug/deps/libhyper_util-95fa8383445394ca.rmeta --extern rustls=/mnt/xs1000/me/serverust/target/debug/deps/librustls-a011c527dab113b6.rmeta --extern rustls_native_certs=/mnt/xs1000/me/serverust/target/debug/deps/librustls_native_certs-dfe90030d7bbd7a5.rmeta --extern tokio=/mnt/xs1000/me/serverust/target/debug/deps/libtokio-14f2efd15bf01c3e.rmeta --extern tokio_rustls=/mnt/xs1000/me/serverust/target/debug/deps/libtokio_rustls-ed774eaeac0ff9de.rmeta --extern tower_service=/mnt/xs1000/me/serverust/target/debug/deps/libtower_service-f18b6da5e1f58253.rmeta --cap-lints allow --cap-lints=warn -L native=/mnt/xs1000/me/serverust/target/debug/build/aws-lc-sys-1abb8240651f9632/out`
    Checking hyper-rustls v0.24.2
     Running `sccache /home/jaime/.rustup/toolchains/1.94.1-x86_64-unknown-linux-gnu/bin/rustc --crate-name hyper_rustls --edition=2021 /home/jaime/.cargo/registry/src/index.crates.io-1949cf8c6b5b557f/hyper-rustls-0.24.2/src/lib.rs --error-format=json --json=diagnostic-rendered-ansi,artifacts,future-incompat --crate-type lib --emit=dep-info,metadata -C embed-bitcode=no --cfg 'feature="acceptor"' --cfg 'feature="http1"' --cfg 'feature="http2"' --cfg 'feature="log"' --cfg 'feature="logging"' --cfg 'feature="tls12"' --cfg 'feature="tokio-runtime"' --check-cfg 'cfg(docsrs,test)' --check-cfg 'cfg(feature, values("acceptor", "default", "http1", "http2", "log", "logging", "native-tokio", "rustls-native-certs", "tls12", "tokio-runtime", "webpki-roots", "webpki-tokio"))' -C metadata=5a968d6d8d9401d2 -C extra-filename=-c37dc2d3b2c82897 --out-dir /mnt/xs1000/me/serverust/target/debug/deps -C strip=debuginfo -L dependency=/mnt/xs1000/me/serverust/target/debug/deps --extern futures_util=/mnt/xs1000/me/serverust/target/debug/deps/libfutures_util-6d97b07942e900fe.rmeta --extern http=/mnt/xs1000/me/serverust/target/debug/deps/libhttp-4f1990fccdc3e5fd.rmeta --extern hyper=/mnt/xs1000/me/serverust/target/debug/deps/libhyper-fcae28b6e15f1598.rmeta --extern log=/mnt/xs1000/me/serverust/target/debug/deps/liblog-d71811af2f00eb97.rmeta --extern rustls=/mnt/xs1000/me/serverust/target/debug/deps/librustls-94e03ce4f2728781.rmeta --extern tokio=/mnt/xs1000/me/serverust/target/debug/deps/libtokio-14f2efd15bf01c3e.rmeta --extern tokio_rustls=/mnt/xs1000/me/serverust/target/debug/deps/libtokio_rustls-48dc1b8c078c250b.rmeta --cap-lints allow --cap-lints=warn -L native=/mnt/xs1000/me/serverust/target/debug/build/ring-5956d144be0c889c/out`
    Checking aws-smithy-http-client v1.1.12
     Running `sccache /home/jaime/.rustup/toolchains/1.94.1-x86_64-unknown-linux-gnu/bin/rustc --crate-name aws_smithy_http_client --edition=2021 /home/jaime/.cargo/registry/src/index.crates.io-1949cf8c6b5b557f/aws-smithy-http-client-1.1.12/src/lib.rs --error-format=json --json=diagnostic-rendered-ansi,artifacts,future-incompat --crate-type lib --emit=dep-info,metadata -C embed-bitcode=no --cfg 'feature="default-client"' --cfg 'feature="hyper-014"' --cfg 'feature="legacy-rustls-ring"' --cfg 'feature="rustls-aws-lc"' --check-cfg 'cfg(docsrs,test)' --check-cfg 'cfg(feature, values("default-client", "hyper-014", "legacy-rustls-ring", "legacy-test-util", "rustls-aws-lc", "rustls-aws-lc-fips", "rustls-ring", "s2n-tls", "test-util", "wire-mock"))' -C metadata=1e42a36c03343701 -C extra-filename=-6453b7e80f15d5aa --out-dir /mnt/xs1000/me/serverust/target/debug/deps -C strip=debuginfo -L dependency=/mnt/xs1000/me/serverust/target/debug/deps --extern aws_smithy_async=/mnt/xs1000/me/serverust/target/debug/deps/libaws_smithy_async-cbc14b39499680fe.rmeta --extern aws_smithy_runtime_api=/mnt/xs1000/me/serverust/target/debug/deps/libaws_smithy_runtime_api-ee09f905e4ed72ec.rmeta --extern aws_smithy_types=/mnt/xs1000/me/serverust/target/debug/deps/libaws_smithy_types-5e9304c76ef568e3.rmeta --extern h2_0_3=/mnt/xs1000/me/serverust/target/debug/deps/libh2-ba5c3f58498b387a.rmeta --extern h2=/mnt/xs1000/me/serverust/target/debug/deps/libh2-348b54828cb00690.rmeta --extern http_02x=/mnt/xs1000/me/serverust/target/debug/deps/libhttp-4f1990fccdc3e5fd.rmeta --extern http_1x=/mnt/xs1000/me/serverust/target/debug/deps/libhttp-db293744f4dc6c64.rmeta --extern http_body_04x=/mnt/xs1000/me/serverust/target/debug/deps/libhttp_body-dc02af210b3f55e8.rmeta --extern hyper_0_14=/mnt/xs1000/me/serverust/target/debug/deps/libhyper-fcae28b6e15f1598.rmeta --extern hyper=/mnt/xs1000/me/serverust/target/debug/deps/libhyper-e40c7d04a2c2241e.rmeta --extern legacy_hyper_rustls=/mnt/xs1000/me/serverust/target/debug/deps/libhyper_rustls-c37dc2d3b2c82897.rmeta --extern hyper_rustls=/mnt/xs1000/me/serverust/target/debug/deps/libhyper_rustls-32d908f52ebd0a99.rmeta --extern hyper_util=/mnt/xs1000/me/serverust/target/debug/deps/libhyper_util-95fa8383445394ca.rmeta --extern pin_project_lite=/mnt/xs1000/me/serverust/target/debug/deps/libpin_project_lite-270bed2e66c54b93.rmeta --extern legacy_rustls=/mnt/xs1000/me/serverust/target/debug/deps/librustls-94e03ce4f2728781.rmeta --extern rustls=/mnt/xs1000/me/serverust/target/debug/deps/librustls-a011c527dab113b6.rmeta --extern rustls_native_certs=/mnt/xs1000/me/serverust/target/debug/deps/librustls_native_certs-dfe90030d7bbd7a5.rmeta --extern rustls_pki_types=/mnt/xs1000/me/serverust/target/debug/deps/librustls_pki_types-26b64e6e8b888f9d.rmeta --extern tokio=/mnt/xs1000/me/serverust/target/debug/deps/libtokio-14f2efd15bf01c3e.rmeta --extern tokio_rustls=/mnt/xs1000/me/serverust/target/debug/deps/libtokio_rustls-ed774eaeac0ff9de.rmeta --extern tower=/mnt/xs1000/me/serverust/target/debug/deps/libtower-42fb6af8f7c10629.rmeta --extern tracing=/mnt/xs1000/me/serverust/target/debug/deps/libtracing-779dc977580397fd.rmeta --cap-lints allow --cap-lints=warn -L native=/mnt/xs1000/me/serverust/target/debug/build/ring-5956d144be0c889c/out -L native=/mnt/xs1000/me/serverust/target/debug/build/aws-lc-sys-1abb8240651f9632/out`
    Checking aws-smithy-runtime v1.11.1
     Running `sccache /home/jaime/.rustup/toolchains/1.94.1-x86_64-unknown-linux-gnu/bin/rustc --crate-name aws_smithy_runtime --edition=2021 /home/jaime/.cargo/registry/src/index.crates.io-1949cf8c6b5b557f/aws-smithy-runtime-1.11.1/src/lib.rs --error-format=json --json=diagnostic-rendered-ansi,artifacts,future-incompat --crate-type lib --emit=dep-info,metadata -C embed-bitcode=no --cfg 'feature="client"' --cfg 'feature="connector-hyper-0-14-x"' --cfg 'feature="default-https-client"' --cfg 'feature="rt-tokio"' --cfg 'feature="tls-rustls"' --check-cfg 'cfg(docsrs,test)' --check-cfg 'cfg(feature, values("client", "connector-hyper-0-14-x", "default-https-client", "http-auth", "legacy-test-util", "rt-tokio", "test-util", "tls-rustls", "wire-mock"))' -C metadata=070042c2000a65ad -C extra-filename=-8edcf31933bd0dd7 --out-dir /mnt/xs1000/me/serverust/target/debug/deps -C strip=debuginfo -L dependency=/mnt/xs1000/me/serverust/target/debug/deps --extern aws_smithy_async=/mnt/xs1000/me/serverust/target/debug/deps/libaws_smithy_async-cbc14b39499680fe.rmeta --extern aws_smithy_http=/mnt/xs1000/me/serverust/target/debug/deps/libaws_smithy_http-9857e57ff10d2d79.rmeta --extern aws_smithy_http_client=/mnt/xs1000/me/serverust/target/debug/deps/libaws_smithy_http_client-6453b7e80f15d5aa.rmeta --extern aws_smithy_observability=/mnt/xs1000/me/serverust/target/debug/deps/libaws_smithy_observability-21c11c6108c20251.rmeta --extern aws_smithy_runtime_api=/mnt/xs1000/me/serverust/target/debug/deps/libaws_smithy_runtime_api-ee09f905e4ed72ec.rmeta --extern aws_smithy_types=/mnt/xs1000/me/serverust/target/debug/deps/libaws_smithy_types-5e9304c76ef568e3.rmeta --extern bytes=/mnt/xs1000/me/serverust/target/debug/deps/libbytes-24b2c1ac915ba1ec.rmeta --extern fastrand=/mnt/xs1000/me/serverust/target/debug/deps/libfastrand-8871d8df791e523a.rmeta --extern http_02x=/mnt/xs1000/me/serverust/target/debug/deps/libhttp-4f1990fccdc3e5fd.rmeta --extern http_1x=/mnt/xs1000/me/serverust/target/debug/deps/libhttp-db293744f4dc6c64.rmeta --extern http_body_04x=/mnt/xs1000/me/serverust/target/debug/deps/libhttp_body-dc02af210b3f55e8.rmeta --extern http_body_1x=/mnt/xs1000/me/serverust/target/debug/deps/libhttp_body-a1cc7a15d284ca42.rmeta --extern http_body_util=/mnt/xs1000/me/serverust/target/debug/deps/libhttp_body_util-8abe2c634d282bae.rmeta --extern pin_project_lite=/mnt/xs1000/me/serverust/target/debug/deps/libpin_project_lite-270bed2e66c54b93.rmeta --extern pin_utils=/mnt/xs1000/me/serverust/target/debug/deps/libpin_utils-1edb44ed94f63d43.rmeta --extern tokio=/mnt/xs1000/me/serverust/target/debug/deps/libtokio-14f2efd15bf01c3e.rmeta --extern tracing=/mnt/xs1000/me/serverust/target/debug/deps/libtracing-779dc977580397fd.rmeta --cap-lints allow --cap-lints=warn -L native=/mnt/xs1000/me/serverust/target/debug/build/ring-5956d144be0c889c/out -L native=/mnt/xs1000/me/serverust/target/debug/build/aws-lc-sys-1abb8240651f9632/out`
    Checking aws-runtime v1.7.3
     Running `sccache /home/jaime/.rustup/toolchains/1.94.1-x86_64-unknown-linux-gnu/bin/rustc --crate-name aws_runtime --edition=2021 /home/jaime/.cargo/registry/src/index.crates.io-1949cf8c6b5b557f/aws-runtime-1.7.3/src/lib.rs --error-format=json --json=diagnostic-rendered-ansi,artifacts,future-incompat --crate-type lib --emit=dep-info,metadata -C embed-bitcode=no --check-cfg 'cfg(docsrs,test)' --check-cfg 'cfg(feature, values("event-stream", "http-02x", "http-1x", "sigv4a", "test-util"))' -C metadata=8dfa93fde4cd05ff -C extra-filename=-8f403299f5373527 --out-dir /mnt/xs1000/me/serverust/target/debug/deps -C strip=debuginfo -L dependency=/mnt/xs1000/me/serverust/target/debug/deps --extern aws_credential_types=/mnt/xs1000/me/serverust/target/debug/deps/libaws_credential_types-8a5fa3aae64d9c53.rmeta --extern aws_sigv4=/mnt/xs1000/me/serverust/target/debug/deps/libaws_sigv4-4ecd1d244a80f86d.rmeta --extern aws_smithy_async=/mnt/xs1000/me/serverust/target/debug/deps/libaws_smithy_async-cbc14b39499680fe.rmeta --extern aws_smithy_http=/mnt/xs1000/me/serverust/target/debug/deps/libaws_smithy_http-9857e57ff10d2d79.rmeta --extern aws_smithy_runtime=/mnt/xs1000/me/serverust/target/debug/deps/libaws_smithy_runtime-8edcf31933bd0dd7.rmeta --extern aws_smithy_runtime_api=/mnt/xs1000/me/serverust/target/debug/deps/libaws_smithy_runtime_api-ee09f905e4ed72ec.rmeta --extern aws_smithy_types=/mnt/xs1000/me/serverust/target/debug/deps/libaws_smithy_types-5e9304c76ef568e3.rmeta --extern aws_types=/mnt/xs1000/me/serverust/target/debug/deps/libaws_types-0d4aee5c7e9fb77f.rmeta --extern bytes=/mnt/xs1000/me/serverust/target/debug/deps/libbytes-24b2c1ac915ba1ec.rmeta --extern bytes_utils=/mnt/xs1000/me/serverust/target/debug/deps/libbytes_utils-44b4fa87ef217493.rmeta --extern fastrand=/mnt/xs1000/me/serverust/target/debug/deps/libfastrand-8871d8df791e523a.rmeta --extern http_1x=/mnt/xs1000/me/serverust/target/debug/deps/libhttp-db293744f4dc6c64.rmeta --extern http_body_1x=/mnt/xs1000/me/serverust/target/debug/deps/libhttp_body-a1cc7a15d284ca42.rmeta --extern percent_encoding=/mnt/xs1000/me/serverust/target/debug/deps/libpercent_encoding-09d59d0f8abf79bd.rmeta --extern pin_project_lite=/mnt/xs1000/me/serverust/target/debug/deps/libpin_project_lite-270bed2e66c54b93.rmeta --extern tracing=/mnt/xs1000/me/serverust/target/debug/deps/libtracing-779dc977580397fd.rmeta --extern uuid=/mnt/xs1000/me/serverust/target/debug/deps/libuuid-019b200cfac32527.rmeta --cap-lints allow --cap-lints=warn -L native=/mnt/xs1000/me/serverust/target/debug/build/ring-5956d144be0c889c/out -L native=/mnt/xs1000/me/serverust/target/debug/build/aws-lc-sys-1abb8240651f9632/out`
    Checking aws-sdk-sts v1.103.0
    Checking aws-sdk-sqs v1.98.0
     Running `sccache /home/jaime/.rustup/toolchains/1.94.1-x86_64-unknown-linux-gnu/bin/rustc --crate-name aws_sdk_sts --edition=2021 /home/jaime/.cargo/registry/src/index.crates.io-1949cf8c6b5b557f/aws-sdk-sts-1.103.0/src/lib.rs --error-format=json --json=diagnostic-rendered-ansi,artifacts,future-incompat --crate-type lib --emit=dep-info,metadata -C embed-bitcode=no --check-cfg 'cfg(docsrs,test)' --check-cfg 'cfg(feature, values("behavior-version-latest", "default", "default-https-client", "gated-tests", "rt-tokio", "rustls", "sigv4a", "test-util"))' -C metadata=cb4cc230a5e011db -C extra-filename=-c65de31f72ea5d0c --out-dir /mnt/xs1000/me/serverust/target/debug/deps -C strip=debuginfo -L dependency=/mnt/xs1000/me/serverust/target/debug/deps --extern aws_credential_types=/mnt/xs1000/me/serverust/target/debug/deps/libaws_credential_types-8a5fa3aae64d9c53.rmeta --extern aws_runtime=/mnt/xs1000/me/serverust/target/debug/deps/libaws_runtime-8f403299f5373527.rmeta --extern aws_smithy_async=/mnt/xs1000/me/serverust/target/debug/deps/libaws_smithy_async-cbc14b39499680fe.rmeta --extern aws_smithy_http=/mnt/xs1000/me/serverust/target/debug/deps/libaws_smithy_http-9857e57ff10d2d79.rmeta --extern aws_smithy_json=/mnt/xs1000/me/serverust/target/debug/deps/libaws_smithy_json-4900afddd31ec56a.rmeta --extern aws_smithy_observability=/mnt/xs1000/me/serverust/target/debug/deps/libaws_smithy_observability-21c11c6108c20251.rmeta --extern aws_smithy_query=/mnt/xs1000/me/serverust/target/debug/deps/libaws_smithy_query-b38ee18953576a48.rmeta --extern aws_smithy_runtime=/mnt/xs1000/me/serverust/target/debug/deps/libaws_smithy_runtime-8edcf31933bd0dd7.rmeta --extern aws_smithy_runtime_api=/mnt/xs1000/me/serverust/target/debug/deps/libaws_smithy_runtime_api-ee09f905e4ed72ec.rmeta --extern aws_smithy_types=/mnt/xs1000/me/serverust/target/debug/deps/libaws_smithy_types-5e9304c76ef568e3.rmeta --extern aws_smithy_xml=/mnt/xs1000/me/serverust/target/debug/deps/libaws_smithy_xml-482202a3591bfc7a.rmeta --extern aws_types=/mnt/xs1000/me/serverust/target/debug/deps/libaws_types-0d4aee5c7e9fb77f.rmeta --extern fastrand=/mnt/xs1000/me/serverust/target/debug/deps/libfastrand-8871d8df791e523a.rmeta --extern http=/mnt/xs1000/me/serverust/target/debug/deps/libhttp-4f1990fccdc3e5fd.rmeta --extern http_1x=/mnt/xs1000/me/serverust/target/debug/deps/libhttp-db293744f4dc6c64.rmeta --extern regex_lite=/mnt/xs1000/me/serverust/target/debug/deps/libregex_lite-c5bd03896b636232.rmeta --extern tracing=/mnt/xs1000/me/serverust/target/debug/deps/libtracing-779dc977580397fd.rmeta --cap-lints allow --cap-lints=warn -L native=/mnt/xs1000/me/serverust/target/debug/build/ring-5956d144be0c889c/out -L native=/mnt/xs1000/me/serverust/target/debug/build/aws-lc-sys-1abb8240651f9632/out`
     Running `sccache /home/jaime/.rustup/toolchains/1.94.1-x86_64-unknown-linux-gnu/bin/rustc --crate-name aws_sdk_sqs --edition=2021 /home/jaime/.cargo/registry/src/index.crates.io-1949cf8c6b5b557f/aws-sdk-sqs-1.98.0/src/lib.rs --error-format=json --json=diagnostic-rendered-ansi,artifacts,future-incompat --crate-type lib --emit=dep-info,metadata -C embed-bitcode=no --cfg 'feature="default"' --cfg 'feature="default-https-client"' --cfg 'feature="rt-tokio"' --cfg 'feature="rustls"' --check-cfg 'cfg(docsrs,test)' --check-cfg 'cfg(feature, values("behavior-version-latest", "default", "default-https-client", "gated-tests", "rt-tokio", "rustls", "test-util"))' -C metadata=429adabab6f0c788 -C extra-filename=-7f3ca671fc537680 --out-dir /mnt/xs1000/me/serverust/target/debug/deps -C strip=debuginfo -L dependency=/mnt/xs1000/me/serverust/target/debug/deps --extern aws_credential_types=/mnt/xs1000/me/serverust/target/debug/deps/libaws_credential_types-8a5fa3aae64d9c53.rmeta --extern aws_runtime=/mnt/xs1000/me/serverust/target/debug/deps/libaws_runtime-8f403299f5373527.rmeta --extern aws_smithy_async=/mnt/xs1000/me/serverust/target/debug/deps/libaws_smithy_async-cbc14b39499680fe.rmeta --extern aws_smithy_http=/mnt/xs1000/me/serverust/target/debug/deps/libaws_smithy_http-9857e57ff10d2d79.rmeta --extern aws_smithy_json=/mnt/xs1000/me/serverust/target/debug/deps/libaws_smithy_json-4900afddd31ec56a.rmeta --extern aws_smithy_observability=/mnt/xs1000/me/serverust/target/debug/deps/libaws_smithy_observability-21c11c6108c20251.rmeta --extern aws_smithy_runtime=/mnt/xs1000/me/serverust/target/debug/deps/libaws_smithy_runtime-8edcf31933bd0dd7.rmeta --extern aws_smithy_runtime_api=/mnt/xs1000/me/serverust/target/debug/deps/libaws_smithy_runtime_api-ee09f905e4ed72ec.rmeta --extern aws_smithy_types=/mnt/xs1000/me/serverust/target/debug/deps/libaws_smithy_types-5e9304c76ef568e3.rmeta --extern aws_types=/mnt/xs1000/me/serverust/target/debug/deps/libaws_types-0d4aee5c7e9fb77f.rmeta --extern bytes=/mnt/xs1000/me/serverust/target/debug/deps/libbytes-24b2c1ac915ba1ec.rmeta --extern fastrand=/mnt/xs1000/me/serverust/target/debug/deps/libfastrand-8871d8df791e523a.rmeta --extern http=/mnt/xs1000/me/serverust/target/debug/deps/libhttp-4f1990fccdc3e5fd.rmeta --extern http_1x=/mnt/xs1000/me/serverust/target/debug/deps/libhttp-db293744f4dc6c64.rmeta --extern regex_lite=/mnt/xs1000/me/serverust/target/debug/deps/libregex_lite-c5bd03896b636232.rmeta --extern tracing=/mnt/xs1000/me/serverust/target/debug/deps/libtracing-779dc977580397fd.rmeta --cap-lints allow --cap-lints=warn -L native=/mnt/xs1000/me/serverust/target/debug/build/ring-5956d144be0c889c/out -L native=/mnt/xs1000/me/serverust/target/debug/build/aws-lc-sys-1abb8240651f9632/out`
    Checking aws-config v1.8.16
     Running `sccache /home/jaime/.rustup/toolchains/1.94.1-x86_64-unknown-linux-gnu/bin/rustc --crate-name aws_config --edition=2021 /home/jaime/.cargo/registry/src/index.crates.io-1949cf8c6b5b557f/aws-config-1.8.16/src/lib.rs --error-format=json --json=diagnostic-rendered-ansi,artifacts,future-incompat --crate-type lib --emit=dep-info,metadata -C embed-bitcode=no --cfg 'feature="rt-tokio"' --check-cfg 'cfg(docsrs,test)' --check-cfg 'cfg(feature, values("allow-compilation", "behavior-version-latest", "client-hyper", "credentials-login", "credentials-process", "default", "default-https-client", "rt-tokio", "rustls", "sso", "test-util"))' -C metadata=833e1cbaba1d07aa -C extra-filename=-6b378f03782a8d3b --out-dir /mnt/xs1000/me/serverust/target/debug/deps -C strip=debuginfo -L dependency=/mnt/xs1000/me/serverust/target/debug/deps --extern aws_credential_types=/mnt/xs1000/me/serverust/target/debug/deps/libaws_credential_types-8a5fa3aae64d9c53.rmeta --extern aws_runtime=/mnt/xs1000/me/serverust/target/debug/deps/libaws_runtime-8f403299f5373527.rmeta --extern aws_sdk_sts=/mnt/xs1000/me/serverust/target/debug/deps/libaws_sdk_sts-c65de31f72ea5d0c.rmeta --extern aws_smithy_async=/mnt/xs1000/me/serverust/target/debug/deps/libaws_smithy_async-cbc14b39499680fe.rmeta --extern aws_smithy_http=/mnt/xs1000/me/serverust/target/debug/deps/libaws_smithy_http-9857e57ff10d2d79.rmeta --extern aws_smithy_json=/mnt/xs1000/me/serverust/target/debug/deps/libaws_smithy_json-4900afddd31ec56a.rmeta --extern aws_smithy_runtime=/mnt/xs1000/me/serverust/target/debug/deps/libaws_smithy_runtime-8edcf31933bd0dd7.rmeta --extern aws_smithy_runtime_api=/mnt/xs1000/me/serverust/target/debug/deps/libaws_smithy_runtime_api-ee09f905e4ed72ec.rmeta --extern aws_smithy_types=/mnt/xs1000/me/serverust/target/debug/deps/libaws_smithy_types-5e9304c76ef568e3.rmeta --extern aws_types=/mnt/xs1000/me/serverust/target/debug/deps/libaws_types-0d4aee5c7e9fb77f.rmeta --extern bytes=/mnt/xs1000/me/serverust/target/debug/deps/libbytes-24b2c1ac915ba1ec.rmeta --extern fastrand=/mnt/xs1000/me/serverust/target/debug/deps/libfastrand-8871d8df791e523a.rmeta --extern http=/mnt/xs1000/me/serverust/target/debug/deps/libhttp-db293744f4dc6c64.rmeta --extern time=/mnt/xs1000/me/serverust/target/debug/deps/libtime-5008eb45ef3d6d37.rmeta --extern tokio=/mnt/xs1000/me/serverust/target/debug/deps/libtokio-14f2efd15bf01c3e.rmeta --extern tracing=/mnt/xs1000/me/serverust/target/debug/deps/libtracing-779dc977580397fd.rmeta --extern url=/mnt/xs1000/me/serverust/target/debug/deps/liburl-aee96ccd564b0778.rmeta --cap-lints allow --cap-lints=warn -L native=/mnt/xs1000/me/serverust/target/debug/build/ring-5956d144be0c889c/out -L native=/mnt/xs1000/me/serverust/target/debug/build/aws-lc-sys-1abb8240651f9632/out`
    Checking serverust-cli v0.4.0 (/mnt/xs1000/me/serverust/serverust-cli)
     Running `sccache /home/jaime/.rustup/toolchains/1.94.1-x86_64-unknown-linux-gnu/bin/rustc --crate-name serverust_cli --edition=2024 serverust-cli/src/lib.rs --error-format=json --json=diagnostic-rendered-ansi,artifacts,future-incompat --crate-type lib --emit=dep-info,metadata -C embed-bitcode=no -C debuginfo=line-tables-only -C split-debuginfo=unpacked --check-cfg 'cfg(docsrs,test)' --check-cfg 'cfg(feature, values())' -C metadata=2d32f57b534dbdbb -C extra-filename=-26f6c0cfdf5fed94 --out-dir /mnt/xs1000/me/serverust/target/debug/deps -C incremental=/mnt/xs1000/me/serverust/target/debug/incremental -L dependency=/mnt/xs1000/me/serverust/target/debug/deps --extern anyhow=/mnt/xs1000/me/serverust/target/debug/deps/libanyhow-8826cf938f220741.rmeta --extern aws_config=/mnt/xs1000/me/serverust/target/debug/deps/libaws_config-6b378f03782a8d3b.rmeta --extern aws_sdk_sqs=/mnt/xs1000/me/serverust/target/debug/deps/libaws_sdk_sqs-7f3ca671fc537680.rmeta --extern clap=/mnt/xs1000/me/serverust/target/debug/deps/libclap-4562ed59136ef442.rmeta --extern tokio=/mnt/xs1000/me/serverust/target/debug/deps/libtokio-14f2efd15bf01c3e.rmeta --cap-lints=warn -L native=/mnt/xs1000/me/serverust/target/debug/build/ring-5956d144be0c889c/out -L native=/mnt/xs1000/me/serverust/target/debug/build/aws-lc-sys-1abb8240651f9632/out`
     Running `sccache /home/jaime/.rustup/toolchains/1.94.1-x86_64-unknown-linux-gnu/bin/rustc --crate-name serverust_cli --edition=2024 serverust-cli/src/lib.rs --error-format=json --json=diagnostic-rendered-ansi,artifacts,future-incompat --emit=dep-info,metadata -C embed-bitcode=no -C debuginfo=line-tables-only -C split-debuginfo=unpacked --test --check-cfg 'cfg(docsrs,test)' --check-cfg 'cfg(feature, values())' -C metadata=23a1433cfe662675 -C extra-filename=-989489f4c070ff80 --out-dir /mnt/xs1000/me/serverust/target/debug/deps -C incremental=/mnt/xs1000/me/serverust/target/debug/incremental -L dependency=/mnt/xs1000/me/serverust/target/debug/deps --extern anyhow=/mnt/xs1000/me/serverust/target/debug/deps/libanyhow-8826cf938f220741.rmeta --extern aws_config=/mnt/xs1000/me/serverust/target/debug/deps/libaws_config-6b378f03782a8d3b.rmeta --extern aws_sdk_sqs=/mnt/xs1000/me/serverust/target/debug/deps/libaws_sdk_sqs-7f3ca671fc537680.rmeta --extern clap=/mnt/xs1000/me/serverust/target/debug/deps/libclap-4562ed59136ef442.rmeta --extern tempfile=/mnt/xs1000/me/serverust/target/debug/deps/libtempfile-5802b02497129cd5.rmeta --extern tokio=/mnt/xs1000/me/serverust/target/debug/deps/libtokio-14f2efd15bf01c3e.rmeta --cap-lints=warn -L native=/mnt/xs1000/me/serverust/target/debug/build/ring-5956d144be0c889c/out -L native=/mnt/xs1000/me/serverust/target/debug/build/aws-lc-sys-1abb8240651f9632/out`
warning: unused imports: `Command`, `DeployTarget`, `OpenapiCommand`, and `QueueCommand`
  --> serverust-cli/src/lib.rs:32:23
   |
32 | use crate::cli::{Cli, Command, DeployTarget, OpenapiCommand, QueueCommand};
   |                       ^^^^^^^  ^^^^^^^^^^^^  ^^^^^^^^^^^^^^  ^^^^^^^^^^^^
   |
   = note: `#[warn(unused_imports)]` (part of `#[warn(unused)]`) on by default

warning: unused variable: `cli`
  --> serverust-cli/src/lib.rs:38:12
   |
38 | pub fn run(cli: Cli) -> Result<()> {
   |            ^^^ help: if this is intentional, prefix it with an underscore: `_cli`
   |
   = note: `#[warn(unused_variables)]` (part of `#[warn(unused)]`) on by default

warning: function `require_cargo_subcommand` is never used
  --> serverust-cli/src/lib.rs:47:4
   |
47 | fn require_cargo_subcommand(subcommand: &str, install_hint: &str) -> Result<()> {
   |    ^^^^^^^^^^^^^^^^^^^^^^^^
   |
   = note: `#[warn(dead_code)]` (part of `#[warn(unused)]`) on by default

warning: function `spawn_status` is never used
  --> serverust-cli/src/lib.rs:63:4
   |
63 | fn spawn_status(mut cmd: std::process::Command, label: &str) -> Result<()> {
   |    ^^^^^^^^^^^^

warning: `serverust-cli` (lib test) generated 4 warnings (3 duplicates) (run `cargo fix --lib -p serverust-cli --tests` to apply 1 suggestion)
warning: `serverust-cli` (lib) generated 4 warnings (1 duplicate) (run `cargo fix --lib -p serverust-cli` to apply 1 suggestion)
     Running `sccache /home/jaime/.rustup/toolchains/1.94.1-x86_64-unknown-linux-gnu/bin/rustc --crate-name cli_parse --edition=2024 serverust-cli/tests/cli_parse.rs --error-format=json --json=diagnostic-rendered-ansi,artifacts,future-incompat --emit=dep-info,metadata -C embed-bitcode=no -C debuginfo=line-tables-only -C split-debuginfo=unpacked --test --check-cfg 'cfg(docsrs,test)' --check-cfg 'cfg(feature, values())' -C metadata=a0c4fb9d89bd12fa -C extra-filename=-ccd6babf6ca843ca --out-dir /mnt/xs1000/me/serverust/target/debug/deps -C incremental=/mnt/xs1000/me/serverust/target/debug/incremental -L dependency=/mnt/xs1000/me/serverust/target/debug/deps --extern anyhow=/mnt/xs1000/me/serverust/target/debug/deps/libanyhow-8826cf938f220741.rmeta --extern aws_config=/mnt/xs1000/me/serverust/target/debug/deps/libaws_config-6b378f03782a8d3b.rmeta --extern aws_sdk_sqs=/mnt/xs1000/me/serverust/target/debug/deps/libaws_sdk_sqs-7f3ca671fc537680.rmeta --extern clap=/mnt/xs1000/me/serverust/target/debug/deps/libclap-4562ed59136ef442.rmeta --extern serverust_cli=/mnt/xs1000/me/serverust/target/debug/deps/libserverust_cli-26f6c0cfdf5fed94.rmeta --extern tempfile=/mnt/xs1000/me/serverust/target/debug/deps/libtempfile-5802b02497129cd5.rmeta --extern tokio=/mnt/xs1000/me/serverust/target/debug/deps/libtokio-14f2efd15bf01c3e.rmeta --cap-lints=warn -L native=/mnt/xs1000/me/serverust/target/debug/build/ring-5956d144be0c889c/out -L native=/mnt/xs1000/me/serverust/target/debug/build/aws-lc-sys-1abb8240651f9632/out`
     Running `sccache /home/jaime/.rustup/toolchains/1.94.1-x86_64-unknown-linux-gnu/bin/rustc --crate-name asyncapi_cli --edition=2024 serverust-cli/tests/asyncapi_cli.rs --error-format=json --json=diagnostic-rendered-ansi,artifacts,future-incompat --emit=dep-info,metadata -C embed-bitcode=no -C debuginfo=line-tables-only -C split-debuginfo=unpacked --test --check-cfg 'cfg(docsrs,test)' --check-cfg 'cfg(feature, values())' -C metadata=4e9f01f11b4ddc89 -C extra-filename=-4338706fc0633c78 --out-dir /mnt/xs1000/me/serverust/target/debug/deps -C incremental=/mnt/xs1000/me/serverust/target/debug/incremental -L dependency=/mnt/xs1000/me/serverust/target/debug/deps --extern anyhow=/mnt/xs1000/me/serverust/target/debug/deps/libanyhow-8826cf938f220741.rmeta --extern aws_config=/mnt/xs1000/me/serverust/target/debug/deps/libaws_config-6b378f03782a8d3b.rmeta --extern aws_sdk_sqs=/mnt/xs1000/me/serverust/target/debug/deps/libaws_sdk_sqs-7f3ca671fc537680.rmeta --extern clap=/mnt/xs1000/me/serverust/target/debug/deps/libclap-4562ed59136ef442.rmeta --extern serverust_cli=/mnt/xs1000/me/serverust/target/debug/deps/libserverust_cli-26f6c0cfdf5fed94.rmeta --extern tempfile=/mnt/xs1000/me/serverust/target/debug/deps/libtempfile-5802b02497129cd5.rmeta --extern tokio=/mnt/xs1000/me/serverust/target/debug/deps/libtokio-14f2efd15bf01c3e.rmeta --cap-lints=warn -L native=/mnt/xs1000/me/serverust/target/debug/build/ring-5956d144be0c889c/out -L native=/mnt/xs1000/me/serverust/target/debug/build/aws-lc-sys-1abb8240651f9632/out`
     Running `sccache /home/jaime/.rustup/toolchains/1.94.1-x86_64-unknown-linux-gnu/bin/rustc --crate-name commands --edition=2024 serverust-cli/tests/commands.rs --error-format=json --json=diagnostic-rendered-ansi,artifacts,future-incompat --emit=dep-info,metadata -C embed-bitcode=no -C debuginfo=line-tables-only -C split-debuginfo=unpacked --test --check-cfg 'cfg(docsrs,test)' --check-cfg 'cfg(feature, values())' -C metadata=9271fd2f5bcba784 -C extra-filename=-5e5a28b9989882c3 --out-dir /mnt/xs1000/me/serverust/target/debug/deps -C incremental=/mnt/xs1000/me/serverust/target/debug/incremental -L dependency=/mnt/xs1000/me/serverust/target/debug/deps --extern anyhow=/mnt/xs1000/me/serverust/target/debug/deps/libanyhow-8826cf938f220741.rmeta --extern aws_config=/mnt/xs1000/me/serverust/target/debug/deps/libaws_config-6b378f03782a8d3b.rmeta --extern aws_sdk_sqs=/mnt/xs1000/me/serverust/target/debug/deps/libaws_sdk_sqs-7f3ca671fc537680.rmeta --extern clap=/mnt/xs1000/me/serverust/target/debug/deps/libclap-4562ed59136ef442.rmeta --extern serverust_cli=/mnt/xs1000/me/serverust/target/debug/deps/libserverust_cli-26f6c0cfdf5fed94.rmeta --extern tempfile=/mnt/xs1000/me/serverust/target/debug/deps/libtempfile-5802b02497129cd5.rmeta --extern tokio=/mnt/xs1000/me/serverust/target/debug/deps/libtokio-14f2efd15bf01c3e.rmeta --cap-lints=warn -L native=/mnt/xs1000/me/serverust/target/debug/build/ring-5956d144be0c889c/out -L native=/mnt/xs1000/me/serverust/target/debug/build/aws-lc-sys-1abb8240651f9632/out`
     Running `sccache /home/jaime/.rustup/toolchains/1.94.1-x86_64-unknown-linux-gnu/bin/rustc --crate-name scaffold --edition=2024 serverust-cli/tests/scaffold.rs --error-format=json --json=diagnostic-rendered-ansi,artifacts,future-incompat --emit=dep-info,metadata -C embed-bitcode=no -C debuginfo=line-tables-only -C split-debuginfo=unpacked --test --check-cfg 'cfg(docsrs,test)' --check-cfg 'cfg(feature, values())' -C metadata=f65add836d1074b2 -C extra-filename=-66eb466f51816b17 --out-dir /mnt/xs1000/me/serverust/target/debug/deps -C incremental=/mnt/xs1000/me/serverust/target/debug/incremental -L dependency=/mnt/xs1000/me/serverust/target/debug/deps --extern anyhow=/mnt/xs1000/me/serverust/target/debug/deps/libanyhow-8826cf938f220741.rmeta --extern aws_config=/mnt/xs1000/me/serverust/target/debug/deps/libaws_config-6b378f03782a8d3b.rmeta --extern aws_sdk_sqs=/mnt/xs1000/me/serverust/target/debug/deps/libaws_sdk_sqs-7f3ca671fc537680.rmeta --extern clap=/mnt/xs1000/me/serverust/target/debug/deps/libclap-4562ed59136ef442.rmeta --extern serverust_cli=/mnt/xs1000/me/serverust/target/debug/deps/libserverust_cli-26f6c0cfdf5fed94.rmeta --extern tempfile=/mnt/xs1000/me/serverust/target/debug/deps/libtempfile-5802b02497129cd5.rmeta --extern tokio=/mnt/xs1000/me/serverust/target/debug/deps/libtokio-14f2efd15bf01c3e.rmeta --cap-lints=warn -L native=/mnt/xs1000/me/serverust/target/debug/build/ring-5956d144be0c889c/out -L native=/mnt/xs1000/me/serverust/target/debug/build/aws-lc-sys-1abb8240651f9632/out`
     Running `sccache /home/jaime/.rustup/toolchains/1.94.1-x86_64-unknown-linux-gnu/bin/rustc --crate-name queue_cli --edition=2024 serverust-cli/tests/queue_cli.rs --error-format=json --json=diagnostic-rendered-ansi,artifacts,future-incompat --emit=dep-info,metadata -C embed-bitcode=no -C debuginfo=line-tables-only -C split-debuginfo=unpacked --test --check-cfg 'cfg(docsrs,test)' --check-cfg 'cfg(feature, values())' -C metadata=3ce9245d1d881724 -C extra-filename=-7520133c2b683181 --out-dir /mnt/xs1000/me/serverust/target/debug/deps -C incremental=/mnt/xs1000/me/serverust/target/debug/incremental -L dependency=/mnt/xs1000/me/serverust/target/debug/deps --extern anyhow=/mnt/xs1000/me/serverust/target/debug/deps/libanyhow-8826cf938f220741.rmeta --extern aws_config=/mnt/xs1000/me/serverust/target/debug/deps/libaws_config-6b378f03782a8d3b.rmeta --extern aws_sdk_sqs=/mnt/xs1000/me/serverust/target/debug/deps/libaws_sdk_sqs-7f3ca671fc537680.rmeta --extern clap=/mnt/xs1000/me/serverust/target/debug/deps/libclap-4562ed59136ef442.rmeta --extern serverust_cli=/mnt/xs1000/me/serverust/target/debug/deps/libserverust_cli-26f6c0cfdf5fed94.rmeta --extern tempfile=/mnt/xs1000/me/serverust/target/debug/deps/libtempfile-5802b02497129cd5.rmeta --extern tokio=/mnt/xs1000/me/serverust/target/debug/deps/libtokio-14f2efd15bf01c3e.rmeta --cap-lints=warn -L native=/mnt/xs1000/me/serverust/target/debug/build/ring-5956d144be0c889c/out -L native=/mnt/xs1000/me/serverust/target/debug/build/aws-lc-sys-1abb8240651f9632/out`
     Running `sccache /home/jaime/.rustup/toolchains/1.94.1-x86_64-unknown-linux-gnu/bin/rustc --crate-name serverust --edition=2024 serverust-cli/src/main.rs --error-format=json --json=diagnostic-rendered-ansi,artifacts,future-incompat --emit=dep-info,metadata -C embed-bitcode=no -C debuginfo=line-tables-only -C split-debuginfo=unpacked --test --check-cfg 'cfg(docsrs,test)' --check-cfg 'cfg(feature, values())' -C metadata=c9487d17fb1f8cdc -C extra-filename=-5589a37457027da5 --out-dir /mnt/xs1000/me/serverust/target/debug/deps -C incremental=/mnt/xs1000/me/serverust/target/debug/incremental -L dependency=/mnt/xs1000/me/serverust/target/debug/deps --extern anyhow=/mnt/xs1000/me/serverust/target/debug/deps/libanyhow-8826cf938f220741.rmeta --extern aws_config=/mnt/xs1000/me/serverust/target/debug/deps/libaws_config-6b378f03782a8d3b.rmeta --extern aws_sdk_sqs=/mnt/xs1000/me/serverust/target/debug/deps/libaws_sdk_sqs-7f3ca671fc537680.rmeta --extern clap=/mnt/xs1000/me/serverust/target/debug/deps/libclap-4562ed59136ef442.rmeta --extern serverust_cli=/mnt/xs1000/me/serverust/target/debug/deps/libserverust_cli-26f6c0cfdf5fed94.rmeta --extern tempfile=/mnt/xs1000/me/serverust/target/debug/deps/libtempfile-5802b02497129cd5.rmeta --extern tokio=/mnt/xs1000/me/serverust/target/debug/deps/libtokio-14f2efd15bf01c3e.rmeta --cap-lints=warn -L native=/mnt/xs1000/me/serverust/target/debug/build/ring-5956d144be0c889c/out -L native=/mnt/xs1000/me/serverust/target/debug/build/aws-lc-sys-1abb8240651f9632/out`
    Finished `dev` profile [unoptimized + debuginfo] target(s) in 16.78s

*** result: Success
