
*** baseline

*** /home/jaime/.rustup/toolchains/1.94.1-x86_64-unknown-linux-gnu/bin/cargo check --tests --verbose --package=serverust-cli@0.4.0 --package=serverust-core@0.4.0
       Fresh unicode-ident v1.0.24
       Fresh bytes v1.11.1
       Fresh pin-project-lite v0.2.17
       Fresh itoa v1.0.18
       Fresh futures-core v0.3.32
       Fresh log v0.4.29
       Fresh futures-sink v0.3.32
       Fresh slab v0.4.12
       Fresh futures-task v0.3.32
       Fresh equivalent v1.0.2
       Fresh hashbrown v0.17.1
       Fresh proc-macro2 v1.0.106
       Fresh http v1.4.0
       Fresh tracing-core v0.1.36
       Fresh futures-util v0.3.32
       Fresh cfg-if v1.0.4
       Fresh shlex v1.3.0
       Fresh find-msvc-tools v0.1.9
       Fresh ryu v1.0.23
       Fresh smallvec v1.15.1
       Fresh percent-encoding v2.3.2
       Fresh stable_deref_trait v1.2.1
       Fresh try-lock v0.2.5
       Fresh tower-service v0.3.3
       Fresh quote v1.0.45
       Fresh serde_core v1.0.228
       Fresh http-body v1.0.1
       Fresh libc v0.2.186
       Fresh want v0.3.1
       Fresh futures-channel v0.3.32
       Fresh httpdate v1.0.3
       Fresh atomic-waker v1.1.2
       Fresh http v0.2.12
       Fresh zeroize v1.8.2
       Fresh autocfg v1.5.0
       Fresh form_urlencoded v1.2.2
       Fresh base64 v0.22.1
       Fresh sync_wrapper v1.0.2
       Fresh ipnet v2.12.0
       Fresh syn v2.0.117
       Fresh socket2 v0.6.3
       Fresh mio v1.2.0
       Fresh jobserver v0.1.34
       Fresh indexmap v2.14.0
       Fresh http-body-util v0.1.3
       Fresh httparse v1.10.1
       Fresh litemap v0.8.2
       Fresh writeable v0.6.3
       Fresh tower-layer v0.3.3
       Fresh http-body v0.4.6
       Fresh utf8_iter v1.0.4
       Fresh powerfmt v0.2.0
       Fresh tokio-macros v2.7.0
       Fresh tracing-attributes v0.1.31
       Fresh synstructure v0.13.2
       Fresh cc v1.2.62
       Fresh zerovec-derive v0.11.3
       Fresh displaydoc v0.2.5
       Fresh deranged v0.5.8
       Fresh either v1.15.0
       Fresh num-conv v0.2.1
       Fresh time-core v0.1.8
       Fresh vsimd v0.8.0
       Fresh dunce v1.0.5
       Fresh fs_extra v1.3.0
       Fresh tokio v1.52.3
       Fresh tracing v0.1.44
       Fresh zerofrom-derive v0.1.7
       Fresh yoke-derive v0.8.2
       Fresh cmake v0.1.58
       Fresh num-traits v0.2.19
       Fresh outref v0.5.2
       Fresh untrusted v0.9.0
       Fresh icu_properties_data v2.2.0
       Fresh time v0.3.47
       Fresh bytes-utils v0.1.4
       Fresh getrandom v0.4.2
       Fresh icu_normalizer_data v2.2.0
       Fresh pin-utils v0.1.0
       Fresh fastrand v2.4.1
       Fresh tokio-util v0.7.18
       Fresh zerofrom v0.1.8
       Fresh tower v0.5.3
       Fresh num-integer v0.1.46
       Fresh base64-simd v0.8.0
       Fresh uuid v1.23.1
       Fresh aws-smithy-async v1.2.14
       Fresh aws-smithy-runtime-api-macros v1.0.0
       Fresh getrandom v0.2.17
       Fresh version_check v0.9.5
       Fresh serde_derive v1.0.228
       Fresh rustls-pki-types v1.14.1
       Fresh typenum v1.20.0
       Fresh yoke v0.8.2
       Fresh h2 v0.4.14
       Fresh aws-smithy-types v1.4.7
       Fresh ring v0.17.14
       Fresh hybrid-array v0.4.12
       Fresh subtle v2.6.1
       Fresh linux-raw-sys v0.12.1
       Fresh bitflags v2.11.1
       Fresh cmov v0.5.3
       Fresh h2 v0.3.27
       Fresh socket2 v0.5.10
       Fresh semver v1.0.28
       Fresh const-oid v0.10.2
       Fresh zerovec v0.11.6
       Fresh hyper v1.9.0
       Fresh zerotrie v0.2.4
       Fresh aws-lc-sys v0.41.0
       Fresh aws-smithy-runtime-api v1.12.0
       Fresh serde v1.0.228
       Fresh sct v0.7.1
       Fresh rustls-webpki v0.101.7
       Fresh crypto-common v0.2.1
       Fresh block-buffer v0.12.0
       Fresh ctutils v0.4.2
       Fresh openssl-probe v0.2.1
       Fresh hyper v0.14.32
       Fresh rustc_version v0.4.1
       Fresh tinystr v0.8.3
       Fresh potential_utf v0.1.5
       Fresh hyper-util v0.1.20
       Fresh aws-lc-rs v1.17.0
       Fresh rustls v0.21.12
       Fresh rustix v1.1.4
       Fresh digest v0.11.3
       Fresh rustls-native-certs v0.8.3
       Fresh aws-credential-types v1.2.14
       Fresh aws-smithy-http v0.63.6
       Fresh cpufeatures v0.3.0
       Fresh icu_locale_core v2.2.0
       Fresh icu_collections v2.2.0
       Fresh rustls-webpki v0.103.13
       Fresh tokio-rustls v0.24.1
       Fresh tempfile v3.27.0
       Fresh fnv v1.0.7
       Fresh ident_case v1.0.1
       Fresh hmac v0.13.0
       Fresh sha2 v0.11.0
       Fresh aws-smithy-observability v0.2.6
       Fresh memchr v2.8.0
       Fresh hex v0.4.3
       Fresh icu_provider v2.2.0
       Fresh rustls v0.23.40
       Fresh hyper-rustls v0.24.2
       Fresh zmij v1.0.21
       Fresh darling_core v0.20.11
       Fresh aws-sigv4 v1.4.3
       Fresh proc-macro2-diagnostics v0.10.1
       Fresh aws-types v1.3.15
       Fresh serde_spanned v0.6.9
       Fresh toml_datetime v0.6.11
       Fresh proc-macro-error-attr2 v2.0.0
       Fresh winnow v0.7.15
       Fresh toml_write v0.1.2
       Fresh regex-syntax v0.8.10
       Fresh utf8parse v0.2.2
       Fresh aws-smithy-json v0.62.5
       Fresh icu_properties v2.2.0
       Fresh icu_normalizer v2.2.0
       Fresh tokio-rustls v0.26.4
       Fresh serde_json v1.0.149
       Fresh darling_macro v0.20.11
       Fresh regex-automata v0.4.14
       Fresh pear_codegen v0.2.9
       Fresh toml_edit v0.22.27
       Fresh anstyle-parse v1.0.0
       Fresh proc-macro-error2 v2.0.1
       Fresh is_terminal_polyfill v1.70.2
       Fresh mime v0.3.17
       Fresh anstyle-query v1.1.5
       Fresh colorchoice v1.0.5
       Fresh yansi v1.0.1
       Fresh idna_adapter v1.2.2
       Fresh hyper-rustls v0.27.9
       Fresh darling v0.20.11
       Fresh inlinable_string v0.1.15
       Fresh urlencoding v2.1.3
       Fresh regex-lite v0.1.9
       Fresh xmlparser v0.13.6
       Fresh once_cell v1.21.4
       Fresh anstyle v1.0.14
       Fresh regex v1.12.3
       Fresh toml v0.8.23
       Fresh axum-core v0.5.6
       Fresh uncased v0.9.10
       Fresh serde_urlencoded v0.7.1
       Fresh utoipa-gen v5.5.0
       Fresh serde_path_to_error v0.1.20
       Fresh idna v1.1.0
       Fresh aws-smithy-http-client v1.1.12
       Fresh anstream v1.0.0
       Fresh pear v0.2.9
       Fresh validator_derive v0.20.0
       Fresh aws-smithy-xml v0.60.15
       Fresh aws-smithy-query v0.60.15
       Fresh matchit v0.8.4
       Fresh clap_lex v1.1.0
       Fresh strsim v0.11.1
       Fresh heck v0.5.0
       Fresh utoipa v5.5.0
       Fresh serverust-macros v0.4.0 (/mnt/xs1000/me/serverust/serverust-macros)
       Fresh url v2.5.8
       Fresh aws-smithy-runtime v1.11.1
       Fresh clap_derive v4.6.1
       Fresh axum v0.8.9
       Fresh clap_builder v4.6.0
       Fresh figment v0.10.19
       Fresh aws-runtime v1.7.3
       Fresh validator v0.20.0
       Fresh anyhow v1.0.102
       Fresh clap v4.6.1
       Fresh aws-sdk-sts v1.103.0
       Fresh aws-sdk-sqs v1.98.0
       Dirty serverust-core v0.4.0 (/mnt/xs1000/me/serverust/serverust-core): the file `serverust-core/src/pipeline.rs` has changed (1789346402.223141194s, 2m 34s after last build at 1789346248.934985241s)
    Checking serverust-core v0.4.0 (/mnt/xs1000/me/serverust/serverust-core)
       Fresh aws-config v1.8.16
       Dirty serverust-cli v0.4.0 (/mnt/xs1000/me/serverust/serverust-cli): the file `serverust-cli/src/templates.rs` has changed (1789346353.669133308s, 1m 39s after last build at 1789346254.868036200s)
    Checking serverust-cli v0.4.0 (/mnt/xs1000/me/serverust/serverust-cli)
     Running `sccache /home/jaime/.rustup/toolchains/1.94.1-x86_64-unknown-linux-gnu/bin/rustc --crate-name serverust_core --edition=2024 serverust-core/src/lib.rs --error-format=json --json=diagnostic-rendered-ansi,artifacts,future-incompat --emit=dep-info,metadata -C embed-bitcode=no -C debuginfo=line-tables-only -C split-debuginfo=unpacked --test --check-cfg 'cfg(docsrs,test)' --check-cfg 'cfg(feature, values())' -C metadata=9db609e169c6f035 -C extra-filename=-ae87739d395bc84f --out-dir /mnt/xs1000/me/serverust/target/debug/deps -C incremental=/mnt/xs1000/me/serverust/target/debug/incremental -L dependency=/mnt/xs1000/me/serverust/target/debug/deps --extern axum=/mnt/xs1000/me/serverust/target/debug/deps/libaxum-5ea9af6d76816ad3.rmeta --extern figment=/mnt/xs1000/me/serverust/target/debug/deps/libfigment-7b93e84c5f248059.rmeta --extern http=/mnt/xs1000/me/serverust/target/debug/deps/libhttp-db293744f4dc6c64.rmeta --extern http_body_util=/mnt/xs1000/me/serverust/target/debug/deps/libhttp_body_util-8abe2c634d282bae.rmeta --extern serde=/mnt/xs1000/me/serverust/target/debug/deps/libserde-2364bf7e46dcf1f7.rmeta --extern serde_json=/mnt/xs1000/me/serverust/target/debug/deps/libserde_json-160c3deb79b518a0.rmeta --extern serverust_macros=/mnt/xs1000/me/serverust/target/debug/deps/libserverust_macros-1c830accf2b068cf.so --extern tempfile=/mnt/xs1000/me/serverust/target/debug/deps/libtempfile-5802b02497129cd5.rmeta --extern tokio=/mnt/xs1000/me/serverust/target/debug/deps/libtokio-8f728c5e98a2fe69.rmeta --extern tower=/mnt/xs1000/me/serverust/target/debug/deps/libtower-77254fb48b0b18ab.rmeta --extern utoipa=/mnt/xs1000/me/serverust/target/debug/deps/libutoipa-174ec1f3aafc7964.rmeta --extern uuid=/mnt/xs1000/me/serverust/target/debug/deps/libuuid-bef1cfe4eff66385.rmeta --extern validator=/mnt/xs1000/me/serverust/target/debug/deps/libvalidator-842ac5462282c609.rmeta --cap-lints=warn`
     Running `sccache /home/jaime/.rustup/toolchains/1.94.1-x86_64-unknown-linux-gnu/bin/rustc --crate-name serverust_core --edition=2024 serverust-core/src/lib.rs --error-format=json --json=diagnostic-rendered-ansi,artifacts,future-incompat --crate-type lib --emit=dep-info,metadata -C embed-bitcode=no -C debuginfo=line-tables-only -C split-debuginfo=unpacked --check-cfg 'cfg(docsrs,test)' --check-cfg 'cfg(feature, values())' -C metadata=4c3f4fbcf873a2f3 -C extra-filename=-6b90ce9dc7ca54ef --out-dir /mnt/xs1000/me/serverust/target/debug/deps -C incremental=/mnt/xs1000/me/serverust/target/debug/incremental -L dependency=/mnt/xs1000/me/serverust/target/debug/deps --extern axum=/mnt/xs1000/me/serverust/target/debug/deps/libaxum-5ea9af6d76816ad3.rmeta --extern figment=/mnt/xs1000/me/serverust/target/debug/deps/libfigment-7b93e84c5f248059.rmeta --extern http=/mnt/xs1000/me/serverust/target/debug/deps/libhttp-db293744f4dc6c64.rmeta --extern serde=/mnt/xs1000/me/serverust/target/debug/deps/libserde-2364bf7e46dcf1f7.rmeta --extern serde_json=/mnt/xs1000/me/serverust/target/debug/deps/libserde_json-160c3deb79b518a0.rmeta --extern tokio=/mnt/xs1000/me/serverust/target/debug/deps/libtokio-8f728c5e98a2fe69.rmeta --extern tower=/mnt/xs1000/me/serverust/target/debug/deps/libtower-77254fb48b0b18ab.rmeta --extern utoipa=/mnt/xs1000/me/serverust/target/debug/deps/libutoipa-174ec1f3aafc7964.rmeta --extern uuid=/mnt/xs1000/me/serverust/target/debug/deps/libuuid-bef1cfe4eff66385.rmeta --extern validator=/mnt/xs1000/me/serverust/target/debug/deps/libvalidator-842ac5462282c609.rmeta --cap-lints=warn`
     Running `sccache /home/jaime/.rustup/toolchains/1.94.1-x86_64-unknown-linux-gnu/bin/rustc --crate-name serverust_cli --edition=2024 serverust-cli/src/lib.rs --error-format=json --json=diagnostic-rendered-ansi,artifacts,future-incompat --crate-type lib --emit=dep-info,metadata -C embed-bitcode=no -C debuginfo=line-tables-only -C split-debuginfo=unpacked --check-cfg 'cfg(docsrs,test)' --check-cfg 'cfg(feature, values())' -C metadata=0b09599d3e086dee -C extra-filename=-a09f05042a5bb76e --out-dir /mnt/xs1000/me/serverust/target/debug/deps -C incremental=/mnt/xs1000/me/serverust/target/debug/incremental -L dependency=/mnt/xs1000/me/serverust/target/debug/deps --extern anyhow=/mnt/xs1000/me/serverust/target/debug/deps/libanyhow-8826cf938f220741.rmeta --extern aws_config=/mnt/xs1000/me/serverust/target/debug/deps/libaws_config-cee185d439f41d10.rmeta --extern aws_sdk_sqs=/mnt/xs1000/me/serverust/target/debug/deps/libaws_sdk_sqs-a0918f240c49ae52.rmeta --extern clap=/mnt/xs1000/me/serverust/target/debug/deps/libclap-4562ed59136ef442.rmeta --extern tokio=/mnt/xs1000/me/serverust/target/debug/deps/libtokio-8f728c5e98a2fe69.rmeta --cap-lints=warn -L native=/mnt/xs1000/me/serverust/target/debug/build/ring-5956d144be0c889c/out -L native=/mnt/xs1000/me/serverust/target/debug/build/aws-lc-sys-1abb8240651f9632/out`
     Running `sccache /home/jaime/.rustup/toolchains/1.94.1-x86_64-unknown-linux-gnu/bin/rustc --crate-name serverust_cli --edition=2024 serverust-cli/src/lib.rs --error-format=json --json=diagnostic-rendered-ansi,artifacts,future-incompat --emit=dep-info,metadata -C embed-bitcode=no -C debuginfo=line-tables-only -C split-debuginfo=unpacked --test --check-cfg 'cfg(docsrs,test)' --check-cfg 'cfg(feature, values())' -C metadata=1dbf9f91669ba350 -C extra-filename=-2fe84d8a2c008b88 --out-dir /mnt/xs1000/me/serverust/target/debug/deps -C incremental=/mnt/xs1000/me/serverust/target/debug/incremental -L dependency=/mnt/xs1000/me/serverust/target/debug/deps --extern anyhow=/mnt/xs1000/me/serverust/target/debug/deps/libanyhow-8826cf938f220741.rmeta --extern aws_config=/mnt/xs1000/me/serverust/target/debug/deps/libaws_config-cee185d439f41d10.rmeta --extern aws_sdk_sqs=/mnt/xs1000/me/serverust/target/debug/deps/libaws_sdk_sqs-a0918f240c49ae52.rmeta --extern clap=/mnt/xs1000/me/serverust/target/debug/deps/libclap-4562ed59136ef442.rmeta --extern tempfile=/mnt/xs1000/me/serverust/target/debug/deps/libtempfile-5802b02497129cd5.rmeta --extern tokio=/mnt/xs1000/me/serverust/target/debug/deps/libtokio-8f728c5e98a2fe69.rmeta --cap-lints=warn -L native=/mnt/xs1000/me/serverust/target/debug/build/ring-5956d144be0c889c/out -L native=/mnt/xs1000/me/serverust/target/debug/build/aws-lc-sys-1abb8240651f9632/out`
     Running `sccache /home/jaime/.rustup/toolchains/1.94.1-x86_64-unknown-linux-gnu/bin/rustc --crate-name routes --edition=2024 serverust-core/tests/routes.rs --error-format=json --json=diagnostic-rendered-ansi,artifacts,future-incompat --emit=dep-info,metadata -C embed-bitcode=no -C debuginfo=line-tables-only -C split-debuginfo=unpacked --test --check-cfg 'cfg(docsrs,test)' --check-cfg 'cfg(feature, values())' -C metadata=8d766eb1586b730e -C extra-filename=-30a7cfdb106b23a4 --out-dir /mnt/xs1000/me/serverust/target/debug/deps -C incremental=/mnt/xs1000/me/serverust/target/debug/incremental -L dependency=/mnt/xs1000/me/serverust/target/debug/deps --extern axum=/mnt/xs1000/me/serverust/target/debug/deps/libaxum-5ea9af6d76816ad3.rmeta --extern figment=/mnt/xs1000/me/serverust/target/debug/deps/libfigment-7b93e84c5f248059.rmeta --extern http=/mnt/xs1000/me/serverust/target/debug/deps/libhttp-db293744f4dc6c64.rmeta --extern http_body_util=/mnt/xs1000/me/serverust/target/debug/deps/libhttp_body_util-8abe2c634d282bae.rmeta --extern serde=/mnt/xs1000/me/serverust/target/debug/deps/libserde-2364bf7e46dcf1f7.rmeta --extern serde_json=/mnt/xs1000/me/serverust/target/debug/deps/libserde_json-160c3deb79b518a0.rmeta --extern serverust_core=/mnt/xs1000/me/serverust/target/debug/deps/libserverust_core-6b90ce9dc7ca54ef.rmeta --extern serverust_macros=/mnt/xs1000/me/serverust/target/debug/deps/libserverust_macros-1c830accf2b068cf.so --extern tempfile=/mnt/xs1000/me/serverust/target/debug/deps/libtempfile-5802b02497129cd5.rmeta --extern tokio=/mnt/xs1000/me/serverust/target/debug/deps/libtokio-8f728c5e98a2fe69.rmeta --extern tower=/mnt/xs1000/me/serverust/target/debug/deps/libtower-77254fb48b0b18ab.rmeta --extern utoipa=/mnt/xs1000/me/serverust/target/debug/deps/libutoipa-174ec1f3aafc7964.rmeta --extern uuid=/mnt/xs1000/me/serverust/target/debug/deps/libuuid-bef1cfe4eff66385.rmeta --extern validator=/mnt/xs1000/me/serverust/target/debug/deps/libvalidator-842ac5462282c609.rmeta --cap-lints=warn`
     Running `sccache /home/jaime/.rustup/toolchains/1.94.1-x86_64-unknown-linux-gnu/bin/rustc --crate-name validation --edition=2024 serverust-core/tests/validation.rs --error-format=json --json=diagnostic-rendered-ansi,artifacts,future-incompat --emit=dep-info,metadata -C embed-bitcode=no -C debuginfo=line-tables-only -C split-debuginfo=unpacked --test --check-cfg 'cfg(docsrs,test)' --check-cfg 'cfg(feature, values())' -C metadata=afdfeef2f5ca5fba -C extra-filename=-58eb2d3738b3e6d5 --out-dir /mnt/xs1000/me/serverust/target/debug/deps -C incremental=/mnt/xs1000/me/serverust/target/debug/incremental -L dependency=/mnt/xs1000/me/serverust/target/debug/deps --extern axum=/mnt/xs1000/me/serverust/target/debug/deps/libaxum-5ea9af6d76816ad3.rmeta --extern figment=/mnt/xs1000/me/serverust/target/debug/deps/libfigment-7b93e84c5f248059.rmeta --extern http=/mnt/xs1000/me/serverust/target/debug/deps/libhttp-db293744f4dc6c64.rmeta --extern http_body_util=/mnt/xs1000/me/serverust/target/debug/deps/libhttp_body_util-8abe2c634d282bae.rmeta --extern serde=/mnt/xs1000/me/serverust/target/debug/deps/libserde-2364bf7e46dcf1f7.rmeta --extern serde_json=/mnt/xs1000/me/serverust/target/debug/deps/libserde_json-160c3deb79b518a0.rmeta --extern serverust_core=/mnt/xs1000/me/serverust/target/debug/deps/libserverust_core-6b90ce9dc7ca54ef.rmeta --extern serverust_macros=/mnt/xs1000/me/serverust/target/debug/deps/libserverust_macros-1c830accf2b068cf.so --extern tempfile=/mnt/xs1000/me/serverust/target/debug/deps/libtempfile-5802b02497129cd5.rmeta --extern tokio=/mnt/xs1000/me/serverust/target/debug/deps/libtokio-8f728c5e98a2fe69.rmeta --extern tower=/mnt/xs1000/me/serverust/target/debug/deps/libtower-77254fb48b0b18ab.rmeta --extern utoipa=/mnt/xs1000/me/serverust/target/debug/deps/libutoipa-174ec1f3aafc7964.rmeta --extern uuid=/mnt/xs1000/me/serverust/target/debug/deps/libuuid-bef1cfe4eff66385.rmeta --extern validator=/mnt/xs1000/me/serverust/target/debug/deps/libvalidator-842ac5462282c609.rmeta --cap-lints=warn`
     Running `sccache /home/jaime/.rustup/toolchains/1.94.1-x86_64-unknown-linux-gnu/bin/rustc --crate-name config --edition=2024 serverust-core/tests/config.rs --error-format=json --json=diagnostic-rendered-ansi,artifacts,future-incompat --emit=dep-info,metadata -C embed-bitcode=no -C debuginfo=line-tables-only -C split-debuginfo=unpacked --test --check-cfg 'cfg(docsrs,test)' --check-cfg 'cfg(feature, values())' -C metadata=34be645478da45fd -C extra-filename=-58ecfd575ea6dab9 --out-dir /mnt/xs1000/me/serverust/target/debug/deps -C incremental=/mnt/xs1000/me/serverust/target/debug/incremental -L dependency=/mnt/xs1000/me/serverust/target/debug/deps --extern axum=/mnt/xs1000/me/serverust/target/debug/deps/libaxum-5ea9af6d76816ad3.rmeta --extern figment=/mnt/xs1000/me/serverust/target/debug/deps/libfigment-7b93e84c5f248059.rmeta --extern http=/mnt/xs1000/me/serverust/target/debug/deps/libhttp-db293744f4dc6c64.rmeta --extern http_body_util=/mnt/xs1000/me/serverust/target/debug/deps/libhttp_body_util-8abe2c634d282bae.rmeta --extern serde=/mnt/xs1000/me/serverust/target/debug/deps/libserde-2364bf7e46dcf1f7.rmeta --extern serde_json=/mnt/xs1000/me/serverust/target/debug/deps/libserde_json-160c3deb79b518a0.rmeta --extern serverust_core=/mnt/xs1000/me/serverust/target/debug/deps/libserverust_core-6b90ce9dc7ca54ef.rmeta --extern serverust_macros=/mnt/xs1000/me/serverust/target/debug/deps/libserverust_macros-1c830accf2b068cf.so --extern tempfile=/mnt/xs1000/me/serverust/target/debug/deps/libtempfile-5802b02497129cd5.rmeta --extern tokio=/mnt/xs1000/me/serverust/target/debug/deps/libtokio-8f728c5e98a2fe69.rmeta --extern tower=/mnt/xs1000/me/serverust/target/debug/deps/libtower-77254fb48b0b18ab.rmeta --extern utoipa=/mnt/xs1000/me/serverust/target/debug/deps/libutoipa-174ec1f3aafc7964.rmeta --extern uuid=/mnt/xs1000/me/serverust/target/debug/deps/libuuid-bef1cfe4eff66385.rmeta --extern validator=/mnt/xs1000/me/serverust/target/debug/deps/libvalidator-842ac5462282c609.rmeta --cap-lints=warn`
     Running `sccache /home/jaime/.rustup/toolchains/1.94.1-x86_64-unknown-linux-gnu/bin/rustc --crate-name events --edition=2024 serverust-core/tests/events.rs --error-format=json --json=diagnostic-rendered-ansi,artifacts,future-incompat --emit=dep-info,metadata -C embed-bitcode=no -C debuginfo=line-tables-only -C split-debuginfo=unpacked --test --check-cfg 'cfg(docsrs,test)' --check-cfg 'cfg(feature, values())' -C metadata=11b43b076b983a14 -C extra-filename=-71555717ccfd4aa8 --out-dir /mnt/xs1000/me/serverust/target/debug/deps -C incremental=/mnt/xs1000/me/serverust/target/debug/incremental -L dependency=/mnt/xs1000/me/serverust/target/debug/deps --extern axum=/mnt/xs1000/me/serverust/target/debug/deps/libaxum-5ea9af6d76816ad3.rmeta --extern figment=/mnt/xs1000/me/serverust/target/debug/deps/libfigment-7b93e84c5f248059.rmeta --extern http=/mnt/xs1000/me/serverust/target/debug/deps/libhttp-db293744f4dc6c64.rmeta --extern http_body_util=/mnt/xs1000/me/serverust/target/debug/deps/libhttp_body_util-8abe2c634d282bae.rmeta --extern serde=/mnt/xs1000/me/serverust/target/debug/deps/libserde-2364bf7e46dcf1f7.rmeta --extern serde_json=/mnt/xs1000/me/serverust/target/debug/deps/libserde_json-160c3deb79b518a0.rmeta --extern serverust_core=/mnt/xs1000/me/serverust/target/debug/deps/libserverust_core-6b90ce9dc7ca54ef.rmeta --extern serverust_macros=/mnt/xs1000/me/serverust/target/debug/deps/libserverust_macros-1c830accf2b068cf.so --extern tempfile=/mnt/xs1000/me/serverust/target/debug/deps/libtempfile-5802b02497129cd5.rmeta --extern tokio=/mnt/xs1000/me/serverust/target/debug/deps/libtokio-8f728c5e98a2fe69.rmeta --extern tower=/mnt/xs1000/me/serverust/target/debug/deps/libtower-77254fb48b0b18ab.rmeta --extern utoipa=/mnt/xs1000/me/serverust/target/debug/deps/libutoipa-174ec1f3aafc7964.rmeta --extern uuid=/mnt/xs1000/me/serverust/target/debug/deps/libuuid-bef1cfe4eff66385.rmeta --extern validator=/mnt/xs1000/me/serverust/target/debug/deps/libvalidator-842ac5462282c609.rmeta --cap-lints=warn`
     Running `sccache /home/jaime/.rustup/toolchains/1.94.1-x86_64-unknown-linux-gnu/bin/rustc --crate-name middleware --edition=2024 serverust-core/tests/middleware.rs --error-format=json --json=diagnostic-rendered-ansi,artifacts,future-incompat --emit=dep-info,metadata -C embed-bitcode=no -C debuginfo=line-tables-only -C split-debuginfo=unpacked --test --check-cfg 'cfg(docsrs,test)' --check-cfg 'cfg(feature, values())' -C metadata=7c6d2582a331f349 -C extra-filename=-2c6c2de9de233995 --out-dir /mnt/xs1000/me/serverust/target/debug/deps -C incremental=/mnt/xs1000/me/serverust/target/debug/incremental -L dependency=/mnt/xs1000/me/serverust/target/debug/deps --extern axum=/mnt/xs1000/me/serverust/target/debug/deps/libaxum-5ea9af6d76816ad3.rmeta --extern figment=/mnt/xs1000/me/serverust/target/debug/deps/libfigment-7b93e84c5f248059.rmeta --extern http=/mnt/xs1000/me/serverust/target/debug/deps/libhttp-db293744f4dc6c64.rmeta --extern http_body_util=/mnt/xs1000/me/serverust/target/debug/deps/libhttp_body_util-8abe2c634d282bae.rmeta --extern serde=/mnt/xs1000/me/serverust/target/debug/deps/libserde-2364bf7e46dcf1f7.rmeta --extern serde_json=/mnt/xs1000/me/serverust/target/debug/deps/libserde_json-160c3deb79b518a0.rmeta --extern serverust_core=/mnt/xs1000/me/serverust/target/debug/deps/libserverust_core-6b90ce9dc7ca54ef.rmeta --extern serverust_macros=/mnt/xs1000/me/serverust/target/debug/deps/libserverust_macros-1c830accf2b068cf.so --extern tempfile=/mnt/xs1000/me/serverust/target/debug/deps/libtempfile-5802b02497129cd5.rmeta --extern tokio=/mnt/xs1000/me/serverust/target/debug/deps/libtokio-8f728c5e98a2fe69.rmeta --extern tower=/mnt/xs1000/me/serverust/target/debug/deps/libtower-77254fb48b0b18ab.rmeta --extern utoipa=/mnt/xs1000/me/serverust/target/debug/deps/libutoipa-174ec1f3aafc7964.rmeta --extern uuid=/mnt/xs1000/me/serverust/target/debug/deps/libuuid-bef1cfe4eff66385.rmeta --extern validator=/mnt/xs1000/me/serverust/target/debug/deps/libvalidator-842ac5462282c609.rmeta --cap-lints=warn`
     Running `sccache /home/jaime/.rustup/toolchains/1.94.1-x86_64-unknown-linux-gnu/bin/rustc --crate-name di --edition=2024 serverust-core/tests/di.rs --error-format=json --json=diagnostic-rendered-ansi,artifacts,future-incompat --emit=dep-info,metadata -C embed-bitcode=no -C debuginfo=line-tables-only -C split-debuginfo=unpacked --test --check-cfg 'cfg(docsrs,test)' --check-cfg 'cfg(feature, values())' -C metadata=5764e44f0b29b5b9 -C extra-filename=-0e0aff3f6de676f9 --out-dir /mnt/xs1000/me/serverust/target/debug/deps -C incremental=/mnt/xs1000/me/serverust/target/debug/incremental -L dependency=/mnt/xs1000/me/serverust/target/debug/deps --extern axum=/mnt/xs1000/me/serverust/target/debug/deps/libaxum-5ea9af6d76816ad3.rmeta --extern figment=/mnt/xs1000/me/serverust/target/debug/deps/libfigment-7b93e84c5f248059.rmeta --extern http=/mnt/xs1000/me/serverust/target/debug/deps/libhttp-db293744f4dc6c64.rmeta --extern http_body_util=/mnt/xs1000/me/serverust/target/debug/deps/libhttp_body_util-8abe2c634d282bae.rmeta --extern serde=/mnt/xs1000/me/serverust/target/debug/deps/libserde-2364bf7e46dcf1f7.rmeta --extern serde_json=/mnt/xs1000/me/serverust/target/debug/deps/libserde_json-160c3deb79b518a0.rmeta --extern serverust_core=/mnt/xs1000/me/serverust/target/debug/deps/libserverust_core-6b90ce9dc7ca54ef.rmeta --extern serverust_macros=/mnt/xs1000/me/serverust/target/debug/deps/libserverust_macros-1c830accf2b068cf.so --extern tempfile=/mnt/xs1000/me/serverust/target/debug/deps/libtempfile-5802b02497129cd5.rmeta --extern tokio=/mnt/xs1000/me/serverust/target/debug/deps/libtokio-8f728c5e98a2fe69.rmeta --extern tower=/mnt/xs1000/me/serverust/target/debug/deps/libtower-77254fb48b0b18ab.rmeta --extern utoipa=/mnt/xs1000/me/serverust/target/debug/deps/libutoipa-174ec1f3aafc7964.rmeta --extern uuid=/mnt/xs1000/me/serverust/target/debug/deps/libuuid-bef1cfe4eff66385.rmeta --extern validator=/mnt/xs1000/me/serverust/target/debug/deps/libvalidator-842ac5462282c609.rmeta --cap-lints=warn`
     Running `sccache /home/jaime/.rustup/toolchains/1.94.1-x86_64-unknown-linux-gnu/bin/rustc --crate-name openapi --edition=2024 serverust-core/tests/openapi.rs --error-format=json --json=diagnostic-rendered-ansi,artifacts,future-incompat --emit=dep-info,metadata -C embed-bitcode=no -C debuginfo=line-tables-only -C split-debuginfo=unpacked --test --check-cfg 'cfg(docsrs,test)' --check-cfg 'cfg(feature, values())' -C metadata=9c62522af73850fa -C extra-filename=-537ed590e227b7d8 --out-dir /mnt/xs1000/me/serverust/target/debug/deps -C incremental=/mnt/xs1000/me/serverust/target/debug/incremental -L dependency=/mnt/xs1000/me/serverust/target/debug/deps --extern axum=/mnt/xs1000/me/serverust/target/debug/deps/libaxum-5ea9af6d76816ad3.rmeta --extern figment=/mnt/xs1000/me/serverust/target/debug/deps/libfigment-7b93e84c5f248059.rmeta --extern http=/mnt/xs1000/me/serverust/target/debug/deps/libhttp-db293744f4dc6c64.rmeta --extern http_body_util=/mnt/xs1000/me/serverust/target/debug/deps/libhttp_body_util-8abe2c634d282bae.rmeta --extern serde=/mnt/xs1000/me/serverust/target/debug/deps/libserde-2364bf7e46dcf1f7.rmeta --extern serde_json=/mnt/xs1000/me/serverust/target/debug/deps/libserde_json-160c3deb79b518a0.rmeta --extern serverust_core=/mnt/xs1000/me/serverust/target/debug/deps/libserverust_core-6b90ce9dc7ca54ef.rmeta --extern serverust_macros=/mnt/xs1000/me/serverust/target/debug/deps/libserverust_macros-1c830accf2b068cf.so --extern tempfile=/mnt/xs1000/me/serverust/target/debug/deps/libtempfile-5802b02497129cd5.rmeta --extern tokio=/mnt/xs1000/me/serverust/target/debug/deps/libtokio-8f728c5e98a2fe69.rmeta --extern tower=/mnt/xs1000/me/serverust/target/debug/deps/libtower-77254fb48b0b18ab.rmeta --extern utoipa=/mnt/xs1000/me/serverust/target/debug/deps/libutoipa-174ec1f3aafc7964.rmeta --extern uuid=/mnt/xs1000/me/serverust/target/debug/deps/libuuid-bef1cfe4eff66385.rmeta --extern validator=/mnt/xs1000/me/serverust/target/debug/deps/libvalidator-842ac5462282c609.rmeta --cap-lints=warn`
     Running `sccache /home/jaime/.rustup/toolchains/1.94.1-x86_64-unknown-linux-gnu/bin/rustc --crate-name cli_parse --edition=2024 serverust-cli/tests/cli_parse.rs --error-format=json --json=diagnostic-rendered-ansi,artifacts,future-incompat --emit=dep-info,metadata -C embed-bitcode=no -C debuginfo=line-tables-only -C split-debuginfo=unpacked --test --check-cfg 'cfg(docsrs,test)' --check-cfg 'cfg(feature, values())' -C metadata=0e8efdedac9a4a51 -C extra-filename=-62af83f384082779 --out-dir /mnt/xs1000/me/serverust/target/debug/deps -C incremental=/mnt/xs1000/me/serverust/target/debug/incremental -L dependency=/mnt/xs1000/me/serverust/target/debug/deps --extern anyhow=/mnt/xs1000/me/serverust/target/debug/deps/libanyhow-8826cf938f220741.rmeta --extern aws_config=/mnt/xs1000/me/serverust/target/debug/deps/libaws_config-cee185d439f41d10.rmeta --extern aws_sdk_sqs=/mnt/xs1000/me/serverust/target/debug/deps/libaws_sdk_sqs-a0918f240c49ae52.rmeta --extern clap=/mnt/xs1000/me/serverust/target/debug/deps/libclap-4562ed59136ef442.rmeta --extern serverust_cli=/mnt/xs1000/me/serverust/target/debug/deps/libserverust_cli-a09f05042a5bb76e.rmeta --extern tempfile=/mnt/xs1000/me/serverust/target/debug/deps/libtempfile-5802b02497129cd5.rmeta --extern tokio=/mnt/xs1000/me/serverust/target/debug/deps/libtokio-8f728c5e98a2fe69.rmeta --cap-lints=warn -L native=/mnt/xs1000/me/serverust/target/debug/build/ring-5956d144be0c889c/out -L native=/mnt/xs1000/me/serverust/target/debug/build/aws-lc-sys-1abb8240651f9632/out`
     Running `sccache /home/jaime/.rustup/toolchains/1.94.1-x86_64-unknown-linux-gnu/bin/rustc --crate-name asyncapi_cli --edition=2024 serverust-cli/tests/asyncapi_cli.rs --error-format=json --json=diagnostic-rendered-ansi,artifacts,future-incompat --emit=dep-info,metadata -C embed-bitcode=no -C debuginfo=line-tables-only -C split-debuginfo=unpacked --test --check-cfg 'cfg(docsrs,test)' --check-cfg 'cfg(feature, values())' -C metadata=ccca04af4953800e -C extra-filename=-908fdbbaae796a01 --out-dir /mnt/xs1000/me/serverust/target/debug/deps -C incremental=/mnt/xs1000/me/serverust/target/debug/incremental -L dependency=/mnt/xs1000/me/serverust/target/debug/deps --extern anyhow=/mnt/xs1000/me/serverust/target/debug/deps/libanyhow-8826cf938f220741.rmeta --extern aws_config=/mnt/xs1000/me/serverust/target/debug/deps/libaws_config-cee185d439f41d10.rmeta --extern aws_sdk_sqs=/mnt/xs1000/me/serverust/target/debug/deps/libaws_sdk_sqs-a0918f240c49ae52.rmeta --extern clap=/mnt/xs1000/me/serverust/target/debug/deps/libclap-4562ed59136ef442.rmeta --extern serverust_cli=/mnt/xs1000/me/serverust/target/debug/deps/libserverust_cli-a09f05042a5bb76e.rmeta --extern tempfile=/mnt/xs1000/me/serverust/target/debug/deps/libtempfile-5802b02497129cd5.rmeta --extern tokio=/mnt/xs1000/me/serverust/target/debug/deps/libtokio-8f728c5e98a2fe69.rmeta --cap-lints=warn -L native=/mnt/xs1000/me/serverust/target/debug/build/ring-5956d144be0c889c/out -L native=/mnt/xs1000/me/serverust/target/debug/build/aws-lc-sys-1abb8240651f9632/out`
     Running `sccache /home/jaime/.rustup/toolchains/1.94.1-x86_64-unknown-linux-gnu/bin/rustc --crate-name queue_cli --edition=2024 serverust-cli/tests/queue_cli.rs --error-format=json --json=diagnostic-rendered-ansi,artifacts,future-incompat --emit=dep-info,metadata -C embed-bitcode=no -C debuginfo=line-tables-only -C split-debuginfo=unpacked --test --check-cfg 'cfg(docsrs,test)' --check-cfg 'cfg(feature, values())' -C metadata=7330968a1ea1aa9a -C extra-filename=-7197f76f6a01a42b --out-dir /mnt/xs1000/me/serverust/target/debug/deps -C incremental=/mnt/xs1000/me/serverust/target/debug/incremental -L dependency=/mnt/xs1000/me/serverust/target/debug/deps --extern anyhow=/mnt/xs1000/me/serverust/target/debug/deps/libanyhow-8826cf938f220741.rmeta --extern aws_config=/mnt/xs1000/me/serverust/target/debug/deps/libaws_config-cee185d439f41d10.rmeta --extern aws_sdk_sqs=/mnt/xs1000/me/serverust/target/debug/deps/libaws_sdk_sqs-a0918f240c49ae52.rmeta --extern clap=/mnt/xs1000/me/serverust/target/debug/deps/libclap-4562ed59136ef442.rmeta --extern serverust_cli=/mnt/xs1000/me/serverust/target/debug/deps/libserverust_cli-a09f05042a5bb76e.rmeta --extern tempfile=/mnt/xs1000/me/serverust/target/debug/deps/libtempfile-5802b02497129cd5.rmeta --extern tokio=/mnt/xs1000/me/serverust/target/debug/deps/libtokio-8f728c5e98a2fe69.rmeta --cap-lints=warn -L native=/mnt/xs1000/me/serverust/target/debug/build/ring-5956d144be0c889c/out -L native=/mnt/xs1000/me/serverust/target/debug/build/aws-lc-sys-1abb8240651f9632/out`
     Running `sccache /home/jaime/.rustup/toolchains/1.94.1-x86_64-unknown-linux-gnu/bin/rustc --crate-name scaffold --edition=2024 serverust-cli/tests/scaffold.rs --error-format=json --json=diagnostic-rendered-ansi,artifacts,future-incompat --emit=dep-info,metadata -C embed-bitcode=no -C debuginfo=line-tables-only -C split-debuginfo=unpacked --test --check-cfg 'cfg(docsrs,test)' --check-cfg 'cfg(feature, values())' -C metadata=836a9682f876fe57 -C extra-filename=-d4fec0e167b7ca39 --out-dir /mnt/xs1000/me/serverust/target/debug/deps -C incremental=/mnt/xs1000/me/serverust/target/debug/incremental -L dependency=/mnt/xs1000/me/serverust/target/debug/deps --extern anyhow=/mnt/xs1000/me/serverust/target/debug/deps/libanyhow-8826cf938f220741.rmeta --extern aws_config=/mnt/xs1000/me/serverust/target/debug/deps/libaws_config-cee185d439f41d10.rmeta --extern aws_sdk_sqs=/mnt/xs1000/me/serverust/target/debug/deps/libaws_sdk_sqs-a0918f240c49ae52.rmeta --extern clap=/mnt/xs1000/me/serverust/target/debug/deps/libclap-4562ed59136ef442.rmeta --extern serverust_cli=/mnt/xs1000/me/serverust/target/debug/deps/libserverust_cli-a09f05042a5bb76e.rmeta --extern tempfile=/mnt/xs1000/me/serverust/target/debug/deps/libtempfile-5802b02497129cd5.rmeta --extern tokio=/mnt/xs1000/me/serverust/target/debug/deps/libtokio-8f728c5e98a2fe69.rmeta --cap-lints=warn -L native=/mnt/xs1000/me/serverust/target/debug/build/ring-5956d144be0c889c/out -L native=/mnt/xs1000/me/serverust/target/debug/build/aws-lc-sys-1abb8240651f9632/out`
     Running `sccache /home/jaime/.rustup/toolchains/1.94.1-x86_64-unknown-linux-gnu/bin/rustc --crate-name serverust --edition=2024 serverust-cli/src/main.rs --error-format=json --json=diagnostic-rendered-ansi,artifacts,future-incompat --emit=dep-info,metadata -C embed-bitcode=no -C debuginfo=line-tables-only -C split-debuginfo=unpacked --test --check-cfg 'cfg(docsrs,test)' --check-cfg 'cfg(feature, values())' -C metadata=43de257cfafeec56 -C extra-filename=-87e50c96a6257bb8 --out-dir /mnt/xs1000/me/serverust/target/debug/deps -C incremental=/mnt/xs1000/me/serverust/target/debug/incremental -L dependency=/mnt/xs1000/me/serverust/target/debug/deps --extern anyhow=/mnt/xs1000/me/serverust/target/debug/deps/libanyhow-8826cf938f220741.rmeta --extern aws_config=/mnt/xs1000/me/serverust/target/debug/deps/libaws_config-cee185d439f41d10.rmeta --extern aws_sdk_sqs=/mnt/xs1000/me/serverust/target/debug/deps/libaws_sdk_sqs-a0918f240c49ae52.rmeta --extern clap=/mnt/xs1000/me/serverust/target/debug/deps/libclap-4562ed59136ef442.rmeta --extern serverust_cli=/mnt/xs1000/me/serverust/target/debug/deps/libserverust_cli-a09f05042a5bb76e.rmeta --extern tempfile=/mnt/xs1000/me/serverust/target/debug/deps/libtempfile-5802b02497129cd5.rmeta --extern tokio=/mnt/xs1000/me/serverust/target/debug/deps/libtokio-8f728c5e98a2fe69.rmeta --cap-lints=warn -L native=/mnt/xs1000/me/serverust/target/debug/build/ring-5956d144be0c889c/out -L native=/mnt/xs1000/me/serverust/target/debug/build/aws-lc-sys-1abb8240651f9632/out`
     Running `sccache /home/jaime/.rustup/toolchains/1.94.1-x86_64-unknown-linux-gnu/bin/rustc --crate-name commands --edition=2024 serverust-cli/tests/commands.rs --error-format=json --json=diagnostic-rendered-ansi,artifacts,future-incompat --emit=dep-info,metadata -C embed-bitcode=no -C debuginfo=line-tables-only -C split-debuginfo=unpacked --test --check-cfg 'cfg(docsrs,test)' --check-cfg 'cfg(feature, values())' -C metadata=1a6a559936068676 -C extra-filename=-130f1cb8603171c9 --out-dir /mnt/xs1000/me/serverust/target/debug/deps -C incremental=/mnt/xs1000/me/serverust/target/debug/incremental -L dependency=/mnt/xs1000/me/serverust/target/debug/deps --extern anyhow=/mnt/xs1000/me/serverust/target/debug/deps/libanyhow-8826cf938f220741.rmeta --extern aws_config=/mnt/xs1000/me/serverust/target/debug/deps/libaws_config-cee185d439f41d10.rmeta --extern aws_sdk_sqs=/mnt/xs1000/me/serverust/target/debug/deps/libaws_sdk_sqs-a0918f240c49ae52.rmeta --extern clap=/mnt/xs1000/me/serverust/target/debug/deps/libclap-4562ed59136ef442.rmeta --extern serverust_cli=/mnt/xs1000/me/serverust/target/debug/deps/libserverust_cli-a09f05042a5bb76e.rmeta --extern tempfile=/mnt/xs1000/me/serverust/target/debug/deps/libtempfile-5802b02497129cd5.rmeta --extern tokio=/mnt/xs1000/me/serverust/target/debug/deps/libtokio-8f728c5e98a2fe69.rmeta --cap-lints=warn -L native=/mnt/xs1000/me/serverust/target/debug/build/ring-5956d144be0c889c/out -L native=/mnt/xs1000/me/serverust/target/debug/build/aws-lc-sys-1abb8240651f9632/out`
    Finished `dev` profile [unoptimized + debuginfo] target(s) in 2.65s

*** result: Success
