
*** serverust-core/src/openapi.rs:44:9: replace OpenApiState::register_schema with ()

*** mutation diff:
--- serverust-core/src/openapi.rs
+++ replace OpenApiState::register_schema with ()
@@ -36,19 +36,17 @@
         path: impl Into<String>,
         method: HttpMethod,
         op: Operation,
     ) {
         self.paths.push((path.into(), method, op));
     }
 
     pub(crate) fn register_schema<T: ToSchema + PartialSchema>(&mut self) {
-        let name = T::name().into_owned();
-        let schema = <T as PartialSchema>::schema();
-        self.schemas.insert(name, schema);
+        () /* ~ changed by cargo-mutants ~ */
     }
 
     pub(crate) fn build(&self) -> OpenApi {
         let info = InfoBuilder::new()
             .title(self.title.clone().unwrap_or_else(|| "serverust".into()))
             .version(self.version.clone().unwrap_or_else(|| "0.1.0".into()))
             .build();
 


*** /home/jaime/.rustup/toolchains/1.94.1-x86_64-unknown-linux-gnu/bin/cargo check --tests --verbose --package=serverust-core@0.4.0
       Fresh unicode-ident v1.0.24
       Fresh proc-macro2 v1.0.106
       Fresh stable_deref_trait v1.2.1
       Fresh itoa v1.0.18
       Fresh version_check v0.9.5
       Fresh pin-project-lite v0.2.17
       Fresh smallvec v1.15.1
       Fresh futures-core v0.3.32
       Fresh litemap v0.8.2
       Fresh writeable v0.6.3
       Fresh bytes v1.11.1
       Fresh utf8_iter v1.0.4
       Fresh http v1.4.0
       Fresh strsim v0.11.1
       Fresh fnv v1.0.7
       Fresh equivalent v1.0.2
       Fresh ident_case v1.0.1
       Fresh percent-encoding v2.3.2
       Fresh quote v1.0.45
       Fresh serde_core v1.0.228
       Fresh libc v0.2.186
       Fresh icu_normalizer_data v2.2.0
       Fresh icu_properties_data v2.2.0
       Fresh http-body v1.0.1
       Fresh hashbrown v0.17.1
       Fresh form_urlencoded v1.2.2
       Fresh tracing-core v0.1.36
       Fresh tower-service v0.3.3
       Fresh log v0.4.29
       Fresh syn v2.0.117
       Fresh mio v1.2.0
       Fresh socket2 v0.6.3
       Fresh zmij v1.0.21
       Fresh indexmap v2.14.0
       Fresh memchr v2.8.0
       Fresh httparse v1.10.1
       Fresh proc-macro-error-attr2 v2.0.0
       Fresh tracing v0.1.44
       Fresh futures-channel v0.3.32
       Fresh tower-layer v0.3.3
       Fresh httpdate v1.0.3
       Fresh atomic-waker v1.1.2
       Fresh slab v0.4.12
       Fresh regex-syntax v0.8.10
       Fresh synstructure v0.13.2
       Fresh zerovec-derive v0.11.3
       Fresh displaydoc v0.2.5
       Fresh serde_derive v1.0.228
       Fresh tokio-macros v2.7.0
       Fresh darling_core v0.20.11
       Fresh serde_json v1.0.149
       Fresh proc-macro2-diagnostics v0.10.1
       Fresh cfg-if v1.0.4
       Fresh winnow v0.7.15
       Fresh toml_write v0.1.2
       Fresh sync_wrapper v1.0.2
       Fresh futures-task v0.3.32
       Fresh regex-automata v0.4.14
       Fresh proc-macro-error2 v2.0.1
       Fresh http-body-util v0.1.3
       Fresh zerofrom-derive v0.1.7
       Fresh yoke-derive v0.8.2
       Fresh serde v1.0.228
       Fresh tokio v1.52.3
       Fresh darling_macro v0.20.11
       Fresh pear_codegen v0.2.9
       Fresh getrandom v0.4.2
       Fresh futures-util v0.3.32
       Fresh inlinable_string v0.1.15
       Fresh once_cell v1.21.4
       Fresh mime v0.3.17
       Fresh yansi v1.0.1
       Fresh ryu v1.0.23
       Fresh regex v1.12.3
       Fresh uncased v0.9.10
       Fresh zerofrom v0.1.8
       Fresh toml_datetime v0.6.11
       Fresh serde_spanned v0.6.9
       Fresh hyper v1.9.0
       Fresh darling v0.20.11
       Fresh pear v0.2.9
       Fresh tower v0.5.3
       Fresh serde_urlencoded v0.7.1
       Fresh axum-core v0.5.6
       Fresh utoipa-gen v5.5.0
       Fresh serde_path_to_error v0.1.20
       Fresh matchit v0.8.4
       Fresh bitflags v2.11.1
       Fresh linux-raw-sys v0.12.1
       Fresh uuid v1.23.1
       Fresh yoke v0.8.2
       Fresh toml_edit v0.22.27
       Fresh validator_derive v0.20.0
       Fresh hyper-util v0.1.20
       Fresh utoipa v5.5.0
       Fresh rustix v1.1.4
       Fresh fastrand v2.4.1
       Fresh serverust-macros v0.4.0 (/mnt/xs1000/me/serverust/serverust-macros)
       Fresh zerovec v0.11.6
       Fresh zerotrie v0.2.4
       Fresh toml v0.8.23
       Fresh axum v0.8.9
       Fresh tempfile v3.27.0
       Fresh tinystr v0.8.3
       Fresh potential_utf v0.1.5
       Fresh figment v0.10.19
       Fresh icu_locale_core v2.2.0
       Fresh icu_collections v2.2.0
       Fresh icu_provider v2.2.0
       Fresh icu_properties v2.2.0
       Fresh icu_normalizer v2.2.0
       Fresh idna_adapter v1.2.2
       Fresh idna v1.1.0
       Fresh url v2.5.8
       Fresh validator v0.20.0
       Dirty serverust-core v0.4.0 (/mnt/xs1000/me/serverust/serverust-core): the file `serverust-core/src/openapi.rs` has changed (1789346517.236688827s, 2s after last build at 1789346515.797663514s)
    Checking serverust-core v0.4.0 (/mnt/xs1000/me/serverust/serverust-core)
     Running `sccache /home/jaime/.rustup/toolchains/1.94.1-x86_64-unknown-linux-gnu/bin/rustc --crate-name serverust_core --edition=2024 serverust-core/src/lib.rs --error-format=json --json=diagnostic-rendered-ansi,artifacts,future-incompat --emit=dep-info,metadata -C embed-bitcode=no -C debuginfo=line-tables-only -C split-debuginfo=unpacked --test --check-cfg 'cfg(docsrs,test)' --check-cfg 'cfg(feature, values())' -C metadata=5a4d9ae694462779 -C extra-filename=-2f4c1ae9cc6f23ac --out-dir /mnt/xs1000/me/serverust/target/debug/deps -C incremental=/mnt/xs1000/me/serverust/target/debug/incremental -L dependency=/mnt/xs1000/me/serverust/target/debug/deps --extern axum=/mnt/xs1000/me/serverust/target/debug/deps/libaxum-05f23b088e6464f3.rmeta --extern figment=/mnt/xs1000/me/serverust/target/debug/deps/libfigment-7b93e84c5f248059.rmeta --extern http=/mnt/xs1000/me/serverust/target/debug/deps/libhttp-db293744f4dc6c64.rmeta --extern http_body_util=/mnt/xs1000/me/serverust/target/debug/deps/libhttp_body_util-8abe2c634d282bae.rmeta --extern serde=/mnt/xs1000/me/serverust/target/debug/deps/libserde-2364bf7e46dcf1f7.rmeta --extern serde_json=/mnt/xs1000/me/serverust/target/debug/deps/libserde_json-160c3deb79b518a0.rmeta --extern serverust_macros=/mnt/xs1000/me/serverust/target/debug/deps/libserverust_macros-1c830accf2b068cf.so --extern tempfile=/mnt/xs1000/me/serverust/target/debug/deps/libtempfile-5802b02497129cd5.rmeta --extern tokio=/mnt/xs1000/me/serverust/target/debug/deps/libtokio-029fd4fb2b5a88af.rmeta --extern tower=/mnt/xs1000/me/serverust/target/debug/deps/libtower-528c54037cafdf16.rmeta --extern utoipa=/mnt/xs1000/me/serverust/target/debug/deps/libutoipa-174ec1f3aafc7964.rmeta --extern uuid=/mnt/xs1000/me/serverust/target/debug/deps/libuuid-bef1cfe4eff66385.rmeta --extern validator=/mnt/xs1000/me/serverust/target/debug/deps/libvalidator-842ac5462282c609.rmeta --cap-lints=warn`
     Running `sccache /home/jaime/.rustup/toolchains/1.94.1-x86_64-unknown-linux-gnu/bin/rustc --crate-name serverust_core --edition=2024 serverust-core/src/lib.rs --error-format=json --json=diagnostic-rendered-ansi,artifacts,future-incompat --crate-type lib --emit=dep-info,metadata -C embed-bitcode=no -C debuginfo=line-tables-only -C split-debuginfo=unpacked --check-cfg 'cfg(docsrs,test)' --check-cfg 'cfg(feature, values())' -C metadata=2533559b1158e883 -C extra-filename=-fe1c838967f79fec --out-dir /mnt/xs1000/me/serverust/target/debug/deps -C incremental=/mnt/xs1000/me/serverust/target/debug/incremental -L dependency=/mnt/xs1000/me/serverust/target/debug/deps --extern axum=/mnt/xs1000/me/serverust/target/debug/deps/libaxum-05f23b088e6464f3.rmeta --extern figment=/mnt/xs1000/me/serverust/target/debug/deps/libfigment-7b93e84c5f248059.rmeta --extern http=/mnt/xs1000/me/serverust/target/debug/deps/libhttp-db293744f4dc6c64.rmeta --extern serde=/mnt/xs1000/me/serverust/target/debug/deps/libserde-2364bf7e46dcf1f7.rmeta --extern serde_json=/mnt/xs1000/me/serverust/target/debug/deps/libserde_json-160c3deb79b518a0.rmeta --extern tokio=/mnt/xs1000/me/serverust/target/debug/deps/libtokio-029fd4fb2b5a88af.rmeta --extern tower=/mnt/xs1000/me/serverust/target/debug/deps/libtower-528c54037cafdf16.rmeta --extern utoipa=/mnt/xs1000/me/serverust/target/debug/deps/libutoipa-174ec1f3aafc7964.rmeta --extern uuid=/mnt/xs1000/me/serverust/target/debug/deps/libuuid-bef1cfe4eff66385.rmeta --extern validator=/mnt/xs1000/me/serverust/target/debug/deps/libvalidator-842ac5462282c609.rmeta --cap-lints=warn`
     Running `sccache /home/jaime/.rustup/toolchains/1.94.1-x86_64-unknown-linux-gnu/bin/rustc --crate-name openapi --edition=2024 serverust-core/tests/openapi.rs --error-format=json --json=diagnostic-rendered-ansi,artifacts,future-incompat --emit=dep-info,metadata -C embed-bitcode=no -C debuginfo=line-tables-only -C split-debuginfo=unpacked --test --check-cfg 'cfg(docsrs,test)' --check-cfg 'cfg(feature, values())' -C metadata=9d7e5b8d070a8e0c -C extra-filename=-dd264430aeb6f83a --out-dir /mnt/xs1000/me/serverust/target/debug/deps -C incremental=/mnt/xs1000/me/serverust/target/debug/incremental -L dependency=/mnt/xs1000/me/serverust/target/debug/deps --extern axum=/mnt/xs1000/me/serverust/target/debug/deps/libaxum-05f23b088e6464f3.rmeta --extern figment=/mnt/xs1000/me/serverust/target/debug/deps/libfigment-7b93e84c5f248059.rmeta --extern http=/mnt/xs1000/me/serverust/target/debug/deps/libhttp-db293744f4dc6c64.rmeta --extern http_body_util=/mnt/xs1000/me/serverust/target/debug/deps/libhttp_body_util-8abe2c634d282bae.rmeta --extern serde=/mnt/xs1000/me/serverust/target/debug/deps/libserde-2364bf7e46dcf1f7.rmeta --extern serde_json=/mnt/xs1000/me/serverust/target/debug/deps/libserde_json-160c3deb79b518a0.rmeta --extern serverust_core=/mnt/xs1000/me/serverust/target/debug/deps/libserverust_core-fe1c838967f79fec.rmeta --extern serverust_macros=/mnt/xs1000/me/serverust/target/debug/deps/libserverust_macros-1c830accf2b068cf.so --extern tempfile=/mnt/xs1000/me/serverust/target/debug/deps/libtempfile-5802b02497129cd5.rmeta --extern tokio=/mnt/xs1000/me/serverust/target/debug/deps/libtokio-029fd4fb2b5a88af.rmeta --extern tower=/mnt/xs1000/me/serverust/target/debug/deps/libtower-528c54037cafdf16.rmeta --extern utoipa=/mnt/xs1000/me/serverust/target/debug/deps/libutoipa-174ec1f3aafc7964.rmeta --extern uuid=/mnt/xs1000/me/serverust/target/debug/deps/libuuid-bef1cfe4eff66385.rmeta --extern validator=/mnt/xs1000/me/serverust/target/debug/deps/libvalidator-842ac5462282c609.rmeta --cap-lints=warn`
     Running `sccache /home/jaime/.rustup/toolchains/1.94.1-x86_64-unknown-linux-gnu/bin/rustc --crate-name middleware --edition=2024 serverust-core/tests/middleware.rs --error-format=json --json=diagnostic-rendered-ansi,artifacts,future-incompat --emit=dep-info,metadata -C embed-bitcode=no -C debuginfo=line-tables-only -C split-debuginfo=unpacked --test --check-cfg 'cfg(docsrs,test)' --check-cfg 'cfg(feature, values())' -C metadata=b726e60a15c78fae -C extra-filename=-6c66e714e6cf8887 --out-dir /mnt/xs1000/me/serverust/target/debug/deps -C incremental=/mnt/xs1000/me/serverust/target/debug/incremental -L dependency=/mnt/xs1000/me/serverust/target/debug/deps --extern axum=/mnt/xs1000/me/serverust/target/debug/deps/libaxum-05f23b088e6464f3.rmeta --extern figment=/mnt/xs1000/me/serverust/target/debug/deps/libfigment-7b93e84c5f248059.rmeta --extern http=/mnt/xs1000/me/serverust/target/debug/deps/libhttp-db293744f4dc6c64.rmeta --extern http_body_util=/mnt/xs1000/me/serverust/target/debug/deps/libhttp_body_util-8abe2c634d282bae.rmeta --extern serde=/mnt/xs1000/me/serverust/target/debug/deps/libserde-2364bf7e46dcf1f7.rmeta --extern serde_json=/mnt/xs1000/me/serverust/target/debug/deps/libserde_json-160c3deb79b518a0.rmeta --extern serverust_core=/mnt/xs1000/me/serverust/target/debug/deps/libserverust_core-fe1c838967f79fec.rmeta --extern serverust_macros=/mnt/xs1000/me/serverust/target/debug/deps/libserverust_macros-1c830accf2b068cf.so --extern tempfile=/mnt/xs1000/me/serverust/target/debug/deps/libtempfile-5802b02497129cd5.rmeta --extern tokio=/mnt/xs1000/me/serverust/target/debug/deps/libtokio-029fd4fb2b5a88af.rmeta --extern tower=/mnt/xs1000/me/serverust/target/debug/deps/libtower-528c54037cafdf16.rmeta --extern utoipa=/mnt/xs1000/me/serverust/target/debug/deps/libutoipa-174ec1f3aafc7964.rmeta --extern uuid=/mnt/xs1000/me/serverust/target/debug/deps/libuuid-bef1cfe4eff66385.rmeta --extern validator=/mnt/xs1000/me/serverust/target/debug/deps/libvalidator-842ac5462282c609.rmeta --cap-lints=warn`
     Running `sccache /home/jaime/.rustup/toolchains/1.94.1-x86_64-unknown-linux-gnu/bin/rustc --crate-name validation --edition=2024 serverust-core/tests/validation.rs --error-format=json --json=diagnostic-rendered-ansi,artifacts,future-incompat --emit=dep-info,metadata -C embed-bitcode=no -C debuginfo=line-tables-only -C split-debuginfo=unpacked --test --check-cfg 'cfg(docsrs,test)' --check-cfg 'cfg(feature, values())' -C metadata=7c54e6357bc5cc41 -C extra-filename=-822885535a41a425 --out-dir /mnt/xs1000/me/serverust/target/debug/deps -C incremental=/mnt/xs1000/me/serverust/target/debug/incremental -L dependency=/mnt/xs1000/me/serverust/target/debug/deps --extern axum=/mnt/xs1000/me/serverust/target/debug/deps/libaxum-05f23b088e6464f3.rmeta --extern figment=/mnt/xs1000/me/serverust/target/debug/deps/libfigment-7b93e84c5f248059.rmeta --extern http=/mnt/xs1000/me/serverust/target/debug/deps/libhttp-db293744f4dc6c64.rmeta --extern http_body_util=/mnt/xs1000/me/serverust/target/debug/deps/libhttp_body_util-8abe2c634d282bae.rmeta --extern serde=/mnt/xs1000/me/serverust/target/debug/deps/libserde-2364bf7e46dcf1f7.rmeta --extern serde_json=/mnt/xs1000/me/serverust/target/debug/deps/libserde_json-160c3deb79b518a0.rmeta --extern serverust_core=/mnt/xs1000/me/serverust/target/debug/deps/libserverust_core-fe1c838967f79fec.rmeta --extern serverust_macros=/mnt/xs1000/me/serverust/target/debug/deps/libserverust_macros-1c830accf2b068cf.so --extern tempfile=/mnt/xs1000/me/serverust/target/debug/deps/libtempfile-5802b02497129cd5.rmeta --extern tokio=/mnt/xs1000/me/serverust/target/debug/deps/libtokio-029fd4fb2b5a88af.rmeta --extern tower=/mnt/xs1000/me/serverust/target/debug/deps/libtower-528c54037cafdf16.rmeta --extern utoipa=/mnt/xs1000/me/serverust/target/debug/deps/libutoipa-174ec1f3aafc7964.rmeta --extern uuid=/mnt/xs1000/me/serverust/target/debug/deps/libuuid-bef1cfe4eff66385.rmeta --extern validator=/mnt/xs1000/me/serverust/target/debug/deps/libvalidator-842ac5462282c609.rmeta --cap-lints=warn`
     Running `sccache /home/jaime/.rustup/toolchains/1.94.1-x86_64-unknown-linux-gnu/bin/rustc --crate-name events --edition=2024 serverust-core/tests/events.rs --error-format=json --json=diagnostic-rendered-ansi,artifacts,future-incompat --emit=dep-info,metadata -C embed-bitcode=no -C debuginfo=line-tables-only -C split-debuginfo=unpacked --test --check-cfg 'cfg(docsrs,test)' --check-cfg 'cfg(feature, values())' -C metadata=3155115c0882fb92 -C extra-filename=-fbbc3f3638369d49 --out-dir /mnt/xs1000/me/serverust/target/debug/deps -C incremental=/mnt/xs1000/me/serverust/target/debug/incremental -L dependency=/mnt/xs1000/me/serverust/target/debug/deps --extern axum=/mnt/xs1000/me/serverust/target/debug/deps/libaxum-05f23b088e6464f3.rmeta --extern figment=/mnt/xs1000/me/serverust/target/debug/deps/libfigment-7b93e84c5f248059.rmeta --extern http=/mnt/xs1000/me/serverust/target/debug/deps/libhttp-db293744f4dc6c64.rmeta --extern http_body_util=/mnt/xs1000/me/serverust/target/debug/deps/libhttp_body_util-8abe2c634d282bae.rmeta --extern serde=/mnt/xs1000/me/serverust/target/debug/deps/libserde-2364bf7e46dcf1f7.rmeta --extern serde_json=/mnt/xs1000/me/serverust/target/debug/deps/libserde_json-160c3deb79b518a0.rmeta --extern serverust_core=/mnt/xs1000/me/serverust/target/debug/deps/libserverust_core-fe1c838967f79fec.rmeta --extern serverust_macros=/mnt/xs1000/me/serverust/target/debug/deps/libserverust_macros-1c830accf2b068cf.so --extern tempfile=/mnt/xs1000/me/serverust/target/debug/deps/libtempfile-5802b02497129cd5.rmeta --extern tokio=/mnt/xs1000/me/serverust/target/debug/deps/libtokio-029fd4fb2b5a88af.rmeta --extern tower=/mnt/xs1000/me/serverust/target/debug/deps/libtower-528c54037cafdf16.rmeta --extern utoipa=/mnt/xs1000/me/serverust/target/debug/deps/libutoipa-174ec1f3aafc7964.rmeta --extern uuid=/mnt/xs1000/me/serverust/target/debug/deps/libuuid-bef1cfe4eff66385.rmeta --extern validator=/mnt/xs1000/me/serverust/target/debug/deps/libvalidator-842ac5462282c609.rmeta --cap-lints=warn`
     Running `sccache /home/jaime/.rustup/toolchains/1.94.1-x86_64-unknown-linux-gnu/bin/rustc --crate-name routes --edition=2024 serverust-core/tests/routes.rs --error-format=json --json=diagnostic-rendered-ansi,artifacts,future-incompat --emit=dep-info,metadata -C embed-bitcode=no -C debuginfo=line-tables-only -C split-debuginfo=unpacked --test --check-cfg 'cfg(docsrs,test)' --check-cfg 'cfg(feature, values())' -C metadata=f727ac1a8ebce762 -C extra-filename=-ed7bb60464eb5dfd --out-dir /mnt/xs1000/me/serverust/target/debug/deps -C incremental=/mnt/xs1000/me/serverust/target/debug/incremental -L dependency=/mnt/xs1000/me/serverust/target/debug/deps --extern axum=/mnt/xs1000/me/serverust/target/debug/deps/libaxum-05f23b088e6464f3.rmeta --extern figment=/mnt/xs1000/me/serverust/target/debug/deps/libfigment-7b93e84c5f248059.rmeta --extern http=/mnt/xs1000/me/serverust/target/debug/deps/libhttp-db293744f4dc6c64.rmeta --extern http_body_util=/mnt/xs1000/me/serverust/target/debug/deps/libhttp_body_util-8abe2c634d282bae.rmeta --extern serde=/mnt/xs1000/me/serverust/target/debug/deps/libserde-2364bf7e46dcf1f7.rmeta --extern serde_json=/mnt/xs1000/me/serverust/target/debug/deps/libserde_json-160c3deb79b518a0.rmeta --extern serverust_core=/mnt/xs1000/me/serverust/target/debug/deps/libserverust_core-fe1c838967f79fec.rmeta --extern serverust_macros=/mnt/xs1000/me/serverust/target/debug/deps/libserverust_macros-1c830accf2b068cf.so --extern tempfile=/mnt/xs1000/me/serverust/target/debug/deps/libtempfile-5802b02497129cd5.rmeta --extern tokio=/mnt/xs1000/me/serverust/target/debug/deps/libtokio-029fd4fb2b5a88af.rmeta --extern tower=/mnt/xs1000/me/serverust/target/debug/deps/libtower-528c54037cafdf16.rmeta --extern utoipa=/mnt/xs1000/me/serverust/target/debug/deps/libutoipa-174ec1f3aafc7964.rmeta --extern uuid=/mnt/xs1000/me/serverust/target/debug/deps/libuuid-bef1cfe4eff66385.rmeta --extern validator=/mnt/xs1000/me/serverust/target/debug/deps/libvalidator-842ac5462282c609.rmeta --cap-lints=warn`
     Running `sccache /home/jaime/.rustup/toolchains/1.94.1-x86_64-unknown-linux-gnu/bin/rustc --crate-name di --edition=2024 serverust-core/tests/di.rs --error-format=json --json=diagnostic-rendered-ansi,artifacts,future-incompat --emit=dep-info,metadata -C embed-bitcode=no -C debuginfo=line-tables-only -C split-debuginfo=unpacked --test --check-cfg 'cfg(docsrs,test)' --check-cfg 'cfg(feature, values())' -C metadata=05cb2064e3e2a648 -C extra-filename=-93c24d692d318468 --out-dir /mnt/xs1000/me/serverust/target/debug/deps -C incremental=/mnt/xs1000/me/serverust/target/debug/incremental -L dependency=/mnt/xs1000/me/serverust/target/debug/deps --extern axum=/mnt/xs1000/me/serverust/target/debug/deps/libaxum-05f23b088e6464f3.rmeta --extern figment=/mnt/xs1000/me/serverust/target/debug/deps/libfigment-7b93e84c5f248059.rmeta --extern http=/mnt/xs1000/me/serverust/target/debug/deps/libhttp-db293744f4dc6c64.rmeta --extern http_body_util=/mnt/xs1000/me/serverust/target/debug/deps/libhttp_body_util-8abe2c634d282bae.rmeta --extern serde=/mnt/xs1000/me/serverust/target/debug/deps/libserde-2364bf7e46dcf1f7.rmeta --extern serde_json=/mnt/xs1000/me/serverust/target/debug/deps/libserde_json-160c3deb79b518a0.rmeta --extern serverust_core=/mnt/xs1000/me/serverust/target/debug/deps/libserverust_core-fe1c838967f79fec.rmeta --extern serverust_macros=/mnt/xs1000/me/serverust/target/debug/deps/libserverust_macros-1c830accf2b068cf.so --extern tempfile=/mnt/xs1000/me/serverust/target/debug/deps/libtempfile-5802b02497129cd5.rmeta --extern tokio=/mnt/xs1000/me/serverust/target/debug/deps/libtokio-029fd4fb2b5a88af.rmeta --extern tower=/mnt/xs1000/me/serverust/target/debug/deps/libtower-528c54037cafdf16.rmeta --extern utoipa=/mnt/xs1000/me/serverust/target/debug/deps/libutoipa-174ec1f3aafc7964.rmeta --extern uuid=/mnt/xs1000/me/serverust/target/debug/deps/libuuid-bef1cfe4eff66385.rmeta --extern validator=/mnt/xs1000/me/serverust/target/debug/deps/libvalidator-842ac5462282c609.rmeta --cap-lints=warn`
     Running `sccache /home/jaime/.rustup/toolchains/1.94.1-x86_64-unknown-linux-gnu/bin/rustc --crate-name config --edition=2024 serverust-core/tests/config.rs --error-format=json --json=diagnostic-rendered-ansi,artifacts,future-incompat --emit=dep-info,metadata -C embed-bitcode=no -C debuginfo=line-tables-only -C split-debuginfo=unpacked --test --check-cfg 'cfg(docsrs,test)' --check-cfg 'cfg(feature, values())' -C metadata=24a30fa58ef386f7 -C extra-filename=-944a28b8f9331aac --out-dir /mnt/xs1000/me/serverust/target/debug/deps -C incremental=/mnt/xs1000/me/serverust/target/debug/incremental -L dependency=/mnt/xs1000/me/serverust/target/debug/deps --extern axum=/mnt/xs1000/me/serverust/target/debug/deps/libaxum-05f23b088e6464f3.rmeta --extern figment=/mnt/xs1000/me/serverust/target/debug/deps/libfigment-7b93e84c5f248059.rmeta --extern http=/mnt/xs1000/me/serverust/target/debug/deps/libhttp-db293744f4dc6c64.rmeta --extern http_body_util=/mnt/xs1000/me/serverust/target/debug/deps/libhttp_body_util-8abe2c634d282bae.rmeta --extern serde=/mnt/xs1000/me/serverust/target/debug/deps/libserde-2364bf7e46dcf1f7.rmeta --extern serde_json=/mnt/xs1000/me/serverust/target/debug/deps/libserde_json-160c3deb79b518a0.rmeta --extern serverust_core=/mnt/xs1000/me/serverust/target/debug/deps/libserverust_core-fe1c838967f79fec.rmeta --extern serverust_macros=/mnt/xs1000/me/serverust/target/debug/deps/libserverust_macros-1c830accf2b068cf.so --extern tempfile=/mnt/xs1000/me/serverust/target/debug/deps/libtempfile-5802b02497129cd5.rmeta --extern tokio=/mnt/xs1000/me/serverust/target/debug/deps/libtokio-029fd4fb2b5a88af.rmeta --extern tower=/mnt/xs1000/me/serverust/target/debug/deps/libtower-528c54037cafdf16.rmeta --extern utoipa=/mnt/xs1000/me/serverust/target/debug/deps/libutoipa-174ec1f3aafc7964.rmeta --extern uuid=/mnt/xs1000/me/serverust/target/debug/deps/libuuid-bef1cfe4eff66385.rmeta --extern validator=/mnt/xs1000/me/serverust/target/debug/deps/libvalidator-842ac5462282c609.rmeta --cap-lints=warn`
    Finished `dev` profile [unoptimized + debuginfo] target(s) in 1.60s

*** result: Success
